******************************************************************************
             TMS320C2000 Linker PC v6.2.0                      
******************************************************************************
>> Linked Tue Jan 02 10:13:08 2018

OUTPUT FILE NAME:   <D01_ADCOSIC_F2808_CCS5.out>
ENTRY POINT SYMBOL: "_c_int00"  address: 003fa6f3


MEMORY CONFIGURATION

         name            origin    length      used     unused   attr    fill
----------------------  --------  ---------  --------  --------  ----  --------
PAGE 0:
  BEGIN                 00000000   00000002  00000002  00000000  RWIX
  RAMM0                 00000002   000003fe  00000035  000003c9  RWIX
  RAML0                 00008000   00001000  00000000  00001000  RWIX
  PRAMH0                003fa000   00001000  000008d6  0000072a  RWIX
  BOOTROM               003ff000   00000fc0  00000000  00000fc0  RWIX
  RESET                 003fffc0   00000002  00000000  00000002  RWIX

PAGE 1:
  BOOT_RSVD             00000400   00000080  00000000  00000080  RWIX
  RAMM1                 00000480   00000380  00000300  00000080  RWIX
  DEV_EMU               00000880   00000180  000000d0  000000b0  RWIX
  FLASH_REGS            00000a80   00000060  00000008  00000058  RWIX
  CSM                   00000ae0   00000010  00000010  00000000  RWIX
  ADC_MIRROR            00000b00   00000010  00000010  00000000  RWIX
  CPU_TIMER0            00000c00   00000008  00000008  00000000  RWIX
  CPU_TIMER1            00000c08   00000008  00000008  00000000  RWIX
  CPU_TIMER2            00000c10   00000008  00000008  00000000  RWIX
  PIE_CTRL              00000ce0   00000020  0000001a  00000006  RWIX
  PIE_VECT              00000d00   00000100  00000100  00000000  RWIX
  ECANA                 00006000   00000040  00000034  0000000c  RWIX
  ECANA_LAM             00006040   00000040  00000040  00000000  RWIX
  ECANA_MOTS            00006080   00000040  00000040  00000000  RWIX
  ECANA_MOTO            000060c0   00000040  00000040  00000000  RWIX
  ECANA_MBOX            00006100   00000100  00000100  00000000  RWIX
  ECANB                 00006200   00000040  00000034  0000000c  RWIX
  ECANB_LAM             00006240   00000040  00000040  00000000  RWIX
  ECANB_MOTS            00006280   00000040  00000040  00000000  RWIX
  ECANB_MOTO            000062c0   00000040  00000040  00000000  RWIX
  ECANB_MBOX            00006300   00000100  00000100  00000000  RWIX
  EPWM1                 00006800   00000022  00000022  00000000  RWIX
  EPWM2                 00006840   00000022  00000022  00000000  RWIX
  EPWM3                 00006880   00000022  00000022  00000000  RWIX
  EPWM4                 000068c0   00000022  00000022  00000000  RWIX
  EPWM5                 00006900   00000022  00000022  00000000  RWIX
  EPWM6                 00006940   00000022  00000022  00000000  RWIX
  ECAP1                 00006a00   00000020  00000020  00000000  RWIX
  ECAP2                 00006a20   00000020  00000020  00000000  RWIX
  ECAP3                 00006a40   00000020  00000020  00000000  RWIX
  ECAP4                 00006a60   00000020  00000020  00000000  RWIX
  EQEP1                 00006b00   00000040  00000040  00000000  RWIX
  EQEP2                 00006b40   00000040  00000040  00000000  RWIX
  GPIOCTRL              00006f80   00000040  00000040  00000000  RWIX
  GPIODAT               00006fc0   00000020  00000020  00000000  RWIX
  GPIOINT               00006fe0   00000020  0000000a  00000016  RWIX
  SYSTEM                00007010   00000020  00000020  00000000  RWIX
  SPIA                  00007040   00000010  00000010  00000000  RWIX
  SCIA                  00007050   00000010  00000010  00000000  RWIX
  XINTRUPT              00007070   00000010  00000010  00000000  RWIX
  ADC                   00007100   00000020  0000001e  00000002  RWIX
  SPIB                  00007740   00000010  00000010  00000000  RWIX
  SCIB                  00007750   00000010  00000010  00000000  RWIX
  SPIC                  00007760   00000010  00000010  00000000  RWIX
  SPID                  00007780   00000010  00000010  00000000  RWIX
  I2CA                  00007900   00000040  00000022  0000001e  RWIX
  CSM_PWL               003f7ff8   00000008  00000008  00000000  RWIX
  DRAMH0                003fb000   00001000  00000520  00000ae0  RWIX


SECTION ALLOCATION MAP

 output                                  attributes/
section   page    origin      length       input sections
--------  ----  ----------  ----------   ----------------
codestart 
*          0    00000000    00000002     
                  00000000    00000002     DSP280x_CodeStartBranch.obj (codestart)

.pinit     0    00000002    00000000     UNINITIALIZED

ramfuncs   0    00000002    0000001f     
                  00000002    0000001b     DSP280x_SysCtrl.obj (ramfuncs)
                  0000001d    00000004     DSP280x_usDelay.obj (ramfuncs)

.cinit     0    00000021    00000016     
                  00000021    0000000a     rts2800_ml.lib : _lock.obj (.cinit)
                  0000002b    0000000a                    : exit.obj (.cinit)
                  00000035    00000002     --HOLE-- [fill = 0]

.text      0    003fa000    000008d6     
                  003fa000    00000145     DSP280x_DefaultIsr.obj (.text:retain)
                  003fa145    0000012a     DSP280x_ECan.obj (.text)
                  003fa26f    00000108     main.obj (.text)
                  003fa377    000000f7     DSP280x_SysCtrl.obj (.text)
                  003fa46e    000000c8     DSP280x_EPwm.obj (.text)
                  003fa536    000000a0     DSP280x_Spi.obj (.text)
                  003fa5d6    0000006d     DSP280x_CpuTimers.obj (.text)
                  003fa643    0000005a     rts2800_ml.lib : fs_mpy.obj (.text)
                  003fa69d    00000056     DSP280x_EQep.obj (.text)
                  003fa6f3    00000044     rts2800_ml.lib : boot.obj (.text)
                  003fa737    0000003c     DSP280x_ECap.obj (.text)
                  003fa773    00000030     DSP280x_Sci.obj (.text)
                  003fa7a3    00000029     rts2800_ml.lib : fs_tol.obj (.text)
                  003fa7cc    00000028     DSP280x_PieCtrl.obj (.text)
                  003fa7f4    00000025     DSP280x_Gpio.obj (.text)
                  003fa819    00000020     DSP280x_PieVect.obj (.text)
                  003fa839    0000001a     rts2800_ml.lib : l_tofs.obj (.text)
                  003fa853    00000019                    : args_main.obj (.text)
                  003fa86c    00000019                    : exit.obj (.text)
                  003fa885    00000017     DSP280x_I2C.obj (.text)
                  003fa89c    00000015     DSP280x_MemCopy.obj (.text)
                  003fa8b1    0000000a     DSP280x_Adc.obj (.text)
                  003fa8bb    00000009     rts2800_ml.lib : _lock.obj (.text)
                  003fa8c4    00000008     DSP280x_CodeStartBranch.obj (.text)
                  003fa8cc    00000007     DSP280x_DisInt.obj (.text)
                  003fa8d3    00000003     DSP280x_DBGIER.obj (.text)

.reset     0    003fffc0    00000002     DSECT
                  003fffc0    00000002     rts2800_ml.lib : boot.obj (.reset)

.stack     1    00000480    00000300     UNINITIALIZED
                  00000480    00000300     --HOLE--

DevEmuRegsFile 
*          1    00000880    000000d0     UNINITIALIZED
                  00000880    000000d0     DSP280x_GlobalVariableDefs.obj (DevEmuRegsFile)

FlashRegsFile 
*          1    00000a80    00000008     UNINITIALIZED
                  00000a80    00000008     DSP280x_GlobalVariableDefs.obj (FlashRegsFile)

CsmRegsFile 
*          1    00000ae0    00000010     UNINITIALIZED
                  00000ae0    00000010     DSP280x_GlobalVariableDefs.obj (CsmRegsFile)

AdcMirrorFile 
*          1    00000b00    00000010     UNINITIALIZED
                  00000b00    00000010     DSP280x_GlobalVariableDefs.obj (AdcMirrorFile)

CpuTimer0RegsFile 
*          1    00000c00    00000008     UNINITIALIZED
                  00000c00    00000008     DSP280x_GlobalVariableDefs.obj (CpuTimer0RegsFile)

CpuTimer1RegsFile 
*          1    00000c08    00000008     UNINITIALIZED
                  00000c08    00000008     DSP280x_GlobalVariableDefs.obj (CpuTimer1RegsFile)

CpuTimer2RegsFile 
*          1    00000c10    00000008     UNINITIALIZED
                  00000c10    00000008     DSP280x_GlobalVariableDefs.obj (CpuTimer2RegsFile)

PieCtrlRegsFile 
*          1    00000ce0    0000001a     UNINITIALIZED
                  00000ce0    0000001a     DSP280x_GlobalVariableDefs.obj (PieCtrlRegsFile)

PieVectTableFile 
*          1    00000d00    00000100     UNINITIALIZED
                  00000d00    00000100     DSP280x_GlobalVariableDefs.obj (PieVectTableFile)

ECanaRegsFile 
*          1    00006000    00000034     UNINITIALIZED
                  00006000    00000034     DSP280x_GlobalVariableDefs.obj (ECanaRegsFile)

ECanaLAMRegsFile 
*          1    00006040    00000040     UNINITIALIZED
                  00006040    00000040     DSP280x_GlobalVariableDefs.obj (ECanaLAMRegsFile)

ECanaMOTSRegsFile 
*          1    00006080    00000040     UNINITIALIZED
                  00006080    00000040     DSP280x_GlobalVariableDefs.obj (ECanaMOTSRegsFile)

ECanaMOTORegsFile 
*          1    000060c0    00000040     UNINITIALIZED
                  000060c0    00000040     DSP280x_GlobalVariableDefs.obj (ECanaMOTORegsFile)

ECanaMboxesFile 
*          1    00006100    00000100     UNINITIALIZED
                  00006100    00000100     DSP280x_GlobalVariableDefs.obj (ECanaMboxesFile)

ECanbRegsFile 
*          1    00006200    00000034     UNINITIALIZED
                  00006200    00000034     DSP280x_GlobalVariableDefs.obj (ECanbRegsFile)

ECanbLAMRegsFile 
*          1    00006240    00000040     UNINITIALIZED
                  00006240    00000040     DSP280x_GlobalVariableDefs.obj (ECanbLAMRegsFile)

ECanbMOTSRegsFile 
*          1    00006280    00000040     UNINITIALIZED
                  00006280    00000040     DSP280x_GlobalVariableDefs.obj (ECanbMOTSRegsFile)

ECanbMOTORegsFile 
*          1    000062c0    00000040     UNINITIALIZED
                  000062c0    00000040     DSP280x_GlobalVariableDefs.obj (ECanbMOTORegsFile)

ECanbMboxesFile 
*          1    00006300    00000100     UNINITIALIZED
                  00006300    00000100     DSP280x_GlobalVariableDefs.obj (ECanbMboxesFile)

EPwm1RegsFile 
*          1    00006800    00000022     UNINITIALIZED
                  00006800    00000022     DSP280x_GlobalVariableDefs.obj (EPwm1RegsFile)

EPwm2RegsFile 
*          1    00006840    00000022     UNINITIALIZED
                  00006840    00000022     DSP280x_GlobalVariableDefs.obj (EPwm2RegsFile)

EPwm3RegsFile 
*          1    00006880    00000022     UNINITIALIZED
                  00006880    00000022     DSP280x_GlobalVariableDefs.obj (EPwm3RegsFile)

EPwm4RegsFile 
*          1    000068c0    00000022     UNINITIALIZED
                  000068c0    00000022     DSP280x_GlobalVariableDefs.obj (EPwm4RegsFile)

EPwm5RegsFile 
*          1    00006900    00000022     UNINITIALIZED
                  00006900    00000022     DSP280x_GlobalVariableDefs.obj (EPwm5RegsFile)

EPwm6RegsFile 
*          1    00006940    00000022     UNINITIALIZED
                  00006940    00000022     DSP280x_GlobalVariableDefs.obj (EPwm6RegsFile)

ECap1RegsFile 
*          1    00006a00    00000020     UNINITIALIZED
                  00006a00    00000020     DSP280x_GlobalVariableDefs.obj (ECap1RegsFile)

ECap2RegsFile 
*          1    00006a20    00000020     UNINITIALIZED
                  00006a20    00000020     DSP280x_GlobalVariableDefs.obj (ECap2RegsFile)

ECap3RegsFile 
*          1    00006a40    00000020     UNINITIALIZED
                  00006a40    00000020     DSP280x_GlobalVariableDefs.obj (ECap3RegsFile)

ECap4RegsFile 
*          1    00006a60    00000020     UNINITIALIZED
                  00006a60    00000020     DSP280x_GlobalVariableDefs.obj (ECap4RegsFile)

EQep1RegsFile 
*          1    00006b00    00000040     UNINITIALIZED
                  00006b00    00000040     DSP280x_GlobalVariableDefs.obj (EQep1RegsFile)

EQep2RegsFile 
*          1    00006b40    00000040     UNINITIALIZED
                  00006b40    00000040     DSP280x_GlobalVariableDefs.obj (EQep2RegsFile)

GpioCtrlRegsFile 
*          1    00006f80    00000040     UNINITIALIZED
                  00006f80    00000040     DSP280x_GlobalVariableDefs.obj (GpioCtrlRegsFile)

GpioDataRegsFile 
*          1    00006fc0    00000020     UNINITIALIZED
                  00006fc0    00000020     DSP280x_GlobalVariableDefs.obj (GpioDataRegsFile)

GpioIntRegsFile 
*          1    00006fe0    0000000a     UNINITIALIZED
                  00006fe0    0000000a     DSP280x_GlobalVariableDefs.obj (GpioIntRegsFile)

SysCtrlRegsFile 
*          1    00007010    00000020     UNINITIALIZED
                  00007010    00000020     DSP280x_GlobalVariableDefs.obj (SysCtrlRegsFile)

SpiaRegsFile 
*          1    00007040    00000010     UNINITIALIZED
                  00007040    00000010     DSP280x_GlobalVariableDefs.obj (SpiaRegsFile)

SciaRegsFile 
*          1    00007050    00000010     UNINITIALIZED
                  00007050    00000010     DSP280x_GlobalVariableDefs.obj (SciaRegsFile)

XIntruptRegsFile 
*          1    00007070    00000010     UNINITIALIZED
                  00007070    00000010     DSP280x_GlobalVariableDefs.obj (XIntruptRegsFile)

AdcRegsFile 
*          1    00007100    0000001e     UNINITIALIZED
                  00007100    0000001e     DSP280x_GlobalVariableDefs.obj (AdcRegsFile)

SpibRegsFile 
*          1    00007740    00000010     UNINITIALIZED
                  00007740    00000010     DSP280x_GlobalVariableDefs.obj (SpibRegsFile)

ScibRegsFile 
*          1    00007750    00000010     UNINITIALIZED
                  00007750    00000010     DSP280x_GlobalVariableDefs.obj (ScibRegsFile)

SpicRegsFile 
*          1    00007760    00000010     UNINITIALIZED
                  00007760    00000010     DSP280x_GlobalVariableDefs.obj (SpicRegsFile)

SpidRegsFile 
*          1    00007780    00000010     UNINITIALIZED
                  00007780    00000010     DSP280x_GlobalVariableDefs.obj (SpidRegsFile)

I2caRegsFile 
*          1    00007900    00000022     UNINITIALIZED
                  00007900    00000022     DSP280x_GlobalVariableDefs.obj (I2caRegsFile)

CsmPwlFile 
*          1    003f7ff8    00000008     UNINITIALIZED
                  003f7ff8    00000008     DSP280x_GlobalVariableDefs.obj (CsmPwlFile)

.ebss      1    003fb000    00000420     UNINITIALIZED
                  003fb000    00000400     main.obj (.ebss)
                  003fb400    00000018     DSP280x_CpuTimers.obj (.ebss)
                  003fb418    00000004     rts2800_ml.lib : _lock.obj (.ebss)
                  003fb41c    00000004                    : exit.obj (.ebss)

.econst    1    003fb420    00000100     
                  003fb420    00000100     DSP280x_PieVect.obj (.econst)


GLOBAL DATA SYMBOLS: SORTED BY DATA PAGE

address     data page           name
--------    ----------------    ----
00000480      12 (00000480)     __stack

00000880      22 (00000880)     _DevEmuRegs

00000a80      2a (00000a80)     _FlashRegs

00000ae0      2b (00000ac0)     _CsmRegs

00000b00      2c (00000b00)     _AdcMirror

00000c00      30 (00000c00)     _CpuTimer0Regs
00000c08      30 (00000c00)     _CpuTimer1Regs
00000c10      30 (00000c00)     _CpuTimer2Regs

00000ce0      33 (00000cc0)     _PieCtrlRegs

00000d00      34 (00000d00)     _PieVectTable

00006000     180 (00006000)     _ECanaRegs

00006040     181 (00006040)     _ECanaLAMRegs

00006080     182 (00006080)     _ECanaMOTSRegs

000060c0     183 (000060c0)     _ECanaMOTORegs

00006100     184 (00006100)     _ECanaMboxes

00006200     188 (00006200)     _ECanbRegs

00006240     189 (00006240)     _ECanbLAMRegs

00006280     18a (00006280)     _ECanbMOTSRegs

000062c0     18b (000062c0)     _ECanbMOTORegs

00006300     18c (00006300)     _ECanbMboxes

00006800     1a0 (00006800)     _EPwm1Regs

00006840     1a1 (00006840)     _EPwm2Regs

00006880     1a2 (00006880)     _EPwm3Regs

000068c0     1a3 (000068c0)     _EPwm4Regs

00006900     1a4 (00006900)     _EPwm5Regs

00006940     1a5 (00006940)     _EPwm6Regs

00006a00     1a8 (00006a00)     _ECap1Regs
00006a20     1a8 (00006a00)     _ECap2Regs

00006a40     1a9 (00006a40)     _ECap3Regs
00006a60     1a9 (00006a40)     _ECap4Regs

00006b00     1ac (00006b00)     _EQep1Regs

00006b40     1ad (00006b40)     _EQep2Regs

00006f80     1be (00006f80)     _GpioCtrlRegs

00006fc0     1bf (00006fc0)     _GpioDataRegs
00006fe0     1bf (00006fc0)     _GpioIntRegs

00007010     1c0 (00007000)     _SysCtrlRegs

00007040     1c1 (00007040)     _SpiaRegs
00007050     1c1 (00007040)     _SciaRegs
00007070     1c1 (00007040)     _XIntruptRegs

00007100     1c4 (00007100)     _AdcRegs

00007740     1dd (00007740)     _SpibRegs
00007750     1dd (00007740)     _ScibRegs
00007760     1dd (00007740)     _SpicRegs

00007780     1de (00007780)     _SpidRegs

00007900     1e4 (00007900)     _I2caRegs

003f7ff8    fdff (003f7fc0)     _CsmPwl

003fb000    fec0 (003fb000)     _SampleTable

003fb400    fed0 (003fb400)     _CpuTimer1
003fb408    fed0 (003fb400)     _CpuTimer2
003fb410    fed0 (003fb400)     _CpuTimer0
003fb418    fed0 (003fb400)     __unlock
003fb41a    fed0 (003fb400)     __lock
003fb41c    fed0 (003fb400)     ___TI_cleanup_ptr
003fb41e    fed0 (003fb400)     ___TI_dtors_ptr
003fb420    fed0 (003fb400)     _PieVectTableInit


GLOBAL SYMBOLS: SORTED ALPHABETICALLY BY Name 

address    name
--------   ----
003fa000   .text
003fa86c   C$$EXIT
003fa643   FS$$MPY
003fa7a3   FS$$TOL
003fa839   L$$TOFS
003fa307   _AD9833_VOID_Write
003fa073   _ADCINT_ISR
003fa332   _API_AD9833_VOID_GenerateWaveforms
00000b00   _AdcMirror
00007100   _AdcRegs
003fa60f   _ConfigCpuTimer
003fb410   _CpuTimer0
00000c00   _CpuTimer0Regs
003fb400   _CpuTimer1
00000c08   _CpuTimer1Regs
003fb408   _CpuTimer2
00000c10   _CpuTimer2Regs
003f7ff8   _CsmPwl
00000ae0   _CsmRegs
003fa43d   _CsmUnlock
003fa00a   _DATALOG_ISR
003fa8cc   _DSP28x_DisableInt
003fa8d0   _DSP28x_RestoreInt
0000001d   _DSP28x_usDelay
00000880   _DevEmuRegs
003fa38a   _DisableDog
003fa122   _ECAN0INTA_ISR
003fa12c   _ECAN0INTB_ISR
003fa127   _ECAN1INTA_ISR
003fa131   _ECAN1INTB_ISR
003fa0be   _ECAP1_INT_ISR
003fa0c3   _ECAP2_INT_ISR
003fa0c8   _ECAP3_INT_ISR
003fa0cd   _ECAP4_INT_ISR
00006040   _ECanaLAMRegs
000060c0   _ECanaMOTORegs
00006080   _ECanaMOTSRegs
00006100   _ECanaMboxes
00006000   _ECanaRegs
00006240   _ECanbLAMRegs
000062c0   _ECanbMOTORegs
00006280   _ECanbMOTSRegs
00006300   _ECanbMboxes
00006200   _ECanbRegs
00006a00   _ECap1Regs
00006a20   _ECap2Regs
00006a40   _ECap3Regs
00006a60   _ECap4Regs
003fa136   _EMPTY_ISR
003fa014   _EMUINT_ISR
003fa0a0   _EPWM1_INT_ISR
003fa082   _EPWM1_TZINT_ISR
003fa0a5   _EPWM2_INT_ISR
003fa087   _EPWM2_TZINT_ISR
003fa0aa   _EPWM3_INT_ISR
003fa08c   _EPWM3_TZINT_ISR
003fa0af   _EPWM4_INT_ISR
003fa091   _EPWM4_TZINT_ISR
003fa0b4   _EPWM5_INT_ISR
003fa096   _EPWM5_TZINT_ISR
003fa0b9   _EPWM6_INT_ISR
003fa09b   _EPWM6_TZINT_ISR
00006800   _EPwm1Regs
00006840   _EPwm2Regs
00006880   _EPwm3Regs
000068c0   _EPwm4Regs
00006900   _EPwm5Regs
00006940   _EPwm6Regs
003fa0d2   _EQEP1_INT_ISR
003fa0d7   _EQEP2_INT_ISR
00006b00   _EQep1Regs
00006b40   _EQep2Regs
003fa7eb   _EnableInterrupts
00000a80   _FlashRegs
00006f80   _GpioCtrlRegs
00006fc0   _GpioDataRegs
00006fe0   _GpioIntRegs
003fa104   _I2CINT1A_ISR
003fa109   _I2CINT2A_ISR
00007900   _I2caRegs
003fa01e   _ILLEGAL_ISR
003fa000   _INT13_ISR
003fa005   _INT14_ISR
003fa8b1   _InitAdc
003fa5d6   _InitCpuTimers
003fa145   _InitECan
003fa240   _InitECanGpio
003fa14a   _InitECana
003fa245   _InitECanaGpio
003fa1c5   _InitECanb
003fa25b   _InitECanbGpio
003fa737   _InitECap
003fa741   _InitECap1Gpio
003fa74f   _InitECap2Gpio
003fa75b   _InitECap3Gpio
003fa767   _InitECap4Gpio
003fa738   _InitECapGpio
003fa46e   _InitEPwm
003fa47c   _InitEPwm1Gpio
003fa48e   _InitEPwm2Gpio
003fa4a0   _InitEPwm3Gpio
003fa4b4   _InitEPwm4Gpio
003fa4c8   _InitEPwm5Gpio
003fa4da   _InitEPwm6Gpio
003fa46f   _InitEPwmGpio
003fa4ec   _InitEPwmSyncGpio
003fa69d   _InitEQep
003fa6a3   _InitEQep1Gpio
003fa6cd   _InitEQep2Gpio
003fa69e   _InitEQepGpio
00000002   _InitFlash
003fa7f4   _InitGpio
003fa885   _InitI2C
003fa886   _InitI2CGpio
003fa3c3   _InitPeripheralClocks
003fa7cc   _InitPieCtrl
003fa819   _InitPieVectTable
003fa392   _InitPll
003fa773   _InitSci
003fa774   _InitSciGpio
003fa779   _InitSciaGpio
003fa78f   _InitScibGpio
003fa536   _InitSpi
003fa537   _InitSpiGpio
003fa540   _InitSpiaGpio
003fa566   _InitSpibGpio
003fa584   _InitSpicGpio
003fa5ae   _InitSpidGpio
003fa377   _InitSysCtrl
003fa500   _InitTzGpio
003fa89c   _MemCopy
003fa019   _NMI_ISR
003fa13b   _PIE_RESERVED
00000ce0   _PieCtrlRegs
00000d00   _PieVectTable
003fb420   _PieVectTableInit
003fa00f   _RTOSINT_ISR
003fa10e   _SCIRXINTA_ISR
003fa118   _SCIRXINTB_ISR
003fa113   _SCITXINTA_ISR
003fa11d   _SCITXINTB_ISR
003fa05f   _SEQ1INT_ISR
003fa064   _SEQ2INT_ISR
003fa0dc   _SPIRXINTA_ISR
003fa0e6   _SPIRXINTB_ISR
003fa0f0   _SPIRXINTC_ISR
003fa0fa   _SPIRXINTD_ISR
003fa0e1   _SPITXINTA_ISR
003fa0eb   _SPITXINTB_ISR
003fa0f5   _SPITXINTC_ISR
003fa0ff   _SPITXINTD_ISR
003fb000   _SampleTable
00007050   _SciaRegs
00007750   _ScibRegs
003fa380   _ServiceDog
003fa8d3   _SetDBGIER
00007040   _SpiaRegs
00007740   _SpibRegs
00007760   _SpicRegs
00007780   _SpidRegs
00007010   _SysCtrlRegs
003fa078   _TINT0_ISR
003fa050   _USER10_ISR
003fa055   _USER11_ISR
003fa05a   _USER12_ISR
003fa023   _USER1_ISR
003fa028   _USER2_ISR
003fa02d   _USER3_ISR
003fa032   _USER4_ISR
003fa037   _USER5_ISR
003fa03c   _USER6_ISR
003fa041   _USER7_ISR
003fa046   _USER8_ISR
003fa04b   _USER9_ISR
003fa07d   _WAKEINT_ISR
003fa069   _XINT1_ISR
003fa06e   _XINT2_ISR
00007070   _XIntruptRegs
00000780   __STACK_END
00000300   __STACK_SIZE
00000001   __TI_args_main
003fb41c   ___TI_cleanup_ptr
003fb41e   ___TI_dtors_ptr
ffffffff   ___binit__
ffffffff   ___c_args__
00000021   ___cinit__
003fa8d6   ___etext__
ffffffff   ___pinit__
003fa000   ___text__
003fa853   __args_main
003fb41a   __lock
003fa8c3   __nop
003fa8bf   __register_lock
003fa8bb   __register_unlock
00000480   __stack
003fb418   __unlock
003fa86c   _abort
003fa6f3   _c_int00
003fa86e   _exit
003fa26f   _main
003fa140   _rsvd_ISR
ffffffff   binit
00000021   cinit
00000000   code_start
003fa8d6   etext
ffffffff   pinit


GLOBAL SYMBOLS: SORTED BY Symbol Address 

address    name
--------   ----
00000000   code_start
00000001   __TI_args_main
00000002   _InitFlash
0000001d   _DSP28x_usDelay
00000021   ___cinit__
00000021   cinit
00000300   __STACK_SIZE
00000480   __stack
00000780   __STACK_END
00000880   _DevEmuRegs
00000a80   _FlashRegs
00000ae0   _CsmRegs
00000b00   _AdcMirror
00000c00   _CpuTimer0Regs
00000c08   _CpuTimer1Regs
00000c10   _CpuTimer2Regs
00000ce0   _PieCtrlRegs
00000d00   _PieVectTable
00006000   _ECanaRegs
00006040   _ECanaLAMRegs
00006080   _ECanaMOTSRegs
000060c0   _ECanaMOTORegs
00006100   _ECanaMboxes
00006200   _ECanbRegs
00006240   _ECanbLAMRegs
00006280   _ECanbMOTSRegs
000062c0   _ECanbMOTORegs
00006300   _ECanbMboxes
00006800   _EPwm1Regs
00006840   _EPwm2Regs
00006880   _EPwm3Regs
000068c0   _EPwm4Regs
00006900   _EPwm5Regs
00006940   _EPwm6Regs
00006a00   _ECap1Regs
00006a20   _ECap2Regs
00006a40   _ECap3Regs
00006a60   _ECap4Regs
00006b00   _EQep1Regs
00006b40   _EQep2Regs
00006f80   _GpioCtrlRegs
00006fc0   _GpioDataRegs
00006fe0   _GpioIntRegs
00007010   _SysCtrlRegs
00007040   _SpiaRegs
00007050   _SciaRegs
00007070   _XIntruptRegs
00007100   _AdcRegs
00007740   _SpibRegs
00007750   _ScibRegs
00007760   _SpicRegs
00007780   _SpidRegs
00007900   _I2caRegs
003f7ff8   _CsmPwl
003fa000   .text
003fa000   _INT13_ISR
003fa000   ___text__
003fa005   _INT14_ISR
003fa00a   _DATALOG_ISR
003fa00f   _RTOSINT_ISR
003fa014   _EMUINT_ISR
003fa019   _NMI_ISR
003fa01e   _ILLEGAL_ISR
003fa023   _USER1_ISR
003fa028   _USER2_ISR
003fa02d   _USER3_ISR
003fa032   _USER4_ISR
003fa037   _USER5_ISR
003fa03c   _USER6_ISR
003fa041   _USER7_ISR
003fa046   _USER8_ISR
003fa04b   _USER9_ISR
003fa050   _USER10_ISR
003fa055   _USER11_ISR
003fa05a   _USER12_ISR
003fa05f   _SEQ1INT_ISR
003fa064   _SEQ2INT_ISR
003fa069   _XINT1_ISR
003fa06e   _XINT2_ISR
003fa073   _ADCINT_ISR
003fa078   _TINT0_ISR
003fa07d   _WAKEINT_ISR
003fa082   _EPWM1_TZINT_ISR
003fa087   _EPWM2_TZINT_ISR
003fa08c   _EPWM3_TZINT_ISR
003fa091   _EPWM4_TZINT_ISR
003fa096   _EPWM5_TZINT_ISR
003fa09b   _EPWM6_TZINT_ISR
003fa0a0   _EPWM1_INT_ISR
003fa0a5   _EPWM2_INT_ISR
003fa0aa   _EPWM3_INT_ISR
003fa0af   _EPWM4_INT_ISR
003fa0b4   _EPWM5_INT_ISR
003fa0b9   _EPWM6_INT_ISR
003fa0be   _ECAP1_INT_ISR
003fa0c3   _ECAP2_INT_ISR
003fa0c8   _ECAP3_INT_ISR
003fa0cd   _ECAP4_INT_ISR
003fa0d2   _EQEP1_INT_ISR
003fa0d7   _EQEP2_INT_ISR
003fa0dc   _SPIRXINTA_ISR
003fa0e1   _SPITXINTA_ISR
003fa0e6   _SPIRXINTB_ISR
003fa0eb   _SPITXINTB_ISR
003fa0f0   _SPIRXINTC_ISR
003fa0f5   _SPITXINTC_ISR
003fa0fa   _SPIRXINTD_ISR
003fa0ff   _SPITXINTD_ISR
003fa104   _I2CINT1A_ISR
003fa109   _I2CINT2A_ISR
003fa10e   _SCIRXINTA_ISR
003fa113   _SCITXINTA_ISR
003fa118   _SCIRXINTB_ISR
003fa11d   _SCITXINTB_ISR
003fa122   _ECAN0INTA_ISR
003fa127   _ECAN1INTA_ISR
003fa12c   _ECAN0INTB_ISR
003fa131   _ECAN1INTB_ISR
003fa136   _EMPTY_ISR
003fa13b   _PIE_RESERVED
003fa140   _rsvd_ISR
003fa145   _InitECan
003fa14a   _InitECana
003fa1c5   _InitECanb
003fa240   _InitECanGpio
003fa245   _InitECanaGpio
003fa25b   _InitECanbGpio
003fa26f   _main
003fa307   _AD9833_VOID_Write
003fa332   _API_AD9833_VOID_GenerateWaveforms
003fa377   _InitSysCtrl
003fa380   _ServiceDog
003fa38a   _DisableDog
003fa392   _InitPll
003fa3c3   _InitPeripheralClocks
003fa43d   _CsmUnlock
003fa46e   _InitEPwm
003fa46f   _InitEPwmGpio
003fa47c   _InitEPwm1Gpio
003fa48e   _InitEPwm2Gpio
003fa4a0   _InitEPwm3Gpio
003fa4b4   _InitEPwm4Gpio
003fa4c8   _InitEPwm5Gpio
003fa4da   _InitEPwm6Gpio
003fa4ec   _InitEPwmSyncGpio
003fa500   _InitTzGpio
003fa536   _InitSpi
003fa537   _InitSpiGpio
003fa540   _InitSpiaGpio
003fa566   _InitSpibGpio
003fa584   _InitSpicGpio
003fa5ae   _InitSpidGpio
003fa5d6   _InitCpuTimers
003fa60f   _ConfigCpuTimer
003fa643   FS$$MPY
003fa69d   _InitEQep
003fa69e   _InitEQepGpio
003fa6a3   _InitEQep1Gpio
003fa6cd   _InitEQep2Gpio
003fa6f3   _c_int00
003fa737   _InitECap
003fa738   _InitECapGpio
003fa741   _InitECap1Gpio
003fa74f   _InitECap2Gpio
003fa75b   _InitECap3Gpio
003fa767   _InitECap4Gpio
003fa773   _InitSci
003fa774   _InitSciGpio
003fa779   _InitSciaGpio
003fa78f   _InitScibGpio
003fa7a3   FS$$TOL
003fa7cc   _InitPieCtrl
003fa7eb   _EnableInterrupts
003fa7f4   _InitGpio
003fa819   _InitPieVectTable
003fa839   L$$TOFS
003fa853   __args_main
003fa86c   C$$EXIT
003fa86c   _abort
003fa86e   _exit
003fa885   _InitI2C
003fa886   _InitI2CGpio
003fa89c   _MemCopy
003fa8b1   _InitAdc
003fa8bb   __register_unlock
003fa8bf   __register_lock
003fa8c3   __nop
003fa8cc   _DSP28x_DisableInt
003fa8d0   _DSP28x_RestoreInt
003fa8d3   _SetDBGIER
003fa8d6   ___etext__
003fa8d6   etext
003fb000   _SampleTable
003fb400   _CpuTimer1
003fb408   _CpuTimer2
003fb410   _CpuTimer0
003fb418   __unlock
003fb41a   __lock
003fb41c   ___TI_cleanup_ptr
003fb41e   ___TI_dtors_ptr
003fb420   _PieVectTableInit
ffffffff   ___binit__
ffffffff   ___c_args__
ffffffff   ___pinit__
ffffffff   binit
ffffffff   pinit

[206 symbols]
