******************************************************************************
             TMS320C2000 Linker PC v6.4.6                      
******************************************************************************
>> Linked Thu Jan 11 15:34:08 2018

OUTPUT FILE NAME:   <D01_ADCOSIC_F2808_CCS5.out>
ENTRY POINT SYMBOL: "_c_int00"  address: 003fa5da


MEMORY CONFIGURATION

         name            origin    length      used     unused   attr    fill
----------------------  --------  ---------  --------  --------  ----  --------
PAGE 0:
  BEGIN                 00000000   00000002  00000002  00000000  RWIX
  RAMM0                 00000002   000003fe  00000043  000003bb  RWIX
  RAML0                 00008000   00001000  00000000  00001000  RWIX
  PRAMH0                003fa000   00001000  00000753  000008ad  RWIX
  BOOTROM               003ff000   00000fc0  00000000  00000fc0  RWIX
  RESET                 003fffc0   00000002  00000000  00000002  RWIX

PAGE 1:
  BOOT_RSVD             00000400   00000080  00000000  00000080  RWIX
  RAMM1                 00000480   00000380  00000300  00000080  RWIX
  DEV_EMU               00000880   00000180  000000d0  000000b0  RWIX
  FLASH_REGS            00000a80   00000060  00000008  00000058  RWIX
  CSM                   00000ae0   00000010  00000010  00000000  RWIX
  ADC_MIRROR            00000b00   00000010  00000010  00000000  RWIX
  CPU_TIMER0            00000c00   00000008  00000008  00000000  RWIX
  CPU_TIMER1            00000c08   00000008  00000008  00000000  RWIX
  CPU_TIMER2            00000c10   00000008  00000008  00000000  RWIX
  PIE_CTRL              00000ce0   00000020  0000001a  00000006  RWIX
  PIE_VECT              00000d00   00000100  00000100  00000000  RWIX
  ECANA                 00006000   00000040  00000034  0000000c  RWIX
  ECANA_LAM             00006040   00000040  00000040  00000000  RWIX
  ECANA_MOTS            00006080   00000040  00000040  00000000  RWIX
  ECANA_MOTO            000060c0   00000040  00000040  00000000  RWIX
  ECANA_MBOX            00006100   00000100  00000100  00000000  RWIX
  ECANB                 00006200   00000040  00000034  0000000c  RWIX
  ECANB_LAM             00006240   00000040  00000040  00000000  RWIX
  ECANB_MOTS            00006280   00000040  00000040  00000000  RWIX
  ECANB_MOTO            000062c0   00000040  00000040  00000000  RWIX
  ECANB_MBOX            00006300   00000100  00000100  00000000  RWIX
  EPWM1                 00006800   00000022  00000022  00000000  RWIX
  EPWM2                 00006840   00000022  00000022  00000000  RWIX
  EPWM3                 00006880   00000022  00000022  00000000  RWIX
  EPWM4                 000068c0   00000022  00000022  00000000  RWIX
  EPWM5                 00006900   00000022  00000022  00000000  RWIX
  EPWM6                 00006940   00000022  00000022  00000000  RWIX
  ECAP1                 00006a00   00000020  00000020  00000000  RWIX
  ECAP2                 00006a20   00000020  00000020  00000000  RWIX
  ECAP3                 00006a40   00000020  00000020  00000000  RWIX
  ECAP4                 00006a60   00000020  00000020  00000000  RWIX
  EQEP1                 00006b00   00000040  00000040  00000000  RWIX
  EQEP2                 00006b40   00000040  00000040  00000000  RWIX
  GPIOCTRL              00006f80   00000040  00000040  00000000  RWIX
  GPIODAT               00006fc0   00000020  00000020  00000000  RWIX
  GPIOINT               00006fe0   00000020  0000000a  00000016  RWIX
  SYSTEM                00007010   00000020  00000020  00000000  RWIX
  SPIA                  00007040   00000010  00000010  00000000  RWIX
  SCIA                  00007050   00000010  00000010  00000000  RWIX
  XINTRUPT              00007070   00000010  00000010  00000000  RWIX
  ADC                   00007100   00000020  0000001e  00000002  RWIX
  SPIB                  00007740   00000010  00000010  00000000  RWIX
  SCIB                  00007750   00000010  00000010  00000000  RWIX
  SPIC                  00007760   00000010  00000010  00000000  RWIX
  SPID                  00007780   00000010  00000010  00000000  RWIX
  I2CA                  00007900   00000040  00000022  0000001e  RWIX
  CSM_PWL               003f7ff8   00000008  00000008  00000000  RWIX
  DRAMH0                003fb000   00001000  000005a2  00000a5e  RWIX


SECTION ALLOCATION MAP

 output                                  attributes/
section   page    origin      length       input sections
--------  ----  ----------  ----------   ----------------
codestart 
*          0    00000000    00000002     
                  00000000    00000002     DSP280x_CodeStartBranch.obj (codestart)

.cinit     0    00000002    0000003f     
                  00000002    00000029     Main.obj (.cinit)
                  0000002b    0000000a     rts2800_ml.lib : exit.obj (.cinit)
                  00000035    00000005                    : _lock.obj (.cinit:__lock)
                  0000003a    00000005                    : _lock.obj (.cinit:__unlock)
                  0000003f    00000002     --HOLE-- [fill = 0]

ramfuncs   0    00000041    00000004     
                  00000041    00000004     DSP280x_usDelay.obj (ramfuncs)

.text      0    003fa000    00000753     
                  003fa000    000001ee     Main.obj (.text)
                  003fa1ee    00000145     DSP280x_DefaultIsr.obj (.text:retain)
                  003fa333    000000fb     DSP280x_SysCtrl.obj (.text)
                  003fa42e    00000083     rts2800_ml.lib : fs_div.obj (.text)
                  003fa4b1    0000006a     DSP280x_CpuTimers.obj (.text)
                  003fa51b    00000065     Main.obj (.text:retain)
                  003fa580    0000005a     rts2800_ml.lib : fs_mpy.obj (.text)
                  003fa5da    00000044                    : boot.obj (.text)
                  003fa61e    00000030     DSP280x_Sci.obj (.text)
                  003fa64e    00000029     rts2800_ml.lib : fs_tol.obj (.text)
                  003fa677    00000028     DSP280x_PieCtrl.obj (.text)
                  003fa69f    00000022     DSP280x_PieVect.obj (.text)
                  003fa6c1    00000022     rts2800_ml.lib : i_div.obj (.text)
                  003fa6e3    00000019                    : args_main.obj (.text)
                  003fa6fc    00000019                    : exit.obj (.text)
                  003fa715    00000010                    : u_tofs.obj (.text)
                  003fa725    0000000a     DSP280x_Adc.obj (.text)
                  003fa72f    00000009     rts2800_ml.lib : _lock.obj (.text)
                  003fa738    00000009                    : strcat.obj (.text)
                  003fa741    00000008     DSP280x_CodeStartBranch.obj (.text)
                  003fa749    00000007     DSP280x_DisInt.obj (.text)
                  003fa750    00000003     DSP280x_DBGIER.obj (.text)

.pinit     0    00000002    00000000     UNINITIALIZED

.reset     0    003fffc0    00000002     DSECT
                  003fffc0    00000002     rts2800_ml.lib : boot.obj (.reset)

.stack     1    00000480    00000300     UNINITIALIZED
                  00000480    00000300     --HOLE--

DevEmuRegsFile 
*          1    00000880    000000d0     UNINITIALIZED
                  00000880    000000d0     DSP280x_GlobalVariableDefs.obj (DevEmuRegsFile)

FlashRegsFile 
*          1    00000a80    00000008     UNINITIALIZED
                  00000a80    00000008     DSP280x_GlobalVariableDefs.obj (FlashRegsFile)

CsmRegsFile 
*          1    00000ae0    00000010     UNINITIALIZED
                  00000ae0    00000010     DSP280x_GlobalVariableDefs.obj (CsmRegsFile)

AdcMirrorFile 
*          1    00000b00    00000010     UNINITIALIZED
                  00000b00    00000010     DSP280x_GlobalVariableDefs.obj (AdcMirrorFile)

CpuTimer0RegsFile 
*          1    00000c00    00000008     UNINITIALIZED
                  00000c00    00000008     DSP280x_GlobalVariableDefs.obj (CpuTimer0RegsFile)

CpuTimer1RegsFile 
*          1    00000c08    00000008     UNINITIALIZED
                  00000c08    00000008     DSP280x_GlobalVariableDefs.obj (CpuTimer1RegsFile)

CpuTimer2RegsFile 
*          1    00000c10    00000008     UNINITIALIZED
                  00000c10    00000008     DSP280x_GlobalVariableDefs.obj (CpuTimer2RegsFile)

PieCtrlRegsFile 
*          1    00000ce0    0000001a     UNINITIALIZED
                  00000ce0    0000001a     DSP280x_GlobalVariableDefs.obj (PieCtrlRegsFile)

PieVectTableFile 
*          1    00000d00    00000100     UNINITIALIZED
                  00000d00    00000100     DSP280x_GlobalVariableDefs.obj (PieVectTableFile)

ECanaRegsFile 
*          1    00006000    00000034     UNINITIALIZED
                  00006000    00000034     DSP280x_GlobalVariableDefs.obj (ECanaRegsFile)

ECanaLAMRegsFile 
*          1    00006040    00000040     UNINITIALIZED
                  00006040    00000040     DSP280x_GlobalVariableDefs.obj (ECanaLAMRegsFile)

ECanaMOTSRegsFile 
*          1    00006080    00000040     UNINITIALIZED
                  00006080    00000040     DSP280x_GlobalVariableDefs.obj (ECanaMOTSRegsFile)

ECanaMOTORegsFile 
*          1    000060c0    00000040     UNINITIALIZED
                  000060c0    00000040     DSP280x_GlobalVariableDefs.obj (ECanaMOTORegsFile)

ECanaMboxesFile 
*          1    00006100    00000100     UNINITIALIZED
                  00006100    00000100     DSP280x_GlobalVariableDefs.obj (ECanaMboxesFile)

ECanbRegsFile 
*          1    00006200    00000034     UNINITIALIZED
                  00006200    00000034     DSP280x_GlobalVariableDefs.obj (ECanbRegsFile)

ECanbLAMRegsFile 
*          1    00006240    00000040     UNINITIALIZED
                  00006240    00000040     DSP280x_GlobalVariableDefs.obj (ECanbLAMRegsFile)

ECanbMOTSRegsFile 
*          1    00006280    00000040     UNINITIALIZED
                  00006280    00000040     DSP280x_GlobalVariableDefs.obj (ECanbMOTSRegsFile)

ECanbMOTORegsFile 
*          1    000062c0    00000040     UNINITIALIZED
                  000062c0    00000040     DSP280x_GlobalVariableDefs.obj (ECanbMOTORegsFile)

ECanbMboxesFile 
*          1    00006300    00000100     UNINITIALIZED
                  00006300    00000100     DSP280x_GlobalVariableDefs.obj (ECanbMboxesFile)

EPwm1RegsFile 
*          1    00006800    00000022     UNINITIALIZED
                  00006800    00000022     DSP280x_GlobalVariableDefs.obj (EPwm1RegsFile)

EPwm2RegsFile 
*          1    00006840    00000022     UNINITIALIZED
                  00006840    00000022     DSP280x_GlobalVariableDefs.obj (EPwm2RegsFile)

EPwm3RegsFile 
*          1    00006880    00000022     UNINITIALIZED
                  00006880    00000022     DSP280x_GlobalVariableDefs.obj (EPwm3RegsFile)

EPwm4RegsFile 
*          1    000068c0    00000022     UNINITIALIZED
                  000068c0    00000022     DSP280x_GlobalVariableDefs.obj (EPwm4RegsFile)

EPwm5RegsFile 
*          1    00006900    00000022     UNINITIALIZED
                  00006900    00000022     DSP280x_GlobalVariableDefs.obj (EPwm5RegsFile)

EPwm6RegsFile 
*          1    00006940    00000022     UNINITIALIZED
                  00006940    00000022     DSP280x_GlobalVariableDefs.obj (EPwm6RegsFile)

ECap1RegsFile 
*          1    00006a00    00000020     UNINITIALIZED
                  00006a00    00000020     DSP280x_GlobalVariableDefs.obj (ECap1RegsFile)

ECap2RegsFile 
*          1    00006a20    00000020     UNINITIALIZED
                  00006a20    00000020     DSP280x_GlobalVariableDefs.obj (ECap2RegsFile)

ECap3RegsFile 
*          1    00006a40    00000020     UNINITIALIZED
                  00006a40    00000020     DSP280x_GlobalVariableDefs.obj (ECap3RegsFile)

ECap4RegsFile 
*          1    00006a60    00000020     UNINITIALIZED
                  00006a60    00000020     DSP280x_GlobalVariableDefs.obj (ECap4RegsFile)

EQep1RegsFile 
*          1    00006b00    00000040     UNINITIALIZED
                  00006b00    00000040     DSP280x_GlobalVariableDefs.obj (EQep1RegsFile)

EQep2RegsFile 
*          1    00006b40    00000040     UNINITIALIZED
                  00006b40    00000040     DSP280x_GlobalVariableDefs.obj (EQep2RegsFile)

GpioCtrlRegsFile 
*          1    00006f80    00000040     UNINITIALIZED
                  00006f80    00000040     DSP280x_GlobalVariableDefs.obj (GpioCtrlRegsFile)

GpioDataRegsFile 
*          1    00006fc0    00000020     UNINITIALIZED
                  00006fc0    00000020     DSP280x_GlobalVariableDefs.obj (GpioDataRegsFile)

GpioIntRegsFile 
*          1    00006fe0    0000000a     UNINITIALIZED
                  00006fe0    0000000a     DSP280x_GlobalVariableDefs.obj (GpioIntRegsFile)

SysCtrlRegsFile 
*          1    00007010    00000020     UNINITIALIZED
                  00007010    00000020     DSP280x_GlobalVariableDefs.obj (SysCtrlRegsFile)

SpiaRegsFile 
*          1    00007040    00000010     UNINITIALIZED
                  00007040    00000010     DSP280x_GlobalVariableDefs.obj (SpiaRegsFile)

SciaRegsFile 
*          1    00007050    00000010     UNINITIALIZED
                  00007050    00000010     DSP280x_GlobalVariableDefs.obj (SciaRegsFile)

XIntruptRegsFile 
*          1    00007070    00000010     UNINITIALIZED
                  00007070    00000010     DSP280x_GlobalVariableDefs.obj (XIntruptRegsFile)

AdcRegsFile 
*          1    00007100    0000001e     UNINITIALIZED
                  00007100    0000001e     DSP280x_GlobalVariableDefs.obj (AdcRegsFile)

SpibRegsFile 
*          1    00007740    00000010     UNINITIALIZED
                  00007740    00000010     DSP280x_GlobalVariableDefs.obj (SpibRegsFile)

ScibRegsFile 
*          1    00007750    00000010     UNINITIALIZED
                  00007750    00000010     DSP280x_GlobalVariableDefs.obj (ScibRegsFile)

SpicRegsFile 
*          1    00007760    00000010     UNINITIALIZED
                  00007760    00000010     DSP280x_GlobalVariableDefs.obj (SpicRegsFile)

SpidRegsFile 
*          1    00007780    00000010     UNINITIALIZED
                  00007780    00000010     DSP280x_GlobalVariableDefs.obj (SpidRegsFile)

I2caRegsFile 
*          1    00007900    00000022     UNINITIALIZED
                  00007900    00000022     DSP280x_GlobalVariableDefs.obj (I2caRegsFile)

CsmPwlFile 
*          1    003f7ff8    00000008     UNINITIALIZED
                  003f7ff8    00000008     DSP280x_GlobalVariableDefs.obj (CsmPwlFile)

.ebss      1    003fb000    00000488     UNINITIALIZED
                  003fb000    00000468     Main.obj (.ebss)
                  003fb468    00000018     DSP280x_CpuTimers.obj (.ebss)
                  003fb480    00000004     rts2800_ml.lib : exit.obj (.ebss)
                  003fb484    00000002                    : _lock.obj (.ebss:__lock)
                  003fb486    00000002                    : _lock.obj (.ebss:__unlock)

.econst    1    003fb488    0000011a     
                  003fb488    00000100     DSP280x_PieVect.obj (.econst)
                  003fb588    0000000a     Main.obj (.econst:.string:_$P$T0$1)
                  003fb592    0000000a     Main.obj (.econst:.string:_$P$T1$2)
                  003fb59c    00000006     Main.obj (.econst:.string)


GLOBAL DATA SYMBOLS: SORTED BY DATA PAGE

address     data page           name
--------    ----------------    ----
00000480      12 (00000480)     __stack

00000880      22 (00000880)     _DevEmuRegs

00000a80      2a (00000a80)     _FlashRegs

00000ae0      2b (00000ac0)     _CsmRegs

00000b00      2c (00000b00)     _AdcMirror

00000c00      30 (00000c00)     _CpuTimer0Regs
00000c08      30 (00000c00)     _CpuTimer1Regs
00000c10      30 (00000c00)     _CpuTimer2Regs

00000ce0      33 (00000cc0)     _PieCtrlRegs

00000d00      34 (00000d00)     _PieVectTable

00006000     180 (00006000)     _ECanaRegs

00006040     181 (00006040)     _ECanaLAMRegs

00006080     182 (00006080)     _ECanaMOTSRegs

000060c0     183 (000060c0)     _ECanaMOTORegs

00006100     184 (00006100)     _ECanaMboxes

00006200     188 (00006200)     _ECanbRegs

00006240     189 (00006240)     _ECanbLAMRegs

00006280     18a (00006280)     _ECanbMOTSRegs

000062c0     18b (000062c0)     _ECanbMOTORegs

00006300     18c (00006300)     _ECanbMboxes

00006800     1a0 (00006800)     _EPwm1Regs

00006840     1a1 (00006840)     _EPwm2Regs

00006880     1a2 (00006880)     _EPwm3Regs

000068c0     1a3 (000068c0)     _EPwm4Regs

00006900     1a4 (00006900)     _EPwm5Regs

00006940     1a5 (00006940)     _EPwm6Regs

00006a00     1a8 (00006a00)     _ECap1Regs
00006a20     1a8 (00006a00)     _ECap2Regs

00006a40     1a9 (00006a40)     _ECap3Regs
00006a60     1a9 (00006a40)     _ECap4Regs

00006b00     1ac (00006b00)     _EQep1Regs

00006b40     1ad (00006b40)     _EQep2Regs

00006f80     1be (00006f80)     _GpioCtrlRegs

00006fc0     1bf (00006fc0)     _GpioDataRegs
00006fe0     1bf (00006fc0)     _GpioIntRegs

00007010     1c0 (00007000)     _SysCtrlRegs

00007040     1c1 (00007040)     _SpiaRegs
00007050     1c1 (00007040)     _SciaRegs
00007070     1c1 (00007040)     _XIntruptRegs

00007100     1c4 (00007100)     _AdcRegs

00007740     1dd (00007740)     _SpibRegs
00007750     1dd (00007740)     _ScibRegs
00007760     1dd (00007740)     _SpicRegs

00007780     1de (00007780)     _SpidRegs

00007900     1e4 (00007900)     _I2caRegs

003f7ff8    fdff (003f7fc0)     _CsmPwl

003fb000    fec0 (003fb000)     _rxaInterruptCount
003fb001    fec0 (003fb000)     _AdcInterruptCount
003fb002    fec0 (003fb000)     _charSampleData
003fb003    fec0 (003fb000)     _breakpoint
003fb004    fec0 (003fb000)     _array_index
003fb005    fec0 (003fb000)     _adc_i
003fb006    fec0 (003fb000)     _adc
003fb008    fec0 (003fb000)     _str
003fb012    fec0 (003fb000)     _rxaBuffer

003fb040    fec1 (003fb040)     _stringDataSend

003fb080    fec2 (003fb080)     _SampleTable

003fb468    fed1 (003fb440)     _CpuTimer1
003fb470    fed1 (003fb440)     _CpuTimer2
003fb478    fed1 (003fb440)     _CpuTimer0

003fb480    fed2 (003fb480)     ___TI_cleanup_ptr
003fb482    fed2 (003fb480)     ___TI_dtors_ptr
003fb484    fed2 (003fb480)     __lock
003fb486    fed2 (003fb480)     __unlock
003fb488    fed2 (003fb480)     _PieVectTableInit


GLOBAL SYMBOLS: SORTED ALPHABETICALLY BY Name 

page  address   name                 
----  -------   ----                 
0     003fa000  .text                
0     003fa6fc  C$$EXIT              
0     003fa42e  FS$$DIV              
0     003fa580  FS$$MPY              
0     003fa64e  FS$$TOL              
0     003fa6c1  I$$DIV               
0     003fa6d2  I$$MOD               
0     003fa715  U$$TOFS              
0     003fa261  _ADCINT_ISR          
0     003fa0d2  _ADC_Init            
0     003fa51b  _ADC_Interrupt       
1     003fb001  _AdcInterruptCount   
1     00000b00  _AdcMirror           
1     00007100  _AdcRegs             
0     003fa06e  _ClearBuffer         
0     003fa4ea  _ConfigCpuTimer      
1     003fb478  _CpuTimer0           
1     00000c00  _CpuTimer0Regs       
1     003fb468  _CpuTimer1           
1     00000c08  _CpuTimer1Regs       
1     003fb470  _CpuTimer2           
1     00000c10  _CpuTimer2Regs       
1     003f7ff8  _CsmPwl              
1     00000ae0  _CsmRegs             
0     003fa3fd  _CsmUnlock           
0     003fa1f8  _DATALOG_ISR         
0     003fa749  _DSP28x_DisableInt   
0     003fa74d  _DSP28x_RestoreInt   
0     00000041  _DSP28x_usDelay      
1     00000880  _DevEmuRegs          
0     003fa346  _DisableDog          
0     003fa310  _ECAN0INTA_ISR       
0     003fa31a  _ECAN0INTB_ISR       
0     003fa315  _ECAN1INTA_ISR       
0     003fa31f  _ECAN1INTB_ISR       
0     003fa2ac  _ECAP1_INT_ISR       
0     003fa2b1  _ECAP2_INT_ISR       
0     003fa2b6  _ECAP3_INT_ISR       
0     003fa2bb  _ECAP4_INT_ISR       
1     00006040  _ECanaLAMRegs        
1     000060c0  _ECanaMOTORegs       
1     00006080  _ECanaMOTSRegs       
1     00006100  _ECanaMboxes         
1     00006000  _ECanaRegs           
1     00006240  _ECanbLAMRegs        
1     000062c0  _ECanbMOTORegs       
1     00006280  _ECanbMOTSRegs       
1     00006300  _ECanbMboxes         
1     00006200  _ECanbRegs           
1     00006a00  _ECap1Regs           
1     00006a20  _ECap2Regs           
1     00006a40  _ECap3Regs           
1     00006a60  _ECap4Regs           
0     003fa324  _EMPTY_ISR           
0     003fa202  _EMUINT_ISR          
0     003fa28e  _EPWM1_INT_ISR       
0     003fa270  _EPWM1_TZINT_ISR     
0     003fa293  _EPWM2_INT_ISR       
0     003fa275  _EPWM2_TZINT_ISR     
0     003fa298  _EPWM3_INT_ISR       
0     003fa27a  _EPWM3_TZINT_ISR     
0     003fa29d  _EPWM4_INT_ISR       
0     003fa27f  _EPWM4_TZINT_ISR     
0     003fa2a2  _EPWM5_INT_ISR       
0     003fa284  _EPWM5_TZINT_ISR     
0     003fa2a7  _EPWM6_INT_ISR       
0     003fa289  _EPWM6_TZINT_ISR     
1     00006800  _EPwm1Regs           
1     00006840  _EPwm2Regs           
1     00006880  _EPwm3Regs           
1     000068c0  _EPwm4Regs           
1     00006900  _EPwm5Regs           
1     00006940  _EPwm6Regs           
0     003fa2c0  _EQEP1_INT_ISR       
0     003fa2c5  _EQEP2_INT_ISR       
1     00006b00  _EQep1Regs           
1     00006b40  _EQep2Regs           
0     003fa696  _EnableInterrupts    
1     00000a80  _FlashRegs           
0     003fa105  _GPIO_INIT           
1     00006f80  _GpioCtrlRegs        
1     00006fc0  _GpioDataRegs        
1     00006fe0  _GpioIntRegs         
0     003fa2f2  _I2CINT1A_ISR        
0     003fa2f7  _I2CINT2A_ISR        
1     00007900  _I2caRegs            
0     003fa20c  _ILLEGAL_ISR         
0     003fa1ee  _INT13_ISR           
0     003fa1f3  _INT14_ISR           
0     003fa725  _InitAdc             
0     003fa4b1  _InitCpuTimers       
0     003fa383  _InitPeripheralClocks
0     003fa677  _InitPieCtrl         
0     003fa69f  _InitPieVectTable    
0     003fa34e  _InitPll             
0     003fa61e  _InitSci             
0     003fa61f  _InitSciGpio         
0     003fa624  _InitSciaGpio        
0     003fa63a  _InitScibGpio        
0     003fa333  _InitSysCtrl         
0     003fa207  _NMI_ISR             
0     003fa329  _PIE_RESERVED        
1     00000ce0  _PieCtrlRegs         
1     00000d00  _PieVectTable        
1     003fb488  _PieVectTableInit    
0     003fa1fd  _RTOSINT_ISR         
0     003fa0ea  _SCIA_INIT           
0     003fa562  _SCIA_RX_ISR         
0     003fa2fc  _SCIRXINTA_ISR       
0     003fa306  _SCIRXINTB_ISR       
0     003fa301  _SCITXINTA_ISR       
0     003fa30b  _SCITXINTB_ISR       
0     003fa24d  _SEQ1INT_ISR         
0     003fa252  _SEQ2INT_ISR         
0     003fa2ca  _SPIRXINTA_ISR       
0     003fa2d4  _SPIRXINTB_ISR       
0     003fa2de  _SPIRXINTC_ISR       
0     003fa2e8  _SPIRXINTD_ISR       
0     003fa2cf  _SPITXINTA_ISR       
0     003fa2d9  _SPITXINTB_ISR       
0     003fa2e3  _SPITXINTC_ISR       
0     003fa2ed  _SPITXINTD_ISR       
1     003fb080  _SampleTable         
1     00007050  _SciaRegs            
1     00007750  _ScibRegs            
0     003fa0bd  _SendDatasByScia     
0     003fa080  _SendOnceDataPacket  
0     003fa33c  _ServiceDog          
0     003fa750  _SetDBGIER           
1     00007040  _SpiaRegs            
1     00007740  _SpibRegs            
1     00007760  _SpicRegs            
1     00007780  _SpidRegs            
1     00007010  _SysCtrlRegs         
0     003fa266  _TINT0_ISR           
0     003fa23e  _USER10_ISR          
0     003fa243  _USER11_ISR          
0     003fa248  _USER12_ISR          
0     003fa211  _USER1_ISR           
0     003fa216  _USER2_ISR           
0     003fa21b  _USER3_ISR           
0     003fa220  _USER4_ISR           
0     003fa225  _USER5_ISR           
0     003fa22a  _USER6_ISR           
0     003fa22f  _USER7_ISR           
0     003fa234  _USER8_ISR           
0     003fa239  _USER9_ISR           
0     003fa26b  _WAKEINT_ISR         
0     003fa257  _XINT1_ISR           
0     003fa25c  _XINT2_ISR           
1     00007070  _XIntruptRegs        
1     00000780  __STACK_END          
abs   00000300  __STACK_SIZE         
1     003fb480  ___TI_cleanup_ptr    
1     003fb482  ___TI_dtors_ptr      
abs   ffffffff  ___binit__           
abs   ffffffff  ___c_args__          
0     00000002  ___cinit__           
0     003fa753  ___etext__           
abs   ffffffff  ___pinit__           
0     003fa000  ___text__            
0     003fa6e3  __args_main          
1     003fb484  __lock               
0     003fa737  __nop                
0     003fa733  __register_lock      
0     003fa72f  __register_unlock    
1     00000480  __stack              
1     003fb486  __unlock             
0     003fa6fc  _abort               
1     003fb006  _adc                 
1     003fb005  _adc_i               
1     003fb004  _array_index         
1     003fb003  _breakpoint          
0     003fa5da  _c_int00             
1     003fb002  _charSampleData      
0     003fa6fe  _exit                
0     003fa10f  _intTochar           
0     003fa000  _main                
0     003fa32e  _rsvd_ISR            
1     003fb012  _rxaBuffer           
1     003fb000  _rxaInterruptCount   
1     003fb008  _str                 
0     003fa738  _strcat              
1     003fb040  _stringDataSend      
abs   ffffffff  binit                
0     00000002  cinit                
0     00000000  code_start           
0     003fa753  etext                
abs   ffffffff  pinit                


GLOBAL SYMBOLS: SORTED BY Symbol Address 

page  address   name                 
----  -------   ----                 
0     00000000  code_start           
0     00000002  ___cinit__           
0     00000002  cinit                
0     00000041  _DSP28x_usDelay      
0     003fa000  .text                
0     003fa000  ___text__            
0     003fa000  _main                
0     003fa06e  _ClearBuffer         
0     003fa080  _SendOnceDataPacket  
0     003fa0bd  _SendDatasByScia     
0     003fa0d2  _ADC_Init            
0     003fa0ea  _SCIA_INIT           
0     003fa105  _GPIO_INIT           
0     003fa10f  _intTochar           
0     003fa1ee  _INT13_ISR           
0     003fa1f3  _INT14_ISR           
0     003fa1f8  _DATALOG_ISR         
0     003fa1fd  _RTOSINT_ISR         
0     003fa202  _EMUINT_ISR          
0     003fa207  _NMI_ISR             
0     003fa20c  _ILLEGAL_ISR         
0     003fa211  _USER1_ISR           
0     003fa216  _USER2_ISR           
0     003fa21b  _USER3_ISR           
0     003fa220  _USER4_ISR           
0     003fa225  _USER5_ISR           
0     003fa22a  _USER6_ISR           
0     003fa22f  _USER7_ISR           
0     003fa234  _USER8_ISR           
0     003fa239  _USER9_ISR           
0     003fa23e  _USER10_ISR          
0     003fa243  _USER11_ISR          
0     003fa248  _USER12_ISR          
0     003fa24d  _SEQ1INT_ISR         
0     003fa252  _SEQ2INT_ISR         
0     003fa257  _XINT1_ISR           
0     003fa25c  _XINT2_ISR           
0     003fa261  _ADCINT_ISR          
0     003fa266  _TINT0_ISR           
0     003fa26b  _WAKEINT_ISR         
0     003fa270  _EPWM1_TZINT_ISR     
0     003fa275  _EPWM2_TZINT_ISR     
0     003fa27a  _EPWM3_TZINT_ISR     
0     003fa27f  _EPWM4_TZINT_ISR     
0     003fa284  _EPWM5_TZINT_ISR     
0     003fa289  _EPWM6_TZINT_ISR     
0     003fa28e  _EPWM1_INT_ISR       
0     003fa293  _EPWM2_INT_ISR       
0     003fa298  _EPWM3_INT_ISR       
0     003fa29d  _EPWM4_INT_ISR       
0     003fa2a2  _EPWM5_INT_ISR       
0     003fa2a7  _EPWM6_INT_ISR       
0     003fa2ac  _ECAP1_INT_ISR       
0     003fa2b1  _ECAP2_INT_ISR       
0     003fa2b6  _ECAP3_INT_ISR       
0     003fa2bb  _ECAP4_INT_ISR       
0     003fa2c0  _EQEP1_INT_ISR       
0     003fa2c5  _EQEP2_INT_ISR       
0     003fa2ca  _SPIRXINTA_ISR       
0     003fa2cf  _SPITXINTA_ISR       
0     003fa2d4  _SPIRXINTB_ISR       
0     003fa2d9  _SPITXINTB_ISR       
0     003fa2de  _SPIRXINTC_ISR       
0     003fa2e3  _SPITXINTC_ISR       
0     003fa2e8  _SPIRXINTD_ISR       
0     003fa2ed  _SPITXINTD_ISR       
0     003fa2f2  _I2CINT1A_ISR        
0     003fa2f7  _I2CINT2A_ISR        
0     003fa2fc  _SCIRXINTA_ISR       
0     003fa301  _SCITXINTA_ISR       
0     003fa306  _SCIRXINTB_ISR       
0     003fa30b  _SCITXINTB_ISR       
0     003fa310  _ECAN0INTA_ISR       
0     003fa315  _ECAN1INTA_ISR       
0     003fa31a  _ECAN0INTB_ISR       
0     003fa31f  _ECAN1INTB_ISR       
0     003fa324  _EMPTY_ISR           
0     003fa329  _PIE_RESERVED        
0     003fa32e  _rsvd_ISR            
0     003fa333  _InitSysCtrl         
0     003fa33c  _ServiceDog          
0     003fa346  _DisableDog          
0     003fa34e  _InitPll             
0     003fa383  _InitPeripheralClocks
0     003fa3fd  _CsmUnlock           
0     003fa42e  FS$$DIV              
0     003fa4b1  _InitCpuTimers       
0     003fa4ea  _ConfigCpuTimer      
0     003fa51b  _ADC_Interrupt       
0     003fa562  _SCIA_RX_ISR         
0     003fa580  FS$$MPY              
0     003fa5da  _c_int00             
0     003fa61e  _InitSci             
0     003fa61f  _InitSciGpio         
0     003fa624  _InitSciaGpio        
0     003fa63a  _InitScibGpio        
0     003fa64e  FS$$TOL              
0     003fa677  _InitPieCtrl         
0     003fa696  _EnableInterrupts    
0     003fa69f  _InitPieVectTable    
0     003fa6c1  I$$DIV               
0     003fa6d2  I$$MOD               
0     003fa6e3  __args_main          
0     003fa6fc  C$$EXIT              
0     003fa6fc  _abort               
0     003fa6fe  _exit                
0     003fa715  U$$TOFS              
0     003fa725  _InitAdc             
0     003fa72f  __register_unlock    
0     003fa733  __register_lock      
0     003fa737  __nop                
0     003fa738  _strcat              
0     003fa749  _DSP28x_DisableInt   
0     003fa74d  _DSP28x_RestoreInt   
0     003fa750  _SetDBGIER           
0     003fa753  ___etext__           
0     003fa753  etext                
1     00000480  __stack              
1     00000780  __STACK_END          
1     00000880  _DevEmuRegs          
1     00000a80  _FlashRegs           
1     00000ae0  _CsmRegs             
1     00000b00  _AdcMirror           
1     00000c00  _CpuTimer0Regs       
1     00000c08  _CpuTimer1Regs       
1     00000c10  _CpuTimer2Regs       
1     00000ce0  _PieCtrlRegs         
1     00000d00  _PieVectTable        
1     00006000  _ECanaRegs           
1     00006040  _ECanaLAMRegs        
1     00006080  _ECanaMOTSRegs       
1     000060c0  _ECanaMOTORegs       
1     00006100  _ECanaMboxes         
1     00006200  _ECanbRegs           
1     00006240  _ECanbLAMRegs        
1     00006280  _ECanbMOTSRegs       
1     000062c0  _ECanbMOTORegs       
1     00006300  _ECanbMboxes         
1     00006800  _EPwm1Regs           
1     00006840  _EPwm2Regs           
1     00006880  _EPwm3Regs           
1     000068c0  _EPwm4Regs           
1     00006900  _EPwm5Regs           
1     00006940  _EPwm6Regs           
1     00006a00  _ECap1Regs           
1     00006a20  _ECap2Regs           
1     00006a40  _ECap3Regs           
1     00006a60  _ECap4Regs           
1     00006b00  _EQep1Regs           
1     00006b40  _EQep2Regs           
1     00006f80  _GpioCtrlRegs        
1     00006fc0  _GpioDataRegs        
1     00006fe0  _GpioIntRegs         
1     00007010  _SysCtrlRegs         
1     00007040  _SpiaRegs            
1     00007050  _SciaRegs            
1     00007070  _XIntruptRegs        
1     00007100  _AdcRegs             
1     00007740  _SpibRegs            
1     00007750  _ScibRegs            
1     00007760  _SpicRegs            
1     00007780  _SpidRegs            
1     00007900  _I2caRegs            
1     003f7ff8  _CsmPwl              
1     003fb000  _rxaInterruptCount   
1     003fb001  _AdcInterruptCount   
1     003fb002  _charSampleData      
1     003fb003  _breakpoint          
1     003fb004  _array_index         
1     003fb005  _adc_i               
1     003fb006  _adc                 
1     003fb008  _str                 
1     003fb012  _rxaBuffer           
1     003fb040  _stringDataSend      
1     003fb080  _SampleTable         
1     003fb468  _CpuTimer1           
1     003fb470  _CpuTimer2           
1     003fb478  _CpuTimer0           
1     003fb480  ___TI_cleanup_ptr    
1     003fb482  ___TI_dtors_ptr      
1     003fb484  __lock               
1     003fb486  __unlock             
1     003fb488  _PieVectTableInit    
abs   00000300  __STACK_SIZE         
abs   ffffffff  ___binit__           
abs   ffffffff  ___c_args__          
abs   ffffffff  ___pinit__           
abs   ffffffff  binit                
abs   ffffffff  pinit                

[189 symbols]
