<?xml version="1.0"?>
<link_info>
   <banner>TMS320C2000 Linker PC v6.2.0</banner>
   <copyright>Copyright (c) 1996-2013 Texas Instruments Incorporated</copyright>
   <link_time>0x5a5705eb</link_time>
   <link_errors>0x0</link_errors>
   <output_file>D01_ADC_V1.out</output_file>
   <entry_point>
      <name>_c_int00</name>
      <address>0x3fa892</address>
   </entry_point>
   <input_file_list>
      <input_file id="fl-2">
         <path>.\hardware\DSP280x_common\source\</path>
         <kind>object</kind>
         <file>DSP280x_usDelay.obj</file>
         <name>DSP280x_usDelay.obj</name>
      </input_file>
      <input_file id="fl-3">
         <path>.\hardware\DSP280x_common\source\</path>
         <kind>object</kind>
         <file>DSP280x_SysCtrl.obj</file>
         <name>DSP280x_SysCtrl.obj</name>
      </input_file>
      <input_file id="fl-4">
         <path>.\hardware\DSP280x_common\source\</path>
         <kind>object</kind>
         <file>DSP280x_Spi.obj</file>
         <name>DSP280x_Spi.obj</name>
      </input_file>
      <input_file id="fl-5">
         <path>.\hardware\DSP280x_common\source\</path>
         <kind>object</kind>
         <file>DSP280x_Sci.obj</file>
         <name>DSP280x_Sci.obj</name>
      </input_file>
      <input_file id="fl-6">
         <path>.\hardware\DSP280x_common\source\</path>
         <kind>object</kind>
         <file>DSP280x_PieVect.obj</file>
         <name>DSP280x_PieVect.obj</name>
      </input_file>
      <input_file id="fl-7">
         <path>.\hardware\DSP280x_common\source\</path>
         <kind>object</kind>
         <file>DSP280x_PieCtrl.obj</file>
         <name>DSP280x_PieCtrl.obj</name>
      </input_file>
      <input_file id="fl-8">
         <path>.\hardware\DSP280x_common\source\</path>
         <kind>object</kind>
         <file>DSP280x_MemCopy.obj</file>
         <name>DSP280x_MemCopy.obj</name>
      </input_file>
      <input_file id="fl-9">
         <path>.\hardware\DSP280x_common\source\</path>
         <kind>object</kind>
         <file>DSP280x_I2C.obj</file>
         <name>DSP280x_I2C.obj</name>
      </input_file>
      <input_file id="fl-a">
         <path>.\hardware\DSP280x_common\source\</path>
         <kind>object</kind>
         <file>DSP280x_Gpio.obj</file>
         <name>DSP280x_Gpio.obj</name>
      </input_file>
      <input_file id="fl-b">
         <path>.\hardware\DSP280x_common\source\</path>
         <kind>object</kind>
         <file>DSP280x_EQep.obj</file>
         <name>DSP280x_EQep.obj</name>
      </input_file>
      <input_file id="fl-c">
         <path>.\hardware\DSP280x_common\source\</path>
         <kind>object</kind>
         <file>DSP280x_EPwm.obj</file>
         <name>DSP280x_EPwm.obj</name>
      </input_file>
      <input_file id="fl-d">
         <path>.\hardware\DSP280x_common\source\</path>
         <kind>object</kind>
         <file>DSP280x_ECap.obj</file>
         <name>DSP280x_ECap.obj</name>
      </input_file>
      <input_file id="fl-e">
         <path>.\hardware\DSP280x_common\source\</path>
         <kind>object</kind>
         <file>DSP280x_ECan.obj</file>
         <name>DSP280x_ECan.obj</name>
      </input_file>
      <input_file id="fl-f">
         <path>.\hardware\DSP280x_common\source\</path>
         <kind>object</kind>
         <file>DSP280x_DisInt.obj</file>
         <name>DSP280x_DisInt.obj</name>
      </input_file>
      <input_file id="fl-10">
         <path>.\hardware\DSP280x_common\source\</path>
         <kind>object</kind>
         <file>DSP280x_DefaultIsr.obj</file>
         <name>DSP280x_DefaultIsr.obj</name>
      </input_file>
      <input_file id="fl-11">
         <path>.\hardware\DSP280x_common\source\</path>
         <kind>object</kind>
         <file>DSP280x_DBGIER.obj</file>
         <name>DSP280x_DBGIER.obj</name>
      </input_file>
      <input_file id="fl-12">
         <path>.\hardware\DSP280x_common\source\</path>
         <kind>object</kind>
         <file>DSP280x_CpuTimers.obj</file>
         <name>DSP280x_CpuTimers.obj</name>
      </input_file>
      <input_file id="fl-13">
         <path>.\hardware\DSP280x_common\source\</path>
         <kind>object</kind>
         <file>DSP280x_CodeStartBranch.obj</file>
         <name>DSP280x_CodeStartBranch.obj</name>
      </input_file>
      <input_file id="fl-14">
         <path>.\hardware\DSP280x_common\source\</path>
         <kind>object</kind>
         <file>DSP280x_Adc.obj</file>
         <name>DSP280x_Adc.obj</name>
      </input_file>
      <input_file id="fl-15">
         <path>.\hardware\DSP280x_headers\source\</path>
         <kind>object</kind>
         <file>DSP280x_GlobalVariableDefs.obj</file>
         <name>DSP280x_GlobalVariableDefs.obj</name>
      </input_file>
      <input_file id="fl-16">
         <path>.\source\</path>
         <kind>object</kind>
         <file>Main.obj</file>
         <name>Main.obj</name>
      </input_file>
      <input_file id="fl-2a">
         <path>D:\ti\ccsv5\tools\compiler\c2000_6.2.0\lib\</path>
         <kind>archive</kind>
         <file>rts2800_ml.lib</file>
         <name>boot.obj</name>
      </input_file>
      <input_file id="fl-2b">
         <path>D:\ti\ccsv5\tools\compiler\c2000_6.2.0\lib\</path>
         <kind>archive</kind>
         <file>rts2800_ml.lib</file>
         <name>exit.obj</name>
      </input_file>
      <input_file id="fl-2c">
         <path>D:\ti\ccsv5\tools\compiler\c2000_6.2.0\lib\</path>
         <kind>archive</kind>
         <file>rts2800_ml.lib</file>
         <name>fs_div.obj</name>
      </input_file>
      <input_file id="fl-2d">
         <path>D:\ti\ccsv5\tools\compiler\c2000_6.2.0\lib\</path>
         <kind>archive</kind>
         <file>rts2800_ml.lib</file>
         <name>fs_mpy.obj</name>
      </input_file>
      <input_file id="fl-2e">
         <path>D:\ti\ccsv5\tools\compiler\c2000_6.2.0\lib\</path>
         <kind>archive</kind>
         <file>rts2800_ml.lib</file>
         <name>fs_tol.obj</name>
      </input_file>
      <input_file id="fl-2f">
         <path>D:\ti\ccsv5\tools\compiler\c2000_6.2.0\lib\</path>
         <kind>archive</kind>
         <file>rts2800_ml.lib</file>
         <name>i_div.obj</name>
      </input_file>
      <input_file id="fl-30">
         <path>D:\ti\ccsv5\tools\compiler\c2000_6.2.0\lib\</path>
         <kind>archive</kind>
         <file>rts2800_ml.lib</file>
         <name>_lock.obj</name>
      </input_file>
      <input_file id="fl-31">
         <path>D:\ti\ccsv5\tools\compiler\c2000_6.2.0\lib\</path>
         <kind>archive</kind>
         <file>rts2800_ml.lib</file>
         <name>strcat.obj</name>
      </input_file>
      <input_file id="fl-32">
         <path>D:\ti\ccsv5\tools\compiler\c2000_6.2.0\lib\</path>
         <kind>archive</kind>
         <file>rts2800_ml.lib</file>
         <name>u_div.obj</name>
      </input_file>
      <input_file id="fl-33">
         <path>D:\ti\ccsv5\tools\compiler\c2000_6.2.0\lib\</path>
         <kind>archive</kind>
         <file>rts2800_ml.lib</file>
         <name>u_tofs.obj</name>
      </input_file>
      <input_file id="fl-34">
         <path>D:\ti\ccsv5\tools\compiler\c2000_6.2.0\lib\</path>
         <kind>archive</kind>
         <file>rts2800_ml.lib</file>
         <name>args_main.obj</name>
      </input_file>
   </input_file_list>
   <object_component_list>
      <object_component id="oc-93">
         <name>codestart</name>
         <load_address>0x0</load_address>
         <run_address>0x0</run_address>
         <size>0x2</size>
         <input_file_ref idref="fl-13"/>
      </object_component>
      <object_component id="oc-43">
         <name>ramfuncs</name>
         <load_address>0x3d</load_address>
         <run_address>0x3d</run_address>
         <size>0x1b</size>
         <input_file_ref idref="fl-3"/>
      </object_component>
      <object_component id="oc-3d">
         <name>ramfuncs</name>
         <load_address>0x58</load_address>
         <run_address>0x58</run_address>
         <size>0x4</size>
         <input_file_ref idref="fl-2"/>
      </object_component>
      <object_component id="oc-cb">
         <name>.text</name>
         <load_address>0x3fa000</load_address>
         <run_address>0x3fa000</run_address>
         <size>0x1c3</size>
         <input_file_ref idref="fl-16"/>
      </object_component>
      <object_component id="oc-84">
         <name>.text:retain</name>
         <load_address>0x3fa1c3</load_address>
         <run_address>0x3fa1c3</run_address>
         <size>0x145</size>
         <input_file_ref idref="fl-10"/>
      </object_component>
      <object_component id="oc-7a">
         <name>.text</name>
         <load_address>0x3fa308</load_address>
         <run_address>0x3fa308</run_address>
         <size>0x12a</size>
         <input_file_ref idref="fl-e"/>
      </object_component>
      <object_component id="oc-41">
         <name>.text</name>
         <load_address>0x3fa432</load_address>
         <run_address>0x3fa432</run_address>
         <size>0xf7</size>
         <input_file_ref idref="fl-3"/>
      </object_component>
      <object_component id="oc-70">
         <name>.text</name>
         <load_address>0x3fa529</load_address>
         <run_address>0x3fa529</run_address>
         <size>0xc8</size>
         <input_file_ref idref="fl-c"/>
      </object_component>
      <object_component id="oc-47">
         <name>.text</name>
         <load_address>0x3fa5f1</load_address>
         <run_address>0x3fa5f1</run_address>
         <size>0xa0</size>
         <input_file_ref idref="fl-4"/>
      </object_component>
      <object_component id="oc-e0">
         <name>.text</name>
         <load_address>0x3fa691</load_address>
         <run_address>0x3fa691</run_address>
         <size>0x83</size>
         <input_file_ref idref="fl-2c"/>
      </object_component>
      <object_component id="oc-8c">
         <name>.text</name>
         <load_address>0x3fa714</load_address>
         <run_address>0x3fa714</run_address>
         <size>0x6d</size>
         <input_file_ref idref="fl-12"/>
      </object_component>
      <object_component id="oc-cf">
         <name>.text:retain</name>
         <load_address>0x3fa781</load_address>
         <run_address>0x3fa781</run_address>
         <size>0x61</size>
         <input_file_ref idref="fl-16"/>
      </object_component>
      <object_component id="oc-e4">
         <name>.text</name>
         <load_address>0x3fa7e2</load_address>
         <run_address>0x3fa7e2</run_address>
         <size>0x5a</size>
         <input_file_ref idref="fl-2d"/>
      </object_component>
      <object_component id="oc-6b">
         <name>.text</name>
         <load_address>0x3fa83c</load_address>
         <run_address>0x3fa83c</run_address>
         <size>0x56</size>
         <input_file_ref idref="fl-b"/>
      </object_component>
      <object_component id="oc-3c">
         <name>.text</name>
         <load_address>0x3fa892</load_address>
         <run_address>0x3fa892</run_address>
         <size>0x44</size>
         <input_file_ref idref="fl-2a"/>
      </object_component>
      <object_component id="oc-75">
         <name>.text</name>
         <load_address>0x3fa8d6</load_address>
         <run_address>0x3fa8d6</run_address>
         <size>0x3c</size>
         <input_file_ref idref="fl-d"/>
      </object_component>
      <object_component id="oc-4c">
         <name>.text</name>
         <load_address>0x3fa912</load_address>
         <run_address>0x3fa912</run_address>
         <size>0x30</size>
         <input_file_ref idref="fl-5"/>
      </object_component>
      <object_component id="oc-e8">
         <name>.text</name>
         <load_address>0x3fa942</load_address>
         <run_address>0x3fa942</run_address>
         <size>0x29</size>
         <input_file_ref idref="fl-2e"/>
      </object_component>
      <object_component id="oc-57">
         <name>.text</name>
         <load_address>0x3fa96b</load_address>
         <run_address>0x3fa96b</run_address>
         <size>0x28</size>
         <input_file_ref idref="fl-7"/>
      </object_component>
      <object_component id="oc-66">
         <name>.text</name>
         <load_address>0x3fa993</load_address>
         <run_address>0x3fa993</run_address>
         <size>0x25</size>
         <input_file_ref idref="fl-a"/>
      </object_component>
      <object_component id="oc-ec">
         <name>.text</name>
         <load_address>0x3fa9b8</load_address>
         <run_address>0x3fa9b8</run_address>
         <size>0x22</size>
         <input_file_ref idref="fl-2f"/>
      </object_component>
      <object_component id="oc-51">
         <name>.text</name>
         <load_address>0x3fa9da</load_address>
         <run_address>0x3fa9da</run_address>
         <size>0x20</size>
         <input_file_ref idref="fl-6"/>
      </object_component>
      <object_component id="oc-104">
         <name>.text</name>
         <load_address>0x3fa9fa</load_address>
         <run_address>0x3fa9fa</run_address>
         <size>0x19</size>
         <input_file_ref idref="fl-34"/>
      </object_component>
      <object_component id="oc-d9">
         <name>.text</name>
         <load_address>0x3faa13</load_address>
         <run_address>0x3faa13</run_address>
         <size>0x19</size>
         <input_file_ref idref="fl-2b"/>
      </object_component>
      <object_component id="oc-61">
         <name>.text</name>
         <load_address>0x3faa2c</load_address>
         <run_address>0x3faa2c</run_address>
         <size>0x17</size>
         <input_file_ref idref="fl-9"/>
      </object_component>
      <object_component id="oc-5c">
         <name>.text</name>
         <load_address>0x3faa43</load_address>
         <run_address>0x3faa43</run_address>
         <size>0x15</size>
         <input_file_ref idref="fl-8"/>
      </object_component>
      <object_component id="oc-100">
         <name>.text</name>
         <load_address>0x3faa58</load_address>
         <run_address>0x3faa58</run_address>
         <size>0x10</size>
         <input_file_ref idref="fl-33"/>
      </object_component>
      <object_component id="oc-fc">
         <name>.text</name>
         <load_address>0x3faa68</load_address>
         <run_address>0x3faa68</run_address>
         <size>0xb</size>
         <input_file_ref idref="fl-32"/>
      </object_component>
      <object_component id="oc-97">
         <name>.text</name>
         <load_address>0x3faa73</load_address>
         <run_address>0x3faa73</run_address>
         <size>0xa</size>
         <input_file_ref idref="fl-14"/>
      </object_component>
      <object_component id="oc-f0">
         <name>.text</name>
         <load_address>0x3faa7d</load_address>
         <run_address>0x3faa7d</run_address>
         <size>0x9</size>
         <input_file_ref idref="fl-30"/>
      </object_component>
      <object_component id="oc-f7">
         <name>.text</name>
         <load_address>0x3faa86</load_address>
         <run_address>0x3faa86</run_address>
         <size>0x9</size>
         <input_file_ref idref="fl-31"/>
      </object_component>
      <object_component id="oc-92">
         <name>.text</name>
         <load_address>0x3faa8f</load_address>
         <run_address>0x3faa8f</run_address>
         <size>0x8</size>
         <input_file_ref idref="fl-13"/>
      </object_component>
      <object_component id="oc-7f">
         <name>.text</name>
         <load_address>0x3faa97</load_address>
         <run_address>0x3faa97</run_address>
         <size>0x7</size>
         <input_file_ref idref="fl-f"/>
      </object_component>
      <object_component id="oc-88">
         <name>.text</name>
         <load_address>0x3faa9e</load_address>
         <run_address>0x3faa9e</run_address>
         <size>0x3</size>
         <input_file_ref idref="fl-11"/>
      </object_component>
      <object_component id="oc-cd">
         <name>.cinit</name>
         <load_address>0x2</load_address>
         <run_address>0x2</run_address>
         <size>0x25</size>
         <input_file_ref idref="fl-16"/>
      </object_component>
      <object_component id="oc-f2">
         <name>.cinit</name>
         <load_address>0x27</load_address>
         <run_address>0x27</run_address>
         <size>0xa</size>
         <input_file_ref idref="fl-30"/>
      </object_component>
      <object_component id="oc-db">
         <name>.cinit</name>
         <load_address>0x31</load_address>
         <run_address>0x31</run_address>
         <size>0xa</size>
         <input_file_ref idref="fl-2b"/>
      </object_component>
      <object_component id="oc-d5">
         <name>.reset</name>
         <load_address>0x3fffc0</load_address>
         <run_address>0x3fffc0</run_address>
         <size>0x2</size>
         <input_file_ref idref="fl-2a"/>
      </object_component>
      <object_component id="oc-d4">
         <name>.stack</name>
         <uninitialized>true</uninitialized>
         <run_address>0x480</run_address>
         <size>0x0</size>
         <input_file_ref idref="fl-2a"/>
      </object_component>
      <object_component id="oc-14e">
         <name>.stack</name>
         <uninitialized>true</uninitialized>
         <run_address>0x480</run_address>
         <size>0x0</size>
      </object_component>
      <object_component id="oc-8e">
         <name>.ebss</name>
         <uninitialized>true</uninitialized>
         <run_address>0x3fb468</run_address>
         <size>0x18</size>
         <input_file_ref idref="fl-12"/>
      </object_component>
      <object_component id="oc-ce">
         <name>.ebss</name>
         <uninitialized>true</uninitialized>
         <run_address>0x3fb000</run_address>
         <size>0x468</size>
         <input_file_ref idref="fl-16"/>
      </object_component>
      <object_component id="oc-dc">
         <name>.ebss</name>
         <uninitialized>true</uninitialized>
         <run_address>0x3fb484</run_address>
         <size>0x4</size>
         <input_file_ref idref="fl-2b"/>
      </object_component>
      <object_component id="oc-f3">
         <name>.ebss</name>
         <uninitialized>true</uninitialized>
         <run_address>0x3fb480</run_address>
         <size>0x4</size>
         <input_file_ref idref="fl-30"/>
      </object_component>
      <object_component id="oc-53">
         <name>.econst</name>
         <load_address>0x3fb488</load_address>
         <run_address>0x3fb488</run_address>
         <size>0x100</size>
         <input_file_ref idref="fl-6"/>
      </object_component>
      <object_component id="oc-d0">
         <name>.econst:.string</name>
         <load_address>0x3fb588</load_address>
         <run_address>0x3fb588</run_address>
         <size>0xd</size>
         <input_file_ref idref="fl-16"/>
      </object_component>
      <object_component id="oc-109">
         <name>.econst:.string:_$P$T0$1</name>
         <load_address>0x3fb595</load_address>
         <run_address>0x3fb595</run_address>
         <size>0xa</size>
         <input_file_ref idref="fl-16"/>
      </object_component>
      <object_component id="oc-10a">
         <name>.econst:.string:_$P$T1$2</name>
         <load_address>0x3fb59f</load_address>
         <run_address>0x3fb59f</run_address>
         <size>0xa</size>
         <input_file_ref idref="fl-16"/>
      </object_component>
      <object_component id="oc-c7">
         <name>PieVectTableFile</name>
         <uninitialized>true</uninitialized>
         <run_address>0xd00</run_address>
         <size>0x100</size>
         <input_file_ref idref="fl-15"/>
      </object_component>
      <object_component id="oc-c6">
         <name>DevEmuRegsFile</name>
         <uninitialized>true</uninitialized>
         <run_address>0x880</run_address>
         <size>0xd0</size>
         <input_file_ref idref="fl-15"/>
      </object_component>
      <object_component id="oc-9f">
         <name>FlashRegsFile</name>
         <uninitialized>true</uninitialized>
         <run_address>0xa80</run_address>
         <size>0x8</size>
         <input_file_ref idref="fl-15"/>
      </object_component>
      <object_component id="oc-a8">
         <name>CsmRegsFile</name>
         <uninitialized>true</uninitialized>
         <run_address>0xae0</run_address>
         <size>0x10</size>
         <input_file_ref idref="fl-15"/>
      </object_component>
      <object_component id="oc-a9">
         <name>AdcMirrorFile</name>
         <uninitialized>true</uninitialized>
         <run_address>0xb00</run_address>
         <size>0x10</size>
         <input_file_ref idref="fl-15"/>
      </object_component>
      <object_component id="oc-a0">
         <name>CpuTimer0RegsFile</name>
         <uninitialized>true</uninitialized>
         <run_address>0xc00</run_address>
         <size>0x8</size>
         <input_file_ref idref="fl-15"/>
      </object_component>
      <object_component id="oc-9e">
         <name>CpuTimer1RegsFile</name>
         <uninitialized>true</uninitialized>
         <run_address>0xc08</run_address>
         <size>0x8</size>
         <input_file_ref idref="fl-15"/>
      </object_component>
      <object_component id="oc-9d">
         <name>CpuTimer2RegsFile</name>
         <uninitialized>true</uninitialized>
         <run_address>0xc10</run_address>
         <size>0x8</size>
         <input_file_ref idref="fl-15"/>
      </object_component>
      <object_component id="oc-ac">
         <name>PieCtrlRegsFile</name>
         <uninitialized>true</uninitialized>
         <run_address>0xce0</run_address>
         <size>0x1a</size>
         <input_file_ref idref="fl-15"/>
      </object_component>
      <object_component id="oc-bb">
         <name>ECanaRegsFile</name>
         <uninitialized>true</uninitialized>
         <run_address>0x6000</run_address>
         <size>0x34</size>
         <input_file_ref idref="fl-15"/>
      </object_component>
      <object_component id="oc-bf">
         <name>ECanaLAMRegsFile</name>
         <uninitialized>true</uninitialized>
         <run_address>0x6040</run_address>
         <size>0x40</size>
         <input_file_ref idref="fl-15"/>
      </object_component>
      <object_component id="oc-c9">
         <name>ECanaMboxesFile</name>
         <uninitialized>true</uninitialized>
         <run_address>0x6100</run_address>
         <size>0x100</size>
         <input_file_ref idref="fl-15"/>
      </object_component>
      <object_component id="oc-c0">
         <name>ECanaMOTSRegsFile</name>
         <uninitialized>true</uninitialized>
         <run_address>0x6080</run_address>
         <size>0x40</size>
         <input_file_ref idref="fl-15"/>
      </object_component>
      <object_component id="oc-be">
         <name>ECanaMOTORegsFile</name>
         <uninitialized>true</uninitialized>
         <run_address>0x60c0</run_address>
         <size>0x40</size>
         <input_file_ref idref="fl-15"/>
      </object_component>
      <object_component id="oc-bc">
         <name>ECanbRegsFile</name>
         <uninitialized>true</uninitialized>
         <run_address>0x6200</run_address>
         <size>0x34</size>
         <input_file_ref idref="fl-15"/>
      </object_component>
      <object_component id="oc-bd">
         <name>ECanbLAMRegsFile</name>
         <uninitialized>true</uninitialized>
         <run_address>0x6240</run_address>
         <size>0x40</size>
         <input_file_ref idref="fl-15"/>
      </object_component>
      <object_component id="oc-c8">
         <name>ECanbMboxesFile</name>
         <uninitialized>true</uninitialized>
         <run_address>0x6300</run_address>
         <size>0x100</size>
         <input_file_ref idref="fl-15"/>
      </object_component>
      <object_component id="oc-c4">
         <name>ECanbMOTSRegsFile</name>
         <uninitialized>true</uninitialized>
         <run_address>0x6280</run_address>
         <size>0x40</size>
         <input_file_ref idref="fl-15"/>
      </object_component>
      <object_component id="oc-c2">
         <name>ECanbMOTORegsFile</name>
         <uninitialized>true</uninitialized>
         <run_address>0x62c0</run_address>
         <size>0x40</size>
         <input_file_ref idref="fl-15"/>
      </object_component>
      <object_component id="oc-b5">
         <name>EPwm1RegsFile</name>
         <uninitialized>true</uninitialized>
         <run_address>0x6800</run_address>
         <size>0x22</size>
         <input_file_ref idref="fl-15"/>
      </object_component>
      <object_component id="oc-b6">
         <name>EPwm2RegsFile</name>
         <uninitialized>true</uninitialized>
         <run_address>0x6840</run_address>
         <size>0x22</size>
         <input_file_ref idref="fl-15"/>
      </object_component>
      <object_component id="oc-b7">
         <name>EPwm3RegsFile</name>
         <uninitialized>true</uninitialized>
         <run_address>0x6880</run_address>
         <size>0x22</size>
         <input_file_ref idref="fl-15"/>
      </object_component>
      <object_component id="oc-b9">
         <name>EPwm4RegsFile</name>
         <uninitialized>true</uninitialized>
         <run_address>0x68c0</run_address>
         <size>0x22</size>
         <input_file_ref idref="fl-15"/>
      </object_component>
      <object_component id="oc-b8">
         <name>EPwm5RegsFile</name>
         <uninitialized>true</uninitialized>
         <run_address>0x6900</run_address>
         <size>0x22</size>
         <input_file_ref idref="fl-15"/>
      </object_component>
      <object_component id="oc-ba">
         <name>EPwm6RegsFile</name>
         <uninitialized>true</uninitialized>
         <run_address>0x6940</run_address>
         <size>0x22</size>
         <input_file_ref idref="fl-15"/>
      </object_component>
      <object_component id="oc-b1">
         <name>ECap1RegsFile</name>
         <uninitialized>true</uninitialized>
         <run_address>0x6a00</run_address>
         <size>0x20</size>
         <input_file_ref idref="fl-15"/>
      </object_component>
      <object_component id="oc-af">
         <name>ECap2RegsFile</name>
         <uninitialized>true</uninitialized>
         <run_address>0x6a20</run_address>
         <size>0x20</size>
         <input_file_ref idref="fl-15"/>
      </object_component>
      <object_component id="oc-b0">
         <name>ECap3RegsFile</name>
         <uninitialized>true</uninitialized>
         <run_address>0x6a40</run_address>
         <size>0x20</size>
         <input_file_ref idref="fl-15"/>
      </object_component>
      <object_component id="oc-ae">
         <name>ECap4RegsFile</name>
         <uninitialized>true</uninitialized>
         <run_address>0x6a60</run_address>
         <size>0x20</size>
         <input_file_ref idref="fl-15"/>
      </object_component>
      <object_component id="oc-c3">
         <name>EQep1RegsFile</name>
         <uninitialized>true</uninitialized>
         <run_address>0x6b00</run_address>
         <size>0x40</size>
         <input_file_ref idref="fl-15"/>
      </object_component>
      <object_component id="oc-c5">
         <name>EQep2RegsFile</name>
         <uninitialized>true</uninitialized>
         <run_address>0x6b40</run_address>
         <size>0x40</size>
         <input_file_ref idref="fl-15"/>
      </object_component>
      <object_component id="oc-c1">
         <name>GpioCtrlRegsFile</name>
         <uninitialized>true</uninitialized>
         <run_address>0x6f80</run_address>
         <size>0x40</size>
         <input_file_ref idref="fl-15"/>
      </object_component>
      <object_component id="oc-b2">
         <name>GpioDataRegsFile</name>
         <uninitialized>true</uninitialized>
         <run_address>0x6fc0</run_address>
         <size>0x20</size>
         <input_file_ref idref="fl-15"/>
      </object_component>
      <object_component id="oc-a2">
         <name>GpioIntRegsFile</name>
         <uninitialized>true</uninitialized>
         <run_address>0x6fe0</run_address>
         <size>0xa</size>
         <input_file_ref idref="fl-15"/>
      </object_component>
      <object_component id="oc-b3">
         <name>SysCtrlRegsFile</name>
         <uninitialized>true</uninitialized>
         <run_address>0x7010</run_address>
         <size>0x20</size>
         <input_file_ref idref="fl-15"/>
      </object_component>
      <object_component id="oc-a6">
         <name>SpiaRegsFile</name>
         <uninitialized>true</uninitialized>
         <run_address>0x7040</run_address>
         <size>0x10</size>
         <input_file_ref idref="fl-15"/>
      </object_component>
      <object_component id="oc-a7">
         <name>SciaRegsFile</name>
         <uninitialized>true</uninitialized>
         <run_address>0x7050</run_address>
         <size>0x10</size>
         <input_file_ref idref="fl-15"/>
      </object_component>
      <object_component id="oc-ab">
         <name>XIntruptRegsFile</name>
         <uninitialized>true</uninitialized>
         <run_address>0x7070</run_address>
         <size>0x10</size>
         <input_file_ref idref="fl-15"/>
      </object_component>
      <object_component id="oc-ad">
         <name>AdcRegsFile</name>
         <uninitialized>true</uninitialized>
         <run_address>0x7100</run_address>
         <size>0x1e</size>
         <input_file_ref idref="fl-15"/>
      </object_component>
      <object_component id="oc-a4">
         <name>SpibRegsFile</name>
         <uninitialized>true</uninitialized>
         <run_address>0x7740</run_address>
         <size>0x10</size>
         <input_file_ref idref="fl-15"/>
      </object_component>
      <object_component id="oc-a5">
         <name>ScibRegsFile</name>
         <uninitialized>true</uninitialized>
         <run_address>0x7750</run_address>
         <size>0x10</size>
         <input_file_ref idref="fl-15"/>
      </object_component>
      <object_component id="oc-a3">
         <name>SpicRegsFile</name>
         <uninitialized>true</uninitialized>
         <run_address>0x7760</run_address>
         <size>0x10</size>
         <input_file_ref idref="fl-15"/>
      </object_component>
      <object_component id="oc-aa">
         <name>SpidRegsFile</name>
         <uninitialized>true</uninitialized>
         <run_address>0x7780</run_address>
         <size>0x10</size>
         <input_file_ref idref="fl-15"/>
      </object_component>
      <object_component id="oc-b4">
         <name>I2caRegsFile</name>
         <uninitialized>true</uninitialized>
         <run_address>0x7900</run_address>
         <size>0x22</size>
         <input_file_ref idref="fl-15"/>
      </object_component>
      <object_component id="oc-a1">
         <name>CsmPwlFile</name>
         <uninitialized>true</uninitialized>
         <run_address>0x3f7ff8</run_address>
         <size>0x8</size>
         <input_file_ref idref="fl-15"/>
      </object_component>
      <object_component id="oc-3e">
         <name>.debug_info</name>
         <load_address>0x0</load_address>
         <run_address>0x0</run_address>
         <size>0x127</size>
         <input_file_ref idref="fl-2"/>
      </object_component>
      <object_component id="oc-42">
         <name>.debug_info</name>
         <load_address>0x127</load_address>
         <run_address>0x127</run_address>
         <size>0x1c13</size>
         <input_file_ref idref="fl-3"/>
      </object_component>
      <object_component id="oc-48">
         <name>.debug_info</name>
         <load_address>0x1d3a</load_address>
         <run_address>0x1d3a</run_address>
         <size>0x13a4</size>
         <input_file_ref idref="fl-4"/>
      </object_component>
      <object_component id="oc-4d">
         <name>.debug_info</name>
         <load_address>0x30de</load_address>
         <run_address>0x30de</run_address>
         <size>0x125a</size>
         <input_file_ref idref="fl-5"/>
      </object_component>
      <object_component id="oc-52">
         <name>.debug_info</name>
         <load_address>0x4338</load_address>
         <run_address>0x4338</run_address>
         <size>0x210d</size>
         <input_file_ref idref="fl-6"/>
      </object_component>
      <object_component id="oc-58">
         <name>.debug_info</name>
         <load_address>0x6445</load_address>
         <run_address>0x6445</run_address>
         <size>0xb05</size>
         <input_file_ref idref="fl-7"/>
      </object_component>
      <object_component id="oc-5d">
         <name>.debug_info</name>
         <load_address>0x6f4a</load_address>
         <run_address>0x6f4a</run_address>
         <size>0x410</size>
         <input_file_ref idref="fl-8"/>
      </object_component>
      <object_component id="oc-62">
         <name>.debug_info</name>
         <load_address>0x735a</load_address>
         <run_address>0x735a</run_address>
         <size>0x1110</size>
         <input_file_ref idref="fl-9"/>
      </object_component>
      <object_component id="oc-67">
         <name>.debug_info</name>
         <load_address>0x846a</load_address>
         <run_address>0x846a</run_address>
         <size>0x11b8</size>
         <input_file_ref idref="fl-a"/>
      </object_component>
      <object_component id="oc-6c">
         <name>.debug_info</name>
         <load_address>0x9622</load_address>
         <run_address>0x9622</run_address>
         <size>0x126d</size>
         <input_file_ref idref="fl-b"/>
      </object_component>
      <object_component id="oc-71">
         <name>.debug_info</name>
         <load_address>0xa88f</load_address>
         <run_address>0xa88f</run_address>
         <size>0x1641</size>
         <input_file_ref idref="fl-c"/>
      </object_component>
      <object_component id="oc-76">
         <name>.debug_info</name>
         <load_address>0xbed0</load_address>
         <run_address>0xbed0</run_address>
         <size>0x13c1</size>
         <input_file_ref idref="fl-d"/>
      </object_component>
      <object_component id="oc-7b">
         <name>.debug_info</name>
         <load_address>0xd291</load_address>
         <run_address>0xd291</run_address>
         <size>0x54e8</size>
         <input_file_ref idref="fl-e"/>
      </object_component>
      <object_component id="oc-80">
         <name>.debug_info</name>
         <load_address>0x12779</load_address>
         <run_address>0x12779</run_address>
         <size>0x12b</size>
         <input_file_ref idref="fl-f"/>
      </object_component>
      <object_component id="oc-83">
         <name>.debug_info</name>
         <load_address>0x128a4</load_address>
         <run_address>0x128a4</run_address>
         <size>0x29d9</size>
         <input_file_ref idref="fl-10"/>
      </object_component>
      <object_component id="oc-89">
         <name>.debug_info</name>
         <load_address>0x1527d</load_address>
         <run_address>0x1527d</run_address>
         <size>0x125</size>
         <input_file_ref idref="fl-11"/>
      </object_component>
      <object_component id="oc-8d">
         <name>.debug_info</name>
         <load_address>0x153a2</load_address>
         <run_address>0x153a2</run_address>
         <size>0x955</size>
         <input_file_ref idref="fl-12"/>
      </object_component>
      <object_component id="oc-94">
         <name>.debug_info</name>
         <load_address>0x15cf7</load_address>
         <run_address>0x15cf7</run_address>
         <size>0x182</size>
         <input_file_ref idref="fl-13"/>
      </object_component>
      <object_component id="oc-98">
         <name>.debug_info</name>
         <load_address>0x15e79</load_address>
         <run_address>0x15e79</run_address>
         <size>0x1286</size>
         <input_file_ref idref="fl-14"/>
      </object_component>
      <object_component id="oc-9c">
         <name>.debug_info</name>
         <load_address>0x170ff</load_address>
         <run_address>0x170ff</run_address>
         <size>0xe151</size>
         <input_file_ref idref="fl-15"/>
      </object_component>
      <object_component id="oc-cc">
         <name>.debug_info</name>
         <load_address>0x25250</load_address>
         <run_address>0x25250</run_address>
         <size>0x4269</size>
         <input_file_ref idref="fl-16"/>
      </object_component>
      <object_component id="oc-d6">
         <name>.debug_info</name>
         <load_address>0x294b9</load_address>
         <run_address>0x294b9</run_address>
         <size>0xde</size>
         <input_file_ref idref="fl-2a"/>
      </object_component>
      <object_component id="oc-da">
         <name>.debug_info</name>
         <load_address>0x29597</load_address>
         <run_address>0x29597</run_address>
         <size>0x3d6</size>
         <input_file_ref idref="fl-2b"/>
      </object_component>
      <object_component id="oc-e1">
         <name>.debug_info</name>
         <load_address>0x2996d</load_address>
         <run_address>0x2996d</run_address>
         <size>0xc0</size>
         <input_file_ref idref="fl-2c"/>
      </object_component>
      <object_component id="oc-e5">
         <name>.debug_info</name>
         <load_address>0x29a2d</load_address>
         <run_address>0x29a2d</run_address>
         <size>0xc0</size>
         <input_file_ref idref="fl-2d"/>
      </object_component>
      <object_component id="oc-e9">
         <name>.debug_info</name>
         <load_address>0x29aed</load_address>
         <run_address>0x29aed</run_address>
         <size>0xcc</size>
         <input_file_ref idref="fl-2e"/>
      </object_component>
      <object_component id="oc-ed">
         <name>.debug_info</name>
         <load_address>0x29bb9</load_address>
         <run_address>0x29bb9</run_address>
         <size>0xeb</size>
         <input_file_ref idref="fl-2f"/>
      </object_component>
      <object_component id="oc-f1">
         <name>.debug_info</name>
         <load_address>0x29ca4</load_address>
         <run_address>0x29ca4</run_address>
         <size>0x3fc</size>
         <input_file_ref idref="fl-30"/>
      </object_component>
      <object_component id="oc-f8">
         <name>.debug_info</name>
         <load_address>0x2a0a0</load_address>
         <run_address>0x2a0a0</run_address>
         <size>0x3a1</size>
         <input_file_ref idref="fl-31"/>
      </object_component>
      <object_component id="oc-fd">
         <name>.debug_info</name>
         <load_address>0x2a441</load_address>
         <run_address>0x2a441</run_address>
         <size>0xeb</size>
         <input_file_ref idref="fl-32"/>
      </object_component>
      <object_component id="oc-101">
         <name>.debug_info</name>
         <load_address>0x2a52c</load_address>
         <run_address>0x2a52c</run_address>
         <size>0xc0</size>
         <input_file_ref idref="fl-33"/>
      </object_component>
      <object_component id="oc-105">
         <name>.debug_info</name>
         <load_address>0x2a5ec</load_address>
         <run_address>0x2a5ec</run_address>
         <size>0x3bd</size>
         <input_file_ref idref="fl-34"/>
      </object_component>
      <object_component id="oc-14f">
         <name>.debug_info</name>
         <load_address>0x2a9a9</load_address>
         <run_address>0x2a9a9</run_address>
         <size>0x6f</size>
      </object_component>
      <object_component id="oc-3f">
         <name>.debug_line</name>
         <load_address>0x0</load_address>
         <run_address>0x0</run_address>
         <size>0x63</size>
         <input_file_ref idref="fl-2"/>
      </object_component>
      <object_component id="oc-45">
         <name>.debug_line</name>
         <load_address>0x63</load_address>
         <run_address>0x63</run_address>
         <size>0x17c</size>
         <input_file_ref idref="fl-3"/>
      </object_component>
      <object_component id="oc-4a">
         <name>.debug_line</name>
         <load_address>0x1df</load_address>
         <run_address>0x1df</run_address>
         <size>0x118</size>
         <input_file_ref idref="fl-4"/>
      </object_component>
      <object_component id="oc-4f">
         <name>.debug_line</name>
         <load_address>0x2f7</load_address>
         <run_address>0x2f7</run_address>
         <size>0xc0</size>
         <input_file_ref idref="fl-5"/>
      </object_component>
      <object_component id="oc-55">
         <name>.debug_line</name>
         <load_address>0x3b7</load_address>
         <run_address>0x3b7</run_address>
         <size>0x83</size>
         <input_file_ref idref="fl-6"/>
      </object_component>
      <object_component id="oc-5a">
         <name>.debug_line</name>
         <load_address>0x43a</load_address>
         <run_address>0x43a</run_address>
         <size>0xa1</size>
         <input_file_ref idref="fl-7"/>
      </object_component>
      <object_component id="oc-5f">
         <name>.debug_line</name>
         <load_address>0x4db</load_address>
         <run_address>0x4db</run_address>
         <size>0x72</size>
         <input_file_ref idref="fl-8"/>
      </object_component>
      <object_component id="oc-64">
         <name>.debug_line</name>
         <load_address>0x54d</load_address>
         <run_address>0x54d</run_address>
         <size>0x83</size>
         <input_file_ref idref="fl-9"/>
      </object_component>
      <object_component id="oc-69">
         <name>.debug_line</name>
         <load_address>0x5d0</load_address>
         <run_address>0x5d0</run_address>
         <size>0x78</size>
         <input_file_ref idref="fl-a"/>
      </object_component>
      <object_component id="oc-6e">
         <name>.debug_line</name>
         <load_address>0x648</load_address>
         <run_address>0x648</run_address>
         <size>0xc7</size>
         <input_file_ref idref="fl-b"/>
      </object_component>
      <object_component id="oc-73">
         <name>.debug_line</name>
         <load_address>0x70f</load_address>
         <run_address>0x70f</run_address>
         <size>0x183</size>
         <input_file_ref idref="fl-c"/>
      </object_component>
      <object_component id="oc-78">
         <name>.debug_line</name>
         <load_address>0x892</load_address>
         <run_address>0x892</run_address>
         <size>0xf3</size>
         <input_file_ref idref="fl-d"/>
      </object_component>
      <object_component id="oc-7d">
         <name>.debug_line</name>
         <load_address>0x985</load_address>
         <run_address>0x985</run_address>
         <size>0x190</size>
         <input_file_ref idref="fl-e"/>
      </object_component>
      <object_component id="oc-81">
         <name>.debug_line</name>
         <load_address>0xb15</load_address>
         <run_address>0xb15</run_address>
         <size>0x66</size>
         <input_file_ref idref="fl-f"/>
      </object_component>
      <object_component id="oc-86">
         <name>.debug_line</name>
         <load_address>0xb7b</load_address>
         <run_address>0xb7b</run_address>
         <size>0x61e</size>
         <input_file_ref idref="fl-10"/>
      </object_component>
      <object_component id="oc-8a">
         <name>.debug_line</name>
         <load_address>0x1199</load_address>
         <run_address>0x1199</run_address>
         <size>0x62</size>
         <input_file_ref idref="fl-11"/>
      </object_component>
      <object_component id="oc-90">
         <name>.debug_line</name>
         <load_address>0x11fb</load_address>
         <run_address>0x11fb</run_address>
         <size>0x9f</size>
         <input_file_ref idref="fl-12"/>
      </object_component>
      <object_component id="oc-95">
         <name>.debug_line</name>
         <load_address>0x129a</load_address>
         <run_address>0x129a</run_address>
         <size>0x7c</size>
         <input_file_ref idref="fl-13"/>
      </object_component>
      <object_component id="oc-9a">
         <name>.debug_line</name>
         <load_address>0x1316</load_address>
         <run_address>0x1316</run_address>
         <size>0x64</size>
         <input_file_ref idref="fl-14"/>
      </object_component>
      <object_component id="oc-d2">
         <name>.debug_line</name>
         <load_address>0x137a</load_address>
         <run_address>0x137a</run_address>
         <size>0x24d</size>
         <input_file_ref idref="fl-16"/>
      </object_component>
      <object_component id="oc-d7">
         <name>.debug_line</name>
         <load_address>0x15c7</load_address>
         <run_address>0x15c7</run_address>
         <size>0x70</size>
         <input_file_ref idref="fl-2a"/>
      </object_component>
      <object_component id="oc-de">
         <name>.debug_line</name>
         <load_address>0x1637</load_address>
         <run_address>0x1637</run_address>
         <size>0x5a</size>
         <input_file_ref idref="fl-2b"/>
      </object_component>
      <object_component id="oc-e2">
         <name>.debug_line</name>
         <load_address>0x1691</load_address>
         <run_address>0x1691</run_address>
         <size>0xa8</size>
         <input_file_ref idref="fl-2c"/>
      </object_component>
      <object_component id="oc-e6">
         <name>.debug_line</name>
         <load_address>0x1739</load_address>
         <run_address>0x1739</run_address>
         <size>0x8a</size>
         <input_file_ref idref="fl-2d"/>
      </object_component>
      <object_component id="oc-ea">
         <name>.debug_line</name>
         <load_address>0x17c3</load_address>
         <run_address>0x17c3</run_address>
         <size>0x5d</size>
         <input_file_ref idref="fl-2e"/>
      </object_component>
      <object_component id="oc-ee">
         <name>.debug_line</name>
         <load_address>0x1820</load_address>
         <run_address>0x1820</run_address>
         <size>0x66</size>
         <input_file_ref idref="fl-2f"/>
      </object_component>
      <object_component id="oc-f5">
         <name>.debug_line</name>
         <load_address>0x1886</load_address>
         <run_address>0x1886</run_address>
         <size>0x5b</size>
         <input_file_ref idref="fl-30"/>
      </object_component>
      <object_component id="oc-fa">
         <name>.debug_line</name>
         <load_address>0x18e1</load_address>
         <run_address>0x18e1</run_address>
         <size>0x5d</size>
         <input_file_ref idref="fl-31"/>
      </object_component>
      <object_component id="oc-fe">
         <name>.debug_line</name>
         <load_address>0x193e</load_address>
         <run_address>0x193e</run_address>
         <size>0x4c</size>
         <input_file_ref idref="fl-32"/>
      </object_component>
      <object_component id="oc-102">
         <name>.debug_line</name>
         <load_address>0x198a</load_address>
         <run_address>0x198a</run_address>
         <size>0x46</size>
         <input_file_ref idref="fl-33"/>
      </object_component>
      <object_component id="oc-107">
         <name>.debug_line</name>
         <load_address>0x19d0</load_address>
         <run_address>0x19d0</run_address>
         <size>0x56</size>
         <input_file_ref idref="fl-34"/>
      </object_component>
      <object_component id="oc-40">
         <name>.debug_abbrev</name>
         <load_address>0x0</load_address>
         <run_address>0x0</run_address>
         <size>0x2c</size>
         <input_file_ref idref="fl-2"/>
      </object_component>
      <object_component id="oc-46">
         <name>.debug_abbrev</name>
         <load_address>0x2c</load_address>
         <run_address>0x2c</run_address>
         <size>0x143</size>
         <input_file_ref idref="fl-3"/>
      </object_component>
      <object_component id="oc-4b">
         <name>.debug_abbrev</name>
         <load_address>0x16f</load_address>
         <run_address>0x16f</run_address>
         <size>0xdb</size>
         <input_file_ref idref="fl-4"/>
      </object_component>
      <object_component id="oc-50">
         <name>.debug_abbrev</name>
         <load_address>0x24a</load_address>
         <run_address>0x24a</run_address>
         <size>0xdb</size>
         <input_file_ref idref="fl-5"/>
      </object_component>
      <object_component id="oc-56">
         <name>.debug_abbrev</name>
         <load_address>0x325</load_address>
         <run_address>0x325</run_address>
         <size>0x107</size>
         <input_file_ref idref="fl-6"/>
      </object_component>
      <object_component id="oc-5b">
         <name>.debug_abbrev</name>
         <load_address>0x42c</load_address>
         <run_address>0x42c</run_address>
         <size>0xbb</size>
         <input_file_ref idref="fl-7"/>
      </object_component>
      <object_component id="oc-60">
         <name>.debug_abbrev</name>
         <load_address>0x4e7</load_address>
         <run_address>0x4e7</run_address>
         <size>0x8a</size>
         <input_file_ref idref="fl-8"/>
      </object_component>
      <object_component id="oc-65">
         <name>.debug_abbrev</name>
         <load_address>0x571</load_address>
         <run_address>0x571</run_address>
         <size>0xcd</size>
         <input_file_ref idref="fl-9"/>
      </object_component>
      <object_component id="oc-6a">
         <name>.debug_abbrev</name>
         <load_address>0x63e</load_address>
         <run_address>0x63e</run_address>
         <size>0xcd</size>
         <input_file_ref idref="fl-a"/>
      </object_component>
      <object_component id="oc-6f">
         <name>.debug_abbrev</name>
         <load_address>0x70b</load_address>
         <run_address>0x70b</run_address>
         <size>0xdb</size>
         <input_file_ref idref="fl-b"/>
      </object_component>
      <object_component id="oc-74">
         <name>.debug_abbrev</name>
         <load_address>0x7e6</load_address>
         <run_address>0x7e6</run_address>
         <size>0x100</size>
         <input_file_ref idref="fl-c"/>
      </object_component>
      <object_component id="oc-79">
         <name>.debug_abbrev</name>
         <load_address>0x8e6</load_address>
         <run_address>0x8e6</run_address>
         <size>0xdb</size>
         <input_file_ref idref="fl-d"/>
      </object_component>
      <object_component id="oc-7e">
         <name>.debug_abbrev</name>
         <load_address>0x9c1</load_address>
         <run_address>0x9c1</run_address>
         <size>0x13c</size>
         <input_file_ref idref="fl-e"/>
      </object_component>
      <object_component id="oc-82">
         <name>.debug_abbrev</name>
         <load_address>0xafd</load_address>
         <run_address>0xafd</run_address>
         <size>0x2c</size>
         <input_file_ref idref="fl-f"/>
      </object_component>
      <object_component id="oc-87">
         <name>.debug_abbrev</name>
         <load_address>0xb29</load_address>
         <run_address>0xb29</run_address>
         <size>0xd5</size>
         <input_file_ref idref="fl-10"/>
      </object_component>
      <object_component id="oc-8b">
         <name>.debug_abbrev</name>
         <load_address>0xbfe</load_address>
         <run_address>0xbfe</run_address>
         <size>0x2c</size>
         <input_file_ref idref="fl-11"/>
      </object_component>
      <object_component id="oc-91">
         <name>.debug_abbrev</name>
         <load_address>0xc2a</load_address>
         <run_address>0xc2a</run_address>
         <size>0xfe</size>
         <input_file_ref idref="fl-12"/>
      </object_component>
      <object_component id="oc-96">
         <name>.debug_abbrev</name>
         <load_address>0xd28</load_address>
         <run_address>0xd28</run_address>
         <size>0x20</size>
         <input_file_ref idref="fl-13"/>
      </object_component>
      <object_component id="oc-9b">
         <name>.debug_abbrev</name>
         <load_address>0xd48</load_address>
         <run_address>0xd48</run_address>
         <size>0xde</size>
         <input_file_ref idref="fl-14"/>
      </object_component>
      <object_component id="oc-ca">
         <name>.debug_abbrev</name>
         <load_address>0xe26</load_address>
         <run_address>0xe26</run_address>
         <size>0xb3</size>
         <input_file_ref idref="fl-15"/>
      </object_component>
      <object_component id="oc-d3">
         <name>.debug_abbrev</name>
         <load_address>0xed9</load_address>
         <run_address>0xed9</run_address>
         <size>0x1b0</size>
         <input_file_ref idref="fl-16"/>
      </object_component>
      <object_component id="oc-d8">
         <name>.debug_abbrev</name>
         <load_address>0x1089</load_address>
         <run_address>0x1089</run_address>
         <size>0x43</size>
         <input_file_ref idref="fl-2a"/>
      </object_component>
      <object_component id="oc-df">
         <name>.debug_abbrev</name>
         <load_address>0x10cc</load_address>
         <run_address>0x10cc</run_address>
         <size>0x10c</size>
         <input_file_ref idref="fl-2b"/>
      </object_component>
      <object_component id="oc-e3">
         <name>.debug_abbrev</name>
         <load_address>0x11d8</load_address>
         <run_address>0x11d8</run_address>
         <size>0x35</size>
         <input_file_ref idref="fl-2c"/>
      </object_component>
      <object_component id="oc-e7">
         <name>.debug_abbrev</name>
         <load_address>0x120d</load_address>
         <run_address>0x120d</run_address>
         <size>0x35</size>
         <input_file_ref idref="fl-2d"/>
      </object_component>
      <object_component id="oc-eb">
         <name>.debug_abbrev</name>
         <load_address>0x1242</load_address>
         <run_address>0x1242</run_address>
         <size>0x35</size>
         <input_file_ref idref="fl-2e"/>
      </object_component>
      <object_component id="oc-ef">
         <name>.debug_abbrev</name>
         <load_address>0x1277</load_address>
         <run_address>0x1277</run_address>
         <size>0x35</size>
         <input_file_ref idref="fl-2f"/>
      </object_component>
      <object_component id="oc-f6">
         <name>.debug_abbrev</name>
         <load_address>0x12ac</load_address>
         <run_address>0x12ac</run_address>
         <size>0xa9</size>
         <input_file_ref idref="fl-30"/>
      </object_component>
      <object_component id="oc-fb">
         <name>.debug_abbrev</name>
         <load_address>0x1355</load_address>
         <run_address>0x1355</run_address>
         <size>0x94</size>
         <input_file_ref idref="fl-31"/>
      </object_component>
      <object_component id="oc-ff">
         <name>.debug_abbrev</name>
         <load_address>0x13e9</load_address>
         <run_address>0x13e9</run_address>
         <size>0x35</size>
         <input_file_ref idref="fl-32"/>
      </object_component>
      <object_component id="oc-103">
         <name>.debug_abbrev</name>
         <load_address>0x141e</load_address>
         <run_address>0x141e</run_address>
         <size>0x35</size>
         <input_file_ref idref="fl-33"/>
      </object_component>
      <object_component id="oc-108">
         <name>.debug_abbrev</name>
         <load_address>0x1453</load_address>
         <run_address>0x1453</run_address>
         <size>0xed</size>
         <input_file_ref idref="fl-34"/>
      </object_component>
      <object_component id="oc-150">
         <name>.debug_abbrev</name>
         <load_address>0x1540</load_address>
         <run_address>0x1540</run_address>
         <size>0xd</size>
      </object_component>
      <object_component id="oc-44">
         <name>.debug_frame</name>
         <load_address>0x0</load_address>
         <run_address>0x0</run_address>
         <size>0x119</size>
         <input_file_ref idref="fl-3"/>
      </object_component>
      <object_component id="oc-49">
         <name>.debug_frame</name>
         <load_address>0x119</load_address>
         <run_address>0x119</run_address>
         <size>0xf4</size>
         <input_file_ref idref="fl-4"/>
      </object_component>
      <object_component id="oc-4e">
         <name>.debug_frame</name>
         <load_address>0x20d</load_address>
         <run_address>0x20d</run_address>
         <size>0xc4</size>
         <input_file_ref idref="fl-5"/>
      </object_component>
      <object_component id="oc-54">
         <name>.debug_frame</name>
         <load_address>0x2d1</load_address>
         <run_address>0x2d1</run_address>
         <size>0x82</size>
         <input_file_ref idref="fl-6"/>
      </object_component>
      <object_component id="oc-59">
         <name>.debug_frame</name>
         <load_address>0x353</load_address>
         <run_address>0x353</run_address>
         <size>0x94</size>
         <input_file_ref idref="fl-7"/>
      </object_component>
      <object_component id="oc-5e">
         <name>.debug_frame</name>
         <load_address>0x3e7</load_address>
         <run_address>0x3e7</run_address>
         <size>0x82</size>
         <input_file_ref idref="fl-8"/>
      </object_component>
      <object_component id="oc-63">
         <name>.debug_frame</name>
         <load_address>0x469</load_address>
         <run_address>0x469</run_address>
         <size>0x94</size>
         <input_file_ref idref="fl-9"/>
      </object_component>
      <object_component id="oc-68">
         <name>.debug_frame</name>
         <load_address>0x4fd</load_address>
         <run_address>0x4fd</run_address>
         <size>0x7c</size>
         <input_file_ref idref="fl-a"/>
      </object_component>
      <object_component id="oc-6d">
         <name>.debug_frame</name>
         <load_address>0x579</load_address>
         <run_address>0x579</run_address>
         <size>0xc4</size>
         <input_file_ref idref="fl-b"/>
      </object_component>
      <object_component id="oc-72">
         <name>.debug_frame</name>
         <load_address>0x63d</load_address>
         <run_address>0x63d</run_address>
         <size>0x154</size>
         <input_file_ref idref="fl-c"/>
      </object_component>
      <object_component id="oc-77">
         <name>.debug_frame</name>
         <load_address>0x791</load_address>
         <run_address>0x791</run_address>
         <size>0xf4</size>
         <input_file_ref idref="fl-d"/>
      </object_component>
      <object_component id="oc-7c">
         <name>.debug_frame</name>
         <load_address>0x885</load_address>
         <run_address>0x885</run_address>
         <size>0x102</size>
         <input_file_ref idref="fl-e"/>
      </object_component>
      <object_component id="oc-85">
         <name>.debug_frame</name>
         <load_address>0x987</load_address>
         <run_address>0x987</run_address>
         <size>0x67c</size>
         <input_file_ref idref="fl-10"/>
      </object_component>
      <object_component id="oc-8f">
         <name>.debug_frame</name>
         <load_address>0x1003</load_address>
         <run_address>0x1003</run_address>
         <size>0x9a</size>
         <input_file_ref idref="fl-12"/>
      </object_component>
      <object_component id="oc-99">
         <name>.debug_frame</name>
         <load_address>0x109d</load_address>
         <run_address>0x109d</run_address>
         <size>0x7c</size>
         <input_file_ref idref="fl-14"/>
      </object_component>
      <object_component id="oc-d1">
         <name>.debug_frame</name>
         <load_address>0x1119</load_address>
         <run_address>0x1119</run_address>
         <size>0x193</size>
         <input_file_ref idref="fl-16"/>
      </object_component>
      <object_component id="oc-dd">
         <name>.debug_frame</name>
         <load_address>0x12ac</load_address>
         <run_address>0x12ac</run_address>
         <size>0x9d</size>
         <input_file_ref idref="fl-2b"/>
      </object_component>
      <object_component id="oc-f4">
         <name>.debug_frame</name>
         <load_address>0x1349</load_address>
         <run_address>0x1349</run_address>
         <size>0xac</size>
         <input_file_ref idref="fl-30"/>
      </object_component>
      <object_component id="oc-f9">
         <name>.debug_frame</name>
         <load_address>0x13f5</load_address>
         <run_address>0x13f5</run_address>
         <size>0x7c</size>
         <input_file_ref idref="fl-31"/>
      </object_component>
      <object_component id="oc-106">
         <name>.debug_frame</name>
         <load_address>0x1471</load_address>
         <run_address>0x1471</run_address>
         <size>0x7c</size>
         <input_file_ref idref="fl-34"/>
      </object_component>
   </object_component_list>
   <logical_group_list>
      <logical_group id="lg-2" display="no" color="cyan">
         <name>codestart</name>
         <load_address>0x0</load_address>
         <run_address>0x0</run_address>
         <size>0x2</size>
         <contents>
            <object_component_ref idref="oc-93"/>
         </contents>
      </logical_group>
      <logical_group id="lg-3" display="no" color="cyan">
         <name>ramfuncs</name>
         <load_address>0x3d</load_address>
         <run_address>0x3d</run_address>
         <size>0x1f</size>
         <contents>
            <object_component_ref idref="oc-43"/>
            <object_component_ref idref="oc-3d"/>
         </contents>
      </logical_group>
      <logical_group id="lg-4" display="no" color="cyan">
         <name>.text</name>
         <load_address>0x3fa000</load_address>
         <run_address>0x3fa000</run_address>
         <size>0xaa1</size>
         <contents>
            <object_component_ref idref="oc-cb"/>
            <object_component_ref idref="oc-84"/>
            <object_component_ref idref="oc-7a"/>
            <object_component_ref idref="oc-41"/>
            <object_component_ref idref="oc-70"/>
            <object_component_ref idref="oc-47"/>
            <object_component_ref idref="oc-e0"/>
            <object_component_ref idref="oc-8c"/>
            <object_component_ref idref="oc-cf"/>
            <object_component_ref idref="oc-e4"/>
            <object_component_ref idref="oc-6b"/>
            <object_component_ref idref="oc-3c"/>
            <object_component_ref idref="oc-75"/>
            <object_component_ref idref="oc-4c"/>
            <object_component_ref idref="oc-e8"/>
            <object_component_ref idref="oc-57"/>
            <object_component_ref idref="oc-66"/>
            <object_component_ref idref="oc-ec"/>
            <object_component_ref idref="oc-51"/>
            <object_component_ref idref="oc-104"/>
            <object_component_ref idref="oc-d9"/>
            <object_component_ref idref="oc-61"/>
            <object_component_ref idref="oc-5c"/>
            <object_component_ref idref="oc-100"/>
            <object_component_ref idref="oc-fc"/>
            <object_component_ref idref="oc-97"/>
            <object_component_ref idref="oc-f0"/>
            <object_component_ref idref="oc-f7"/>
            <object_component_ref idref="oc-92"/>
            <object_component_ref idref="oc-7f"/>
            <object_component_ref idref="oc-88"/>
         </contents>
      </logical_group>
      <logical_group id="lg-5" display="no" color="cyan">
         <name>.cinit</name>
         <load_address>0x2</load_address>
         <run_address>0x2</run_address>
         <size>0x3b</size>
         <contents>
            <object_component_ref idref="oc-cd"/>
            <object_component_ref idref="oc-f2"/>
            <object_component_ref idref="oc-db"/>
         </contents>
      </logical_group>
      <logical_group id="lg-6" display="no" color="cyan">
         <name>.pinit</name>
         <run_address>0x0</run_address>
         <size>0x0</size>
         <contents>
         </contents>
      </logical_group>
      <logical_group id="lg-7" display="no" color="cyan">
         <name>.switch</name>
         <run_address>0x0</run_address>
         <size>0x0</size>
         <contents>
         </contents>
      </logical_group>
      <logical_group id="lg-8" display="no" color="cyan">
         <name>.reset</name>
         <load_address>0x3fffc0</load_address>
         <run_address>0x3fffc0</run_address>
         <size>0x2</size>
         <contents>
            <object_component_ref idref="oc-d5"/>
         </contents>
      </logical_group>
      <logical_group id="lg-9" display="no" color="cyan">
         <name>.stack</name>
         <run_address>0x480</run_address>
         <size>0x300</size>
         <contents>
            <object_component_ref idref="oc-d4"/>
            <object_component_ref idref="oc-14e"/>
         </contents>
      </logical_group>
      <logical_group id="lg-a" display="no" color="cyan">
         <name>.ebss</name>
         <run_address>0x3fb000</run_address>
         <size>0x488</size>
         <contents>
            <object_component_ref idref="oc-8e"/>
            <object_component_ref idref="oc-ce"/>
            <object_component_ref idref="oc-dc"/>
            <object_component_ref idref="oc-f3"/>
         </contents>
      </logical_group>
      <logical_group id="lg-b" display="no" color="cyan">
         <name>.econst</name>
         <load_address>0x3fb488</load_address>
         <run_address>0x3fb488</run_address>
         <size>0x121</size>
         <contents>
            <object_component_ref idref="oc-53"/>
            <object_component_ref idref="oc-d0"/>
            <object_component_ref idref="oc-109"/>
            <object_component_ref idref="oc-10a"/>
         </contents>
      </logical_group>
      <logical_group id="lg-c" display="no" color="cyan">
         <name>.esysmem</name>
         <run_address>0x0</run_address>
         <size>0x0</size>
         <contents>
         </contents>
      </logical_group>
      <logical_group id="lg-d" display="no" color="cyan">
         <name>IQmath</name>
         <run_address>0x0</run_address>
         <size>0x0</size>
         <contents>
         </contents>
      </logical_group>
      <logical_group id="lg-e" display="no" color="cyan">
         <name>IQmathTables</name>
         <run_address>0x0</run_address>
         <size>0x0</size>
         <contents>
         </contents>
      </logical_group>
      <logical_group id="lg-f" display="no" color="cyan">
         <name>PieVectTableFile</name>
         <run_address>0xd00</run_address>
         <size>0x100</size>
         <contents>
            <object_component_ref idref="oc-c7"/>
         </contents>
      </logical_group>
      <logical_group id="lg-10" display="no" color="cyan">
         <name>DevEmuRegsFile</name>
         <run_address>0x880</run_address>
         <size>0xd0</size>
         <contents>
            <object_component_ref idref="oc-c6"/>
         </contents>
      </logical_group>
      <logical_group id="lg-11" display="no" color="cyan">
         <name>FlashRegsFile</name>
         <run_address>0xa80</run_address>
         <size>0x8</size>
         <contents>
            <object_component_ref idref="oc-9f"/>
         </contents>
      </logical_group>
      <logical_group id="lg-12" display="no" color="cyan">
         <name>CsmRegsFile</name>
         <run_address>0xae0</run_address>
         <size>0x10</size>
         <contents>
            <object_component_ref idref="oc-a8"/>
         </contents>
      </logical_group>
      <logical_group id="lg-13" display="no" color="cyan">
         <name>AdcMirrorFile</name>
         <run_address>0xb00</run_address>
         <size>0x10</size>
         <contents>
            <object_component_ref idref="oc-a9"/>
         </contents>
      </logical_group>
      <logical_group id="lg-14" display="no" color="cyan">
         <name>CpuTimer0RegsFile</name>
         <run_address>0xc00</run_address>
         <size>0x8</size>
         <contents>
            <object_component_ref idref="oc-a0"/>
         </contents>
      </logical_group>
      <logical_group id="lg-15" display="no" color="cyan">
         <name>CpuTimer1RegsFile</name>
         <run_address>0xc08</run_address>
         <size>0x8</size>
         <contents>
            <object_component_ref idref="oc-9e"/>
         </contents>
      </logical_group>
      <logical_group id="lg-16" display="no" color="cyan">
         <name>CpuTimer2RegsFile</name>
         <run_address>0xc10</run_address>
         <size>0x8</size>
         <contents>
            <object_component_ref idref="oc-9d"/>
         </contents>
      </logical_group>
      <logical_group id="lg-17" display="no" color="cyan">
         <name>PieCtrlRegsFile</name>
         <run_address>0xce0</run_address>
         <size>0x1a</size>
         <contents>
            <object_component_ref idref="oc-ac"/>
         </contents>
      </logical_group>
      <logical_group id="lg-18" display="no" color="cyan">
         <name>ECanaRegsFile</name>
         <run_address>0x6000</run_address>
         <size>0x34</size>
         <contents>
            <object_component_ref idref="oc-bb"/>
         </contents>
      </logical_group>
      <logical_group id="lg-19" display="no" color="cyan">
         <name>ECanaLAMRegsFile</name>
         <run_address>0x6040</run_address>
         <size>0x40</size>
         <contents>
            <object_component_ref idref="oc-bf"/>
         </contents>
      </logical_group>
      <logical_group id="lg-1a" display="no" color="cyan">
         <name>ECanaMboxesFile</name>
         <run_address>0x6100</run_address>
         <size>0x100</size>
         <contents>
            <object_component_ref idref="oc-c9"/>
         </contents>
      </logical_group>
      <logical_group id="lg-1b" display="no" color="cyan">
         <name>ECanaMOTSRegsFile</name>
         <run_address>0x6080</run_address>
         <size>0x40</size>
         <contents>
            <object_component_ref idref="oc-c0"/>
         </contents>
      </logical_group>
      <logical_group id="lg-1c" display="no" color="cyan">
         <name>ECanaMOTORegsFile</name>
         <run_address>0x60c0</run_address>
         <size>0x40</size>
         <contents>
            <object_component_ref idref="oc-be"/>
         </contents>
      </logical_group>
      <logical_group id="lg-1d" display="no" color="cyan">
         <name>ECanbRegsFile</name>
         <run_address>0x6200</run_address>
         <size>0x34</size>
         <contents>
            <object_component_ref idref="oc-bc"/>
         </contents>
      </logical_group>
      <logical_group id="lg-1e" display="no" color="cyan">
         <name>ECanbLAMRegsFile</name>
         <run_address>0x6240</run_address>
         <size>0x40</size>
         <contents>
            <object_component_ref idref="oc-bd"/>
         </contents>
      </logical_group>
      <logical_group id="lg-1f" display="no" color="cyan">
         <name>ECanbMboxesFile</name>
         <run_address>0x6300</run_address>
         <size>0x100</size>
         <contents>
            <object_component_ref idref="oc-c8"/>
         </contents>
      </logical_group>
      <logical_group id="lg-20" display="no" color="cyan">
         <name>ECanbMOTSRegsFile</name>
         <run_address>0x6280</run_address>
         <size>0x40</size>
         <contents>
            <object_component_ref idref="oc-c4"/>
         </contents>
      </logical_group>
      <logical_group id="lg-21" display="no" color="cyan">
         <name>ECanbMOTORegsFile</name>
         <run_address>0x62c0</run_address>
         <size>0x40</size>
         <contents>
            <object_component_ref idref="oc-c2"/>
         </contents>
      </logical_group>
      <logical_group id="lg-22" display="no" color="cyan">
         <name>EPwm1RegsFile</name>
         <run_address>0x6800</run_address>
         <size>0x22</size>
         <contents>
            <object_component_ref idref="oc-b5"/>
         </contents>
      </logical_group>
      <logical_group id="lg-23" display="no" color="cyan">
         <name>EPwm2RegsFile</name>
         <run_address>0x6840</run_address>
         <size>0x22</size>
         <contents>
            <object_component_ref idref="oc-b6"/>
         </contents>
      </logical_group>
      <logical_group id="lg-24" display="no" color="cyan">
         <name>EPwm3RegsFile</name>
         <run_address>0x6880</run_address>
         <size>0x22</size>
         <contents>
            <object_component_ref idref="oc-b7"/>
         </contents>
      </logical_group>
      <logical_group id="lg-25" display="no" color="cyan">
         <name>EPwm4RegsFile</name>
         <run_address>0x68c0</run_address>
         <size>0x22</size>
         <contents>
            <object_component_ref idref="oc-b9"/>
         </contents>
      </logical_group>
      <logical_group id="lg-26" display="no" color="cyan">
         <name>EPwm5RegsFile</name>
         <run_address>0x6900</run_address>
         <size>0x22</size>
         <contents>
            <object_component_ref idref="oc-b8"/>
         </contents>
      </logical_group>
      <logical_group id="lg-27" display="no" color="cyan">
         <name>EPwm6RegsFile</name>
         <run_address>0x6940</run_address>
         <size>0x22</size>
         <contents>
            <object_component_ref idref="oc-ba"/>
         </contents>
      </logical_group>
      <logical_group id="lg-28" display="no" color="cyan">
         <name>ECap1RegsFile</name>
         <run_address>0x6a00</run_address>
         <size>0x20</size>
         <contents>
            <object_component_ref idref="oc-b1"/>
         </contents>
      </logical_group>
      <logical_group id="lg-29" display="no" color="cyan">
         <name>ECap2RegsFile</name>
         <run_address>0x6a20</run_address>
         <size>0x20</size>
         <contents>
            <object_component_ref idref="oc-af"/>
         </contents>
      </logical_group>
      <logical_group id="lg-2a" display="no" color="cyan">
         <name>ECap3RegsFile</name>
         <run_address>0x6a40</run_address>
         <size>0x20</size>
         <contents>
            <object_component_ref idref="oc-b0"/>
         </contents>
      </logical_group>
      <logical_group id="lg-2b" display="no" color="cyan">
         <name>ECap4RegsFile</name>
         <run_address>0x6a60</run_address>
         <size>0x20</size>
         <contents>
            <object_component_ref idref="oc-ae"/>
         </contents>
      </logical_group>
      <logical_group id="lg-2c" display="no" color="cyan">
         <name>EQep1RegsFile</name>
         <run_address>0x6b00</run_address>
         <size>0x40</size>
         <contents>
            <object_component_ref idref="oc-c3"/>
         </contents>
      </logical_group>
      <logical_group id="lg-2d" display="no" color="cyan">
         <name>EQep2RegsFile</name>
         <run_address>0x6b40</run_address>
         <size>0x40</size>
         <contents>
            <object_component_ref idref="oc-c5"/>
         </contents>
      </logical_group>
      <logical_group id="lg-2e" display="no" color="cyan">
         <name>GpioCtrlRegsFile</name>
         <run_address>0x6f80</run_address>
         <size>0x40</size>
         <contents>
            <object_component_ref idref="oc-c1"/>
         </contents>
      </logical_group>
      <logical_group id="lg-2f" display="no" color="cyan">
         <name>GpioDataRegsFile</name>
         <run_address>0x6fc0</run_address>
         <size>0x20</size>
         <contents>
            <object_component_ref idref="oc-b2"/>
         </contents>
      </logical_group>
      <logical_group id="lg-30" display="no" color="cyan">
         <name>GpioIntRegsFile</name>
         <run_address>0x6fe0</run_address>
         <size>0xa</size>
         <contents>
            <object_component_ref idref="oc-a2"/>
         </contents>
      </logical_group>
      <logical_group id="lg-31" display="no" color="cyan">
         <name>SysCtrlRegsFile</name>
         <run_address>0x7010</run_address>
         <size>0x20</size>
         <contents>
            <object_component_ref idref="oc-b3"/>
         </contents>
      </logical_group>
      <logical_group id="lg-32" display="no" color="cyan">
         <name>SpiaRegsFile</name>
         <run_address>0x7040</run_address>
         <size>0x10</size>
         <contents>
            <object_component_ref idref="oc-a6"/>
         </contents>
      </logical_group>
      <logical_group id="lg-33" display="no" color="cyan">
         <name>SciaRegsFile</name>
         <run_address>0x7050</run_address>
         <size>0x10</size>
         <contents>
            <object_component_ref idref="oc-a7"/>
         </contents>
      </logical_group>
      <logical_group id="lg-34" display="no" color="cyan">
         <name>XIntruptRegsFile</name>
         <run_address>0x7070</run_address>
         <size>0x10</size>
         <contents>
            <object_component_ref idref="oc-ab"/>
         </contents>
      </logical_group>
      <logical_group id="lg-35" display="no" color="cyan">
         <name>AdcRegsFile</name>
         <run_address>0x7100</run_address>
         <size>0x1e</size>
         <contents>
            <object_component_ref idref="oc-ad"/>
         </contents>
      </logical_group>
      <logical_group id="lg-36" display="no" color="cyan">
         <name>SpibRegsFile</name>
         <run_address>0x7740</run_address>
         <size>0x10</size>
         <contents>
            <object_component_ref idref="oc-a4"/>
         </contents>
      </logical_group>
      <logical_group id="lg-37" display="no" color="cyan">
         <name>ScibRegsFile</name>
         <run_address>0x7750</run_address>
         <size>0x10</size>
         <contents>
            <object_component_ref idref="oc-a5"/>
         </contents>
      </logical_group>
      <logical_group id="lg-38" display="no" color="cyan">
         <name>SpicRegsFile</name>
         <run_address>0x7760</run_address>
         <size>0x10</size>
         <contents>
            <object_component_ref idref="oc-a3"/>
         </contents>
      </logical_group>
      <logical_group id="lg-39" display="no" color="cyan">
         <name>SpidRegsFile</name>
         <run_address>0x7780</run_address>
         <size>0x10</size>
         <contents>
            <object_component_ref idref="oc-aa"/>
         </contents>
      </logical_group>
      <logical_group id="lg-3a" display="no" color="cyan">
         <name>I2caRegsFile</name>
         <run_address>0x7900</run_address>
         <size>0x22</size>
         <contents>
            <object_component_ref idref="oc-b4"/>
         </contents>
      </logical_group>
      <logical_group id="lg-3b" display="no" color="cyan">
         <name>CsmPwlFile</name>
         <run_address>0x3f7ff8</run_address>
         <size>0x8</size>
         <contents>
            <object_component_ref idref="oc-a1"/>
         </contents>
      </logical_group>
      <logical_group id="lg-145" display="never" color="cyan">
         <name>.debug_info</name>
         <load_address>0x0</load_address>
         <run_address>0x0</run_address>
         <size>0x2aa18</size>
         <contents>
            <object_component_ref idref="oc-3e"/>
            <object_component_ref idref="oc-42"/>
            <object_component_ref idref="oc-48"/>
            <object_component_ref idref="oc-4d"/>
            <object_component_ref idref="oc-52"/>
            <object_component_ref idref="oc-58"/>
            <object_component_ref idref="oc-5d"/>
            <object_component_ref idref="oc-62"/>
            <object_component_ref idref="oc-67"/>
            <object_component_ref idref="oc-6c"/>
            <object_component_ref idref="oc-71"/>
            <object_component_ref idref="oc-76"/>
            <object_component_ref idref="oc-7b"/>
            <object_component_ref idref="oc-80"/>
            <object_component_ref idref="oc-83"/>
            <object_component_ref idref="oc-89"/>
            <object_component_ref idref="oc-8d"/>
            <object_component_ref idref="oc-94"/>
            <object_component_ref idref="oc-98"/>
            <object_component_ref idref="oc-9c"/>
            <object_component_ref idref="oc-cc"/>
            <object_component_ref idref="oc-d6"/>
            <object_component_ref idref="oc-da"/>
            <object_component_ref idref="oc-e1"/>
            <object_component_ref idref="oc-e5"/>
            <object_component_ref idref="oc-e9"/>
            <object_component_ref idref="oc-ed"/>
            <object_component_ref idref="oc-f1"/>
[...]
      <symbol id="sm-1b9">
         <name>_INT14_ISR</name>
         <value>0x3fa1c8</value>
         <object_component_ref idref="oc-84"/>
      </symbol>
      <symbol id="sm-1ba">
         <name>_USER6_ISR</name>
         <value>0x3fa1ff</value>
         <object_component_ref idref="oc-84"/>
      </symbol>
      <symbol id="sm-1bb">
         <name>_ECAP4_INT_ISR</name>
         <value>0x3fa290</value>
         <object_component_ref idref="oc-84"/>
      </symbol>
      <symbol id="sm-1bc">
         <name>_USER12_ISR</name>
         <value>0x3fa21d</value>
         <object_component_ref idref="oc-84"/>
      </symbol>
      <symbol id="sm-1bd">
         <name>_ADCINT_ISR</name>
         <value>0x3fa236</value>
         <object_component_ref idref="oc-84"/>
      </symbol>
      <symbol id="sm-1be">
         <name>_USER1_ISR</name>
         <value>0x3fa1e6</value>
         <object_component_ref idref="oc-84"/>
      </symbol>
      <symbol id="sm-1bf">
         <name>_EPWM5_INT_ISR</name>
         <value>0x3fa277</value>
         <object_component_ref idref="oc-84"/>
      </symbol>
      <symbol id="sm-1c0">
         <name>_NMI_ISR</name>
         <value>0x3fa1dc</value>
         <object_component_ref idref="oc-84"/>
      </symbol>
      <symbol id="sm-1c1">
         <name>_SCITXINTB_ISR</name>
         <value>0x3fa2e0</value>
         <object_component_ref idref="oc-84"/>
      </symbol>
      <symbol id="sm-1c2">
         <name>_SCIRXINTB_ISR</name>
         <value>0x3fa2db</value>
         <object_component_ref idref="oc-84"/>
      </symbol>
      <symbol id="sm-1c3">
         <name>_ECAN1INTA_ISR</name>
         <value>0x3fa2ea</value>
         <object_component_ref idref="oc-84"/>
      </symbol>
      <symbol id="sm-1c4">
         <name>_ECAP2_INT_ISR</name>
         <value>0x3fa286</value>
         <object_component_ref idref="oc-84"/>
      </symbol>
      <symbol id="sm-1c5">
         <name>_PIE_RESERVED</name>
         <value>0x3fa2fe</value>
         <object_component_ref idref="oc-84"/>
      </symbol>
      <symbol id="sm-1c6">
         <name>_I2CINT1A_ISR</name>
         <value>0x3fa2c7</value>
         <object_component_ref idref="oc-84"/>
      </symbol>
      <symbol id="sm-1c7">
         <name>_XINT2_ISR</name>
         <value>0x3fa231</value>
         <object_component_ref idref="oc-84"/>
      </symbol>
      <symbol id="sm-1c8">
         <name>_I2CINT2A_ISR</name>
         <value>0x3fa2cc</value>
         <object_component_ref idref="oc-84"/>
      </symbol>
      <symbol id="sm-1c9">
         <name>_RTOSINT_ISR</name>
         <value>0x3fa1d2</value>
         <object_component_ref idref="oc-84"/>
      </symbol>
      <symbol id="sm-1ca">
         <name>_EPWM3_INT_ISR</name>
         <value>0x3fa26d</value>
         <object_component_ref idref="oc-84"/>
      </symbol>
      <symbol id="sm-1cb">
         <name>_ECAN1INTB_ISR</name>
         <value>0x3fa2f4</value>
         <object_component_ref idref="oc-84"/>
      </symbol>
      <symbol id="sm-1cc">
         <name>_SPITXINTB_ISR</name>
         <value>0x3fa2ae</value>
         <object_component_ref idref="oc-84"/>
      </symbol>
      <symbol id="sm-1cd">
         <name>_SPIRXINTB_ISR</name>
         <value>0x3fa2a9</value>
         <object_component_ref idref="oc-84"/>
      </symbol>
      <symbol id="sm-1ce">
         <name>_USER9_ISR</name>
         <value>0x3fa20e</value>
         <object_component_ref idref="oc-84"/>
      </symbol>
      <symbol id="sm-1cf">
         <name>_USER3_ISR</name>
         <value>0x3fa1f0</value>
         <object_component_ref idref="oc-84"/>
      </symbol>
      <symbol id="sm-1d0">
         <name>_EQEP1_INT_ISR</name>
         <value>0x3fa295</value>
         <object_component_ref idref="oc-84"/>
      </symbol>
      <symbol id="sm-1d1">
         <name>_SPITXINTC_ISR</name>
         <value>0x3fa2b8</value>
         <object_component_ref idref="oc-84"/>
      </symbol>
      <symbol id="sm-1d2">
         <name>_SPIRXINTC_ISR</name>
         <value>0x3fa2b3</value>
         <object_component_ref idref="oc-84"/>
      </symbol>
      <symbol id="sm-1d3">
         <name>_USER8_ISR</name>
         <value>0x3fa209</value>
         <object_component_ref idref="oc-84"/>
      </symbol>
      <symbol id="sm-1d4">
         <name>_EPWM1_INT_ISR</name>
         <value>0x3fa263</value>
         <object_component_ref idref="oc-84"/>
      </symbol>
      <symbol id="sm-1d5">
         <name>_SEQ2INT_ISR</name>
         <value>0x3fa227</value>
         <object_component_ref idref="oc-84"/>
      </symbol>
      <symbol id="sm-1d6">
         <name>_USER2_ISR</name>
         <value>0x3fa1eb</value>
         <object_component_ref idref="oc-84"/>
      </symbol>
      <symbol id="sm-1d7">
         <name>_SCITXINTA_ISR</name>
         <value>0x3fa2d6</value>
         <object_component_ref idref="oc-84"/>
      </symbol>
      <symbol id="sm-1d8">
         <name>_SCIRXINTA_ISR</name>
         <value>0x3fa2d1</value>
         <object_component_ref idref="oc-84"/>
      </symbol>
      <symbol id="sm-1d9">
         <name>_rsvd_ISR</name>
         <value>0x3fa303</value>
         <object_component_ref idref="oc-84"/>
      </symbol>
      <symbol id="sm-1e1">
         <name>_SetDBGIER</name>
         <value>0x3faa9e</value>
         <object_component_ref idref="oc-88"/>
      </symbol>
      <symbol id="sm-1ed">
         <name>_CpuTimer2</name>
         <value>0x3fb470</value>
         <object_component_ref idref="oc-8e"/>
      </symbol>
      <symbol id="sm-1ee">
         <name>_CpuTimer0</name>
         <value>0x3fb478</value>
         <object_component_ref idref="oc-8e"/>
      </symbol>
      <symbol id="sm-1ef">
         <name>_CpuTimer1</name>
         <value>0x3fb468</value>
         <object_component_ref idref="oc-8e"/>
      </symbol>
      <symbol id="sm-1f0">
         <name>_InitCpuTimers</name>
         <value>0x3fa714</value>
         <object_component_ref idref="oc-8c"/>
      </symbol>
      <symbol id="sm-1f1">
         <name>_ConfigCpuTimer</name>
         <value>0x3fa74d</value>
         <object_component_ref idref="oc-8c"/>
      </symbol>
      <symbol id="sm-1fc">
         <name>code_start</name>
         <value>0x0</value>
         <object_component_ref idref="oc-93"/>
      </symbol>
      <symbol id="sm-206">
         <name>_InitAdc</name>
         <value>0x3faa73</value>
         <object_component_ref idref="oc-97"/>
      </symbol>
      <symbol id="sm-266">
         <name>_SpidRegs</name>
         <value>0x7780</value>
         <object_component_ref idref="oc-aa"/>
      </symbol>
      <symbol id="sm-267">
         <name>_GpioCtrlRegs</name>
         <value>0x6f80</value>
         <object_component_ref idref="oc-c1"/>
      </symbol>
      <symbol id="sm-268">
         <name>_PieVectTable</name>
         <value>0xd00</value>
         <object_component_ref idref="oc-c7"/>
      </symbol>
      <symbol id="sm-269">
         <name>_ECap4Regs</name>
         <value>0x6a60</value>
         <object_component_ref idref="oc-ae"/>
      </symbol>
      <symbol id="sm-26a">
         <name>_CsmRegs</name>
         <value>0xae0</value>
         <object_component_ref idref="oc-a8"/>
      </symbol>
      <symbol id="sm-26b">
         <name>_ECanaLAMRegs</name>
         <value>0x6040</value>
         <object_component_ref idref="oc-bf"/>
      </symbol>
      <symbol id="sm-26c">
         <name>_ECanbMOTORegs</name>
         <value>0x62c0</value>
         <object_component_ref idref="oc-c2"/>
      </symbol>
      <symbol id="sm-26d">
         <name>_EPwm4Regs</name>
         <value>0x68c0</value>
         <object_component_ref idref="oc-b9"/>
      </symbol>
      <symbol id="sm-26e">
         <name>_CpuTimer1Regs</name>
         <value>0xc08</value>
         <object_component_ref idref="oc-9e"/>
      </symbol>
      <symbol id="sm-26f">
         <name>_SysCtrlRegs</name>
         <value>0x7010</value>
         <object_component_ref idref="oc-b3"/>
      </symbol>
      <symbol id="sm-270">
         <name>_EPwm5Regs</name>
         <value>0x6900</value>
         <object_component_ref idref="oc-b8"/>
      </symbol>
      <symbol id="sm-271">
         <name>_SpiaRegs</name>
         <value>0x7040</value>
         <object_component_ref idref="oc-a6"/>
      </symbol>
      <symbol id="sm-272">
         <name>_ECanaMOTSRegs</name>
         <value>0x6080</value>
         <object_component_ref idref="oc-c0"/>
      </symbol>
      <symbol id="sm-273">
         <name>_FlashRegs</name>
         <value>0xa80</value>
         <object_component_ref idref="oc-9f"/>
      </symbol>
      <symbol id="sm-274">
         <name>_CpuTimer0Regs</name>
         <value>0xc00</value>
         <object_component_ref idref="oc-a0"/>
      </symbol>
      <symbol id="sm-275">
         <name>_DevEmuRegs</name>
         <value>0x880</value>
         <object_component_ref idref="oc-c6"/>
      </symbol>
      <symbol id="sm-276">
         <name>_EPwm6Regs</name>
         <value>0x6940</value>
         <object_component_ref idref="oc-ba"/>
      </symbol>
      <symbol id="sm-277">
         <name>_SciaRegs</name>
         <value>0x7050</value>
         <object_component_ref idref="oc-a7"/>
      </symbol>
      <symbol id="sm-278">
         <name>_GpioDataRegs</name>
         <value>0x6fc0</value>
         <object_component_ref idref="oc-b2"/>
      </symbol>
      <symbol id="sm-279">
         <name>_CsmPwl</name>
         <value>0x3f7ff8</value>
         <object_component_ref idref="oc-a1"/>
      </symbol>
      <symbol id="sm-27a">
         <name>_AdcRegs</name>
         <value>0x7100</value>
         <object_component_ref idref="oc-ad"/>
      </symbol>
      <symbol id="sm-27b">
         <name>_SpicRegs</name>
         <value>0x7760</value>
         <object_component_ref idref="oc-a3"/>
      </symbol>
      <symbol id="sm-27c">
         <name>_XIntruptRegs</name>
         <value>0x7070</value>
         <object_component_ref idref="oc-ab"/>
      </symbol>
      <symbol id="sm-27d">
         <name>_CpuTimer2Regs</name>
         <value>0xc10</value>
         <object_component_ref idref="oc-9d"/>
      </symbol>
      <symbol id="sm-27e">
         <name>_PieCtrlRegs</name>
         <value>0xce0</value>
         <object_component_ref idref="oc-ac"/>
      </symbol>
      <symbol id="sm-27f">
         <name>_ECanbMOTSRegs</name>
         <value>0x6280</value>
         <object_component_ref idref="oc-c4"/>
      </symbol>
      <symbol id="sm-280">
         <name>_SpibRegs</name>
         <value>0x7740</value>
         <object_component_ref idref="oc-a4"/>
      </symbol>
      <symbol id="sm-281">
         <name>_ECanaRegs</name>
         <value>0x6000</value>
         <object_component_ref idref="oc-bb"/>
      </symbol>
      <symbol id="sm-282">
         <name>_AdcMirror</name>
         <value>0xb00</value>
         <object_component_ref idref="oc-a9"/>
      </symbol>
      <symbol id="sm-283">
         <name>_ECanbMboxes</name>
         <value>0x6300</value>
         <object_component_ref idref="oc-c8"/>
      </symbol>
      <symbol id="sm-284">
         <name>_ECap1Regs</name>
         <value>0x6a00</value>
         <object_component_ref idref="oc-b1"/>
      </symbol>
      <symbol id="sm-285">
         <name>_EQep1Regs</name>
         <value>0x6b00</value>
         <object_component_ref idref="oc-c3"/>
      </symbol>
      <symbol id="sm-286">
         <name>_EPwm1Regs</name>
         <value>0x6800</value>
         <object_component_ref idref="oc-b5"/>
      </symbol>
      <symbol id="sm-287">
         <name>_ECanbRegs</name>
         <value>0x6200</value>
         <object_component_ref idref="oc-bc"/>
      </symbol>
      <symbol id="sm-288">
         <name>_ScibRegs</name>
         <value>0x7750</value>
         <object_component_ref idref="oc-a5"/>
      </symbol>
      <symbol id="sm-289">
         <name>_ECap2Regs</name>
         <value>0x6a20</value>
         <object_component_ref idref="oc-af"/>
      </symbol>
      <symbol id="sm-28a">
         <name>_GpioIntRegs</name>
         <value>0x6fe0</value>
         <object_component_ref idref="oc-a2"/>
      </symbol>
      <symbol id="sm-28b">
         <name>_EQep2Regs</name>
         <value>0x6b40</value>
         <object_component_ref idref="oc-c5"/>
      </symbol>
      <symbol id="sm-28c">
         <name>_EPwm2Regs</name>
         <value>0x6840</value>
         <object_component_ref idref="oc-b6"/>
      </symbol>
      <symbol id="sm-28d">
         <name>_ECanaMboxes</name>
         <value>0x6100</value>
         <object_component_ref idref="oc-c9"/>
      </symbol>
      <symbol id="sm-28e">
         <name>_ECap3Regs</name>
         <value>0x6a40</value>
         <object_component_ref idref="oc-b0"/>
      </symbol>
      <symbol id="sm-28f">
         <name>_ECanaMOTORegs</name>
         <value>0x60c0</value>
         <object_component_ref idref="oc-be"/>
      </symbol>
      <symbol id="sm-290">
         <name>_EPwm3Regs</name>
         <value>0x6880</value>
         <object_component_ref idref="oc-b7"/>
      </symbol>
      <symbol id="sm-291">
         <name>_ECanbLAMRegs</name>
         <value>0x6240</value>
         <object_component_ref idref="oc-bd"/>
      </symbol>
      <symbol id="sm-292">
         <name>_I2caRegs</name>
         <value>0x7900</value>
         <object_component_ref idref="oc-b4"/>
      </symbol>
      <symbol id="sm-2d0">
         <name>_charSampleData</name>
         <value>0x3fb002</value>
         <object_component_ref idref="oc-ce"/>
      </symbol>
      <symbol id="sm-2d1">
         <name>_main</name>
         <value>0x3fa000</value>
         <object_component_ref idref="oc-cb"/>
      </symbol>
      <symbol id="sm-2d2">
         <name>_adc_i</name>
         <value>0x3fb003</value>
         <object_component_ref idref="oc-ce"/>
      </symbol>
      <symbol id="sm-2d3">
         <name>_SendDatasByScia</name>
         <value>0x3fa09d</value>
         <object_component_ref idref="oc-cb"/>
      </symbol>
      <symbol id="sm-2d4">
         <name>_intTochar</name>
         <value>0x3fa0f1</value>
         <object_component_ref idref="oc-cb"/>
      </symbol>
      <symbol id="sm-2d5">
         <name>_adc</name>
         <value>0x3fb006</value>
         <object_component_ref idref="oc-ce"/>
      </symbol>
      <symbol id="sm-2d6">
         <name>_SCIA_RX_ISR</name>
         <value>0x3fa7c4</value>
         <object_component_ref idref="oc-cf"/>
      </symbol>
      <symbol id="sm-2d7">
         <name>_AdcInterruptCount</name>
         <value>0x3fb000</value>
         <object_component_ref idref="oc-ce"/>
      </symbol>
      <symbol id="sm-2d8">
         <name>_stringDataSend</name>
         <value>0x3fb040</value>
         <object_component_ref idref="oc-ce"/>
      </symbol>
      <symbol id="sm-2d9">
         <name>_rxaInterruptCount</name>
         <value>0x3fb001</value>
         <object_component_ref idref="oc-ce"/>
      </symbol>
      <symbol id="sm-2da">
         <name>_array_index</name>
         <value>0x3fb004</value>
         <object_component_ref idref="oc-ce"/>
      </symbol>
      <symbol id="sm-2db">
         <name>_GPIO_INIT</name>
         <value>0x3fa0e7</value>
         <object_component_ref idref="oc-cb"/>
      </symbol>
      <symbol id="sm-2dc">
         <name>_ADC_Interrupt</name>
         <value>0x3fa781</value>
         <object_component_ref idref="oc-cf"/>
      </symbol>
      <symbol id="sm-2dd">
         <name>_rxaBuffer</name>
         <value>0x3fb012</value>
         <object_component_ref idref="oc-ce"/>
      </symbol>
      <symbol id="sm-2de">
         <name>_SCIA_INIT</name>
         <value>0x3fa0cc</value>
         <object_component_ref idref="oc-cb"/>
      </symbol>
      <symbol id="sm-2df">
         <name>_SampleTable</name>
         <value>0x3fb080</value>
         <object_component_ref idref="oc-ce"/>
      </symbol>
      <symbol id="sm-2e0">
         <name>_str</name>
         <value>0x3fb008</value>
         <object_component_ref idref="oc-ce"/>
      </symbol>
      <symbol id="sm-2e1">
         <name>_breakpoint</name>
         <value>0x3fb005</value>
         <object_component_ref idref="oc-ce"/>
      </symbol>
      <symbol id="sm-2e2">
         <name>_ADC_Init</name>
         <value>0x3fa0b4</value>
         <object_component_ref idref="oc-cb"/>
      </symbol>
      <symbol id="sm-2f6">
         <name>_c_int00</name>
         <value>0x3fa892</value>
         <object_component_ref idref="oc-3c"/>
      </symbol>
      <symbol id="sm-2f7">
         <name>__stack</name>
         <value>0x480</value>
         <object_component_ref idref="oc-d4"/>
      </symbol>
      <symbol id="sm-308">
         <name>C$$EXIT</name>
         <value>0x3faa13</value>
         <object_component_ref idref="oc-d9"/>
      </symbol>
      <symbol id="sm-309">
         <name>_exit</name>
         <value>0x3faa15</value>
         <object_component_ref idref="oc-d9"/>
      </symbol>
      <symbol id="sm-30a">
         <name>___TI_cleanup_ptr</name>
         <value>0x3fb484</value>
         <object_component_ref idref="oc-dc"/>
      </symbol>
      <symbol id="sm-30b">
         <name>_abort</name>
         <value>0x3faa13</value>
         <object_component_ref idref="oc-d9"/>
      </symbol>
      <symbol id="sm-30c">
         <name>___TI_dtors_ptr</name>
         <value>0x3fb486</value>
         <object_component_ref idref="oc-dc"/>
      </symbol>
      <symbol id="sm-319">
         <name>FS$$DIV</name>
         <value>0x3fa691</value>
         <object_component_ref idref="oc-e0"/>
      </symbol>
      <symbol id="sm-326">
         <name>FS$$MPY</name>
         <value>0x3fa7e2</value>
         <object_component_ref idref="oc-e4"/>
      </symbol>
      <symbol id="sm-335">
         <name>FS$$TOL</name>
         <value>0x3fa942</value>
         <object_component_ref idref="oc-e8"/>
      </symbol>
      <symbol id="sm-33f">
         <name>I$$MOD</name>
         <value>0x3fa9c9</value>
         <object_component_ref idref="oc-ec"/>
      </symbol>
      <symbol id="sm-340">
         <name>I$$DIV</name>
         <value>0x3fa9b8</value>
         <object_component_ref idref="oc-ec"/>
      </symbol>
      <symbol id="sm-34e">
         <name>__unlock</name>
         <value>0x3fb480</value>
         <object_component_ref idref="oc-f3"/>
      </symbol>
      <symbol id="sm-34f">
         <name>__lock</name>
         <value>0x3fb482</value>
         <object_component_ref idref="oc-f3"/>
      </symbol>
      <symbol id="sm-350">
         <name>__register_lock</name>
         <value>0x3faa81</value>
         <object_component_ref idref="oc-f0"/>
      </symbol>
      <symbol id="sm-351">
         <name>__nop</name>
         <value>0x3faa85</value>
         <object_component_ref idref="oc-f0"/>
      </symbol>
      <symbol id="sm-352">
         <name>__register_unlock</name>
         <value>0x3faa7d</value>
         <object_component_ref idref="oc-f0"/>
      </symbol>
      <symbol id="sm-35f">
         <name>_strcat</name>
         <value>0x3faa86</value>
         <object_component_ref idref="oc-f7"/>
      </symbol>
      <symbol id="sm-367">
         <name>U$$MOD</name>
         <value>0x3faa6d</value>
         <object_component_ref idref="oc-fc"/>
      </symbol>
      <symbol id="sm-368">
         <name>U$$DIV</name>
         <value>0x3faa68</value>
         <object_component_ref idref="oc-fc"/>
      </symbol>
      <symbol id="sm-372">
         <name>U$$TOFS</name>
         <value>0x3faa58</value>
         <object_component_ref idref="oc-100"/>
      </symbol>
      <symbol id="sm-37e">
         <name>__args_main</name>
         <value>0x3fa9fa</value>
         <object_component_ref idref="oc-104"/>
      </symbol>
      <symbol id="sm-37f">
         <name>__TI_args_main</name>
         <value>0x1</value>
      </symbol>
   </symbol_table>
   <title>Link successful</title>
</link_info>
