******************************************************************************
             TMS320C2000 Linker PC v6.2.0                      
******************************************************************************
>> Linked Thu Jan 11 14:36:27 2018

OUTPUT FILE NAME:   <D01_ADC_V1.out>
ENTRY POINT SYMBOL: "_c_int00"  address: 003fa892


MEMORY CONFIGURATION

         name            origin    length      used     unused   attr    fill
----------------------  --------  ---------  --------  --------  ----  --------
PAGE 0:
  BEGIN                 00000000   00000002  00000002  00000000  RWIX
  RAMM0                 00000002   000003fe  0000005a  000003a4  RWIX
  RAML0                 00008000   00001000  00000000  00001000  RWIX
  PRAMH0                003fa000   00001000  00000aa1  0000055f  RWIX
  BOOTROM               003ff000   00000fc0  00000000  00000fc0  RWIX
  RESET                 003fffc0   00000002  00000000  00000002  RWIX

PAGE 1:
  BOOT_RSVD             00000400   00000080  00000000  00000080  RWIX
  RAMM1                 00000480   00000380  00000300  00000080  RWIX
  DEV_EMU               00000880   00000180  000000d0  000000b0  RWIX
  FLASH_REGS            00000a80   00000060  00000008  00000058  RWIX
  CSM                   00000ae0   00000010  00000010  00000000  RWIX
  ADC_MIRROR            00000b00   00000010  00000010  00000000  RWIX
  CPU_TIMER0            00000c00   00000008  00000008  00000000  RWIX
  CPU_TIMER1            00000c08   00000008  00000008  00000000  RWIX
  CPU_TIMER2            00000c10   00000008  00000008  00000000  RWIX
  PIE_CTRL              00000ce0   00000020  0000001a  00000006  RWIX
  PIE_VECT              00000d00   00000100  00000100  00000000  RWIX
  ECANA                 00006000   00000040  00000034  0000000c  RWIX
  ECANA_LAM             00006040   00000040  00000040  00000000  RWIX
  ECANA_MOTS            00006080   00000040  00000040  00000000  RWIX
  ECANA_MOTO            000060c0   00000040  00000040  00000000  RWIX
  ECANA_MBOX            00006100   00000100  00000100  00000000  RWIX
  ECANB                 00006200   00000040  00000034  0000000c  RWIX
  ECANB_LAM             00006240   00000040  00000040  00000000  RWIX
  ECANB_MOTS            00006280   00000040  00000040  00000000  RWIX
  ECANB_MOTO            000062c0   00000040  00000040  00000000  RWIX
  ECANB_MBOX            00006300   00000100  00000100  00000000  RWIX
  EPWM1                 00006800   00000022  00000022  00000000  RWIX
  EPWM2                 00006840   00000022  00000022  00000000  RWIX
  EPWM3                 00006880   00000022  00000022  00000000  RWIX
  EPWM4                 000068c0   00000022  00000022  00000000  RWIX
  EPWM5                 00006900   00000022  00000022  00000000  RWIX
  EPWM6                 00006940   00000022  00000022  00000000  RWIX
  ECAP1                 00006a00   00000020  00000020  00000000  RWIX
  ECAP2                 00006a20   00000020  00000020  00000000  RWIX
  ECAP3                 00006a40   00000020  00000020  00000000  RWIX
  ECAP4                 00006a60   00000020  00000020  00000000  RWIX
  EQEP1                 00006b00   00000040  00000040  00000000  RWIX
  EQEP2                 00006b40   00000040  00000040  00000000  RWIX
  GPIOCTRL              00006f80   00000040  00000040  00000000  RWIX
  GPIODAT               00006fc0   00000020  00000020  00000000  RWIX
  GPIOINT               00006fe0   00000020  0000000a  00000016  RWIX
  SYSTEM                00007010   00000020  00000020  00000000  RWIX
  SPIA                  00007040   00000010  00000010  00000000  RWIX
  SCIA                  00007050   00000010  00000010  00000000  RWIX
  XINTRUPT              00007070   00000010  00000010  00000000  RWIX
  ADC                   00007100   00000020  0000001e  00000002  RWIX
  SPIB                  00007740   00000010  00000010  00000000  RWIX
  SCIB                  00007750   00000010  00000010  00000000  RWIX
  SPIC                  00007760   00000010  00000010  00000000  RWIX
  SPID                  00007780   00000010  00000010  00000000  RWIX
  I2CA                  00007900   00000040  00000022  0000001e  RWIX
  CSM_PWL               003f7ff8   00000008  00000008  00000000  RWIX
  DRAMH0                003fb000   00001000  000005a9  00000a57  RWIX


SECTION ALLOCATION MAP

 output                                  attributes/
section   page    origin      length       input sections
--------  ----  ----------  ----------   ----------------
codestart 
*          0    00000000    00000002     
                  00000000    00000002     DSP280x_CodeStartBranch.obj (codestart)

.pinit     0    00000002    00000000     UNINITIALIZED

.cinit     0    00000002    0000003b     
                  00000002    00000025     Main.obj (.cinit)
                  00000027    0000000a     rts2800_ml.lib : _lock.obj (.cinit)
                  00000031    0000000a                    : exit.obj (.cinit)
                  0000003b    00000002     --HOLE-- [fill = 0]

ramfuncs   0    0000003d    0000001f     
                  0000003d    0000001b     DSP280x_SysCtrl.obj (ramfuncs)
                  00000058    00000004     DSP280x_usDelay.obj (ramfuncs)

.text      0    003fa000    00000aa1     
                  003fa000    000001c3     Main.obj (.text)
                  003fa1c3    00000145     DSP280x_DefaultIsr.obj (.text:retain)
                  003fa308    0000012a     DSP280x_ECan.obj (.text)
                  003fa432    000000f7     DSP280x_SysCtrl.obj (.text)
                  003fa529    000000c8     DSP280x_EPwm.obj (.text)
                  003fa5f1    000000a0     DSP280x_Spi.obj (.text)
                  003fa691    00000083     rts2800_ml.lib : fs_div.obj (.text)
                  003fa714    0000006d     DSP280x_CpuTimers.obj (.text)
                  003fa781    00000061     Main.obj (.text:retain)
                  003fa7e2    0000005a     rts2800_ml.lib : fs_mpy.obj (.text)
                  003fa83c    00000056     DSP280x_EQep.obj (.text)
                  003fa892    00000044     rts2800_ml.lib : boot.obj (.text)
                  003fa8d6    0000003c     DSP280x_ECap.obj (.text)
                  003fa912    00000030     DSP280x_Sci.obj (.text)
                  003fa942    00000029     rts2800_ml.lib : fs_tol.obj (.text)
                  003fa96b    00000028     DSP280x_PieCtrl.obj (.text)
                  003fa993    00000025     DSP280x_Gpio.obj (.text)
                  003fa9b8    00000022     rts2800_ml.lib : i_div.obj (.text)
                  003fa9da    00000020     DSP280x_PieVect.obj (.text)
                  003fa9fa    00000019     rts2800_ml.lib : args_main.obj (.text)
                  003faa13    00000019                    : exit.obj (.text)
                  003faa2c    00000017     DSP280x_I2C.obj (.text)
                  003faa43    00000015     DSP280x_MemCopy.obj (.text)
                  003faa58    00000010     rts2800_ml.lib : u_tofs.obj (.text)
                  003faa68    0000000b                    : u_div.obj (.text)
                  003faa73    0000000a     DSP280x_Adc.obj (.text)
                  003faa7d    00000009     rts2800_ml.lib : _lock.obj (.text)
                  003faa86    00000009                    : strcat.obj (.text)
                  003faa8f    00000008     DSP280x_CodeStartBranch.obj (.text)
                  003faa97    00000007     DSP280x_DisInt.obj (.text)
                  003faa9e    00000003     DSP280x_DBGIER.obj (.text)

.reset     0    003fffc0    00000002     DSECT
                  003fffc0    00000002     rts2800_ml.lib : boot.obj (.reset)

.stack     1    00000480    00000300     UNINITIALIZED
                  00000480    00000300     --HOLE--

DevEmuRegsFile 
*          1    00000880    000000d0     UNINITIALIZED
                  00000880    000000d0     DSP280x_GlobalVariableDefs.obj (DevEmuRegsFile)

FlashRegsFile 
*          1    00000a80    00000008     UNINITIALIZED
                  00000a80    00000008     DSP280x_GlobalVariableDefs.obj (FlashRegsFile)

CsmRegsFile 
*          1    00000ae0    00000010     UNINITIALIZED
                  00000ae0    00000010     DSP280x_GlobalVariableDefs.obj (CsmRegsFile)

AdcMirrorFile 
*          1    00000b00    00000010     UNINITIALIZED
                  00000b00    00000010     DSP280x_GlobalVariableDefs.obj (AdcMirrorFile)

CpuTimer0RegsFile 
*          1    00000c00    00000008     UNINITIALIZED
                  00000c00    00000008     DSP280x_GlobalVariableDefs.obj (CpuTimer0RegsFile)

CpuTimer1RegsFile 
*          1    00000c08    00000008     UNINITIALIZED
                  00000c08    00000008     DSP280x_GlobalVariableDefs.obj (CpuTimer1RegsFile)

CpuTimer2RegsFile 
*          1    00000c10    00000008     UNINITIALIZED
                  00000c10    00000008     DSP280x_GlobalVariableDefs.obj (CpuTimer2RegsFile)

PieCtrlRegsFile 
*          1    00000ce0    0000001a     UNINITIALIZED
                  00000ce0    0000001a     DSP280x_GlobalVariableDefs.obj (PieCtrlRegsFile)

PieVectTableFile 
*          1    00000d00    00000100     UNINITIALIZED
                  00000d00    00000100     DSP280x_GlobalVariableDefs.obj (PieVectTableFile)

ECanaRegsFile 
*          1    00006000    00000034     UNINITIALIZED
                  00006000    00000034     DSP280x_GlobalVariableDefs.obj (ECanaRegsFile)

ECanaLAMRegsFile 
*          1    00006040    00000040     UNINITIALIZED
                  00006040    00000040     DSP280x_GlobalVariableDefs.obj (ECanaLAMRegsFile)

ECanaMOTSRegsFile 
*          1    00006080    00000040     UNINITIALIZED
                  00006080    00000040     DSP280x_GlobalVariableDefs.obj (ECanaMOTSRegsFile)

ECanaMOTORegsFile 
*          1    000060c0    00000040     UNINITIALIZED
                  000060c0    00000040     DSP280x_GlobalVariableDefs.obj (ECanaMOTORegsFile)

ECanaMboxesFile 
*          1    00006100    00000100     UNINITIALIZED
                  00006100    00000100     DSP280x_GlobalVariableDefs.obj (ECanaMboxesFile)

ECanbRegsFile 
*          1    00006200    00000034     UNINITIALIZED
                  00006200    00000034     DSP280x_GlobalVariableDefs.obj (ECanbRegsFile)

ECanbLAMRegsFile 
*          1    00006240    00000040     UNINITIALIZED
                  00006240    00000040     DSP280x_GlobalVariableDefs.obj (ECanbLAMRegsFile)

ECanbMOTSRegsFile 
*          1    00006280    00000040     UNINITIALIZED
                  00006280    00000040     DSP280x_GlobalVariableDefs.obj (ECanbMOTSRegsFile)

ECanbMOTORegsFile 
*          1    000062c0    00000040     UNINITIALIZED
                  000062c0    00000040     DSP280x_GlobalVariableDefs.obj (ECanbMOTORegsFile)

ECanbMboxesFile 
*          1    00006300    00000100     UNINITIALIZED
                  00006300    00000100     DSP280x_GlobalVariableDefs.obj (ECanbMboxesFile)

EPwm1RegsFile 
*          1    00006800    00000022     UNINITIALIZED
                  00006800    00000022     DSP280x_GlobalVariableDefs.obj (EPwm1RegsFile)

EPwm2RegsFile 
*          1    00006840    00000022     UNINITIALIZED
                  00006840    00000022     DSP280x_GlobalVariableDefs.obj (EPwm2RegsFile)

EPwm3RegsFile 
*          1    00006880    00000022     UNINITIALIZED
                  00006880    00000022     DSP280x_GlobalVariableDefs.obj (EPwm3RegsFile)

EPwm4RegsFile 
*          1    000068c0    00000022     UNINITIALIZED
                  000068c0    00000022     DSP280x_GlobalVariableDefs.obj (EPwm4RegsFile)

EPwm5RegsFile 
*          1    00006900    00000022     UNINITIALIZED
                  00006900    00000022     DSP280x_GlobalVariableDefs.obj (EPwm5RegsFile)

EPwm6RegsFile 
*          1    00006940    00000022     UNINITIALIZED
                  00006940    00000022     DSP280x_GlobalVariableDefs.obj (EPwm6RegsFile)

ECap1RegsFile 
*          1    00006a00    00000020     UNINITIALIZED
                  00006a00    00000020     DSP280x_GlobalVariableDefs.obj (ECap1RegsFile)

ECap2RegsFile 
*          1    00006a20    00000020     UNINITIALIZED
                  00006a20    00000020     DSP280x_GlobalVariableDefs.obj (ECap2RegsFile)

ECap3RegsFile 
*          1    00006a40    00000020     UNINITIALIZED
                  00006a40    00000020     DSP280x_GlobalVariableDefs.obj (ECap3RegsFile)

ECap4RegsFile 
*          1    00006a60    00000020     UNINITIALIZED
                  00006a60    00000020     DSP280x_GlobalVariableDefs.obj (ECap4RegsFile)

EQep1RegsFile 
*          1    00006b00    00000040     UNINITIALIZED
                  00006b00    00000040     DSP280x_GlobalVariableDefs.obj (EQep1RegsFile)

EQep2RegsFile 
*          1    00006b40    00000040     UNINITIALIZED
                  00006b40    00000040     DSP280x_GlobalVariableDefs.obj (EQep2RegsFile)

GpioCtrlRegsFile 
*          1    00006f80    00000040     UNINITIALIZED
                  00006f80    00000040     DSP280x_GlobalVariableDefs.obj (GpioCtrlRegsFile)

GpioDataRegsFile 
*          1    00006fc0    00000020     UNINITIALIZED
                  00006fc0    00000020     DSP280x_GlobalVariableDefs.obj (GpioDataRegsFile)

GpioIntRegsFile 
*          1    00006fe0    0000000a     UNINITIALIZED
                  00006fe0    0000000a     DSP280x_GlobalVariableDefs.obj (GpioIntRegsFile)

SysCtrlRegsFile 
*          1    00007010    00000020     UNINITIALIZED
                  00007010    00000020     DSP280x_GlobalVariableDefs.obj (SysCtrlRegsFile)

SpiaRegsFile 
*          1    00007040    00000010     UNINITIALIZED
                  00007040    00000010     DSP280x_GlobalVariableDefs.obj (SpiaRegsFile)

SciaRegsFile 
*          1    00007050    00000010     UNINITIALIZED
                  00007050    00000010     DSP280x_GlobalVariableDefs.obj (SciaRegsFile)

XIntruptRegsFile 
*          1    00007070    00000010     UNINITIALIZED
                  00007070    00000010     DSP280x_GlobalVariableDefs.obj (XIntruptRegsFile)

AdcRegsFile 
*          1    00007100    0000001e     UNINITIALIZED
                  00007100    0000001e     DSP280x_GlobalVariableDefs.obj (AdcRegsFile)

SpibRegsFile 
*          1    00007740    00000010     UNINITIALIZED
                  00007740    00000010     DSP280x_GlobalVariableDefs.obj (SpibRegsFile)

ScibRegsFile 
*          1    00007750    00000010     UNINITIALIZED
                  00007750    00000010     DSP280x_GlobalVariableDefs.obj (ScibRegsFile)

SpicRegsFile 
*          1    00007760    00000010     UNINITIALIZED
                  00007760    00000010     DSP280x_GlobalVariableDefs.obj (SpicRegsFile)

SpidRegsFile 
*          1    00007780    00000010     UNINITIALIZED
                  00007780    00000010     DSP280x_GlobalVariableDefs.obj (SpidRegsFile)

I2caRegsFile 
*          1    00007900    00000022     UNINITIALIZED
                  00007900    00000022     DSP280x_GlobalVariableDefs.obj (I2caRegsFile)

CsmPwlFile 
*          1    003f7ff8    00000008     UNINITIALIZED
                  003f7ff8    00000008     DSP280x_GlobalVariableDefs.obj (CsmPwlFile)

.ebss      1    003fb000    00000488     UNINITIALIZED
                  003fb000    00000468     Main.obj (.ebss)
                  003fb468    00000018     DSP280x_CpuTimers.obj (.ebss)
                  003fb480    00000004     rts2800_ml.lib : _lock.obj (.ebss)
                  003fb484    00000004                    : exit.obj (.ebss)

.econst    1    003fb488    00000121     
                  003fb488    00000100     DSP280x_PieVect.obj (.econst)
                  003fb588    0000000d     Main.obj (.econst:.string)
                  003fb595    0000000a     Main.obj (.econst:.string:_$P$T0$1)
                  003fb59f    0000000a     Main.obj (.econst:.string:_$P$T1$2)


GLOBAL DATA SYMBOLS: SORTED BY DATA PAGE

address     data page           name
--------    ----------------    ----
00000480      12 (00000480)     __stack

00000880      22 (00000880)     _DevEmuRegs

00000a80      2a (00000a80)     _FlashRegs

00000ae0      2b (00000ac0)     _CsmRegs

00000b00      2c (00000b00)     _AdcMirror

00000c00      30 (00000c00)     _CpuTimer0Regs
00000c08      30 (00000c00)     _CpuTimer1Regs
00000c10      30 (00000c00)     _CpuTimer2Regs

00000ce0      33 (00000cc0)     _PieCtrlRegs

00000d00      34 (00000d00)     _PieVectTable

00006000     180 (00006000)     _ECanaRegs

00006040     181 (00006040)     _ECanaLAMRegs

00006080     182 (00006080)     _ECanaMOTSRegs

000060c0     183 (000060c0)     _ECanaMOTORegs

00006100     184 (00006100)     _ECanaMboxes

00006200     188 (00006200)     _ECanbRegs

00006240     189 (00006240)     _ECanbLAMRegs

00006280     18a (00006280)     _ECanbMOTSRegs

000062c0     18b (000062c0)     _ECanbMOTORegs

00006300     18c (00006300)     _ECanbMboxes

00006800     1a0 (00006800)     _EPwm1Regs

00006840     1a1 (00006840)     _EPwm2Regs

00006880     1a2 (00006880)     _EPwm3Regs

000068c0     1a3 (000068c0)     _EPwm4Regs

00006900     1a4 (00006900)     _EPwm5Regs

00006940     1a5 (00006940)     _EPwm6Regs

00006a00     1a8 (00006a00)     _ECap1Regs
00006a20     1a8 (00006a00)     _ECap2Regs

00006a40     1a9 (00006a40)     _ECap3Regs
00006a60     1a9 (00006a40)     _ECap4Regs

00006b00     1ac (00006b00)     _EQep1Regs

00006b40     1ad (00006b40)     _EQep2Regs

00006f80     1be (00006f80)     _GpioCtrlRegs

00006fc0     1bf (00006fc0)     _GpioDataRegs
00006fe0     1bf (00006fc0)     _GpioIntRegs

00007010     1c0 (00007000)     _SysCtrlRegs

00007040     1c1 (00007040)     _SpiaRegs
00007050     1c1 (00007040)     _SciaRegs
00007070     1c1 (00007040)     _XIntruptRegs

00007100     1c4 (00007100)     _AdcRegs

00007740     1dd (00007740)     _SpibRegs
00007750     1dd (00007740)     _ScibRegs
00007760     1dd (00007740)     _SpicRegs

00007780     1de (00007780)     _SpidRegs

00007900     1e4 (00007900)     _I2caRegs

003f7ff8    fdff (003f7fc0)     _CsmPwl

003fb000    fec0 (003fb000)     _AdcInterruptCount
003fb001    fec0 (003fb000)     _rxaInterruptCount
003fb002    fec0 (003fb000)     _charSampleData
003fb003    fec0 (003fb000)     _adc_i
003fb004    fec0 (003fb000)     _array_index
003fb005    fec0 (003fb000)     _breakpoint
003fb006    fec0 (003fb000)     _adc
003fb008    fec0 (003fb000)     _str
003fb012    fec0 (003fb000)     _rxaBuffer

003fb040    fec1 (003fb040)     _stringDataSend

003fb080    fec2 (003fb080)     _SampleTable

003fb468    fed1 (003fb440)     _CpuTimer1
003fb470    fed1 (003fb440)     _CpuTimer2
003fb478    fed1 (003fb440)     _CpuTimer0

003fb480    fed2 (003fb480)     __unlock
003fb482    fed2 (003fb480)     __lock
003fb484    fed2 (003fb480)     ___TI_cleanup_ptr
003fb486    fed2 (003fb480)     ___TI_dtors_ptr
003fb488    fed2 (003fb480)     _PieVectTableInit


GLOBAL SYMBOLS: SORTED ALPHABETICALLY BY Name 

address    name
--------   ----
003fa000   .text
003faa13   C$$EXIT
003fa691   FS$$DIV
003fa7e2   FS$$MPY
003fa942   FS$$TOL
003fa9b8   I$$DIV
003fa9c9   I$$MOD
003faa68   U$$DIV
003faa6d   U$$MOD
003faa58   U$$TOFS
003fa236   _ADCINT_ISR
003fa0b4   _ADC_Init
003fa781   _ADC_Interrupt
003fb000   _AdcInterruptCount
00000b00   _AdcMirror
00007100   _AdcRegs
003fa74d   _ConfigCpuTimer
003fb478   _CpuTimer0
00000c00   _CpuTimer0Regs
003fb468   _CpuTimer1
00000c08   _CpuTimer1Regs
003fb470   _CpuTimer2
00000c10   _CpuTimer2Regs
003f7ff8   _CsmPwl
00000ae0   _CsmRegs
003fa4f8   _CsmUnlock
003fa1cd   _DATALOG_ISR
003faa97   _DSP28x_DisableInt
003faa9b   _DSP28x_RestoreInt
00000058   _DSP28x_usDelay
00000880   _DevEmuRegs
003fa445   _DisableDog
003fa2e5   _ECAN0INTA_ISR
003fa2ef   _ECAN0INTB_ISR
003fa2ea   _ECAN1INTA_ISR
003fa2f4   _ECAN1INTB_ISR
003fa281   _ECAP1_INT_ISR
003fa286   _ECAP2_INT_ISR
003fa28b   _ECAP3_INT_ISR
003fa290   _ECAP4_INT_ISR
00006040   _ECanaLAMRegs
000060c0   _ECanaMOTORegs
00006080   _ECanaMOTSRegs
00006100   _ECanaMboxes
00006000   _ECanaRegs
00006240   _ECanbLAMRegs
000062c0   _ECanbMOTORegs
00006280   _ECanbMOTSRegs
00006300   _ECanbMboxes
00006200   _ECanbRegs
00006a00   _ECap1Regs
00006a20   _ECap2Regs
00006a40   _ECap3Regs
00006a60   _ECap4Regs
003fa2f9   _EMPTY_ISR
003fa1d7   _EMUINT_ISR
003fa263   _EPWM1_INT_ISR
003fa245   _EPWM1_TZINT_ISR
003fa268   _EPWM2_INT_ISR
003fa24a   _EPWM2_TZINT_ISR
003fa26d   _EPWM3_INT_ISR
003fa24f   _EPWM3_TZINT_ISR
003fa272   _EPWM4_INT_ISR
003fa254   _EPWM4_TZINT_ISR
003fa277   _EPWM5_INT_ISR
003fa259   _EPWM5_TZINT_ISR
003fa27c   _EPWM6_INT_ISR
003fa25e   _EPWM6_TZINT_ISR
00006800   _EPwm1Regs
00006840   _EPwm2Regs
00006880   _EPwm3Regs
000068c0   _EPwm4Regs
00006900   _EPwm5Regs
00006940   _EPwm6Regs
003fa295   _EQEP1_INT_ISR
003fa29a   _EQEP2_INT_ISR
00006b00   _EQep1Regs
00006b40   _EQep2Regs
003fa98a   _EnableInterrupts
00000a80   _FlashRegs
003fa0e7   _GPIO_INIT
00006f80   _GpioCtrlRegs
00006fc0   _GpioDataRegs
00006fe0   _GpioIntRegs
003fa2c7   _I2CINT1A_ISR
003fa2cc   _I2CINT2A_ISR
00007900   _I2caRegs
003fa1e1   _ILLEGAL_ISR
003fa1c3   _INT13_ISR
003fa1c8   _INT14_ISR
003faa73   _InitAdc
003fa714   _InitCpuTimers
003fa308   _InitECan
003fa403   _InitECanGpio
003fa30d   _InitECana
003fa408   _InitECanaGpio
003fa388   _InitECanb
003fa41e   _InitECanbGpio
003fa8d6   _InitECap
003fa8e0   _InitECap1Gpio
003fa8ee   _InitECap2Gpio
003fa8fa   _InitECap3Gpio
003fa906   _InitECap4Gpio
003fa8d7   _InitECapGpio
003fa529   _InitEPwm
003fa537   _InitEPwm1Gpio
003fa549   _InitEPwm2Gpio
003fa55b   _InitEPwm3Gpio
003fa56f   _InitEPwm4Gpio
003fa583   _InitEPwm5Gpio
003fa595   _InitEPwm6Gpio
003fa52a   _InitEPwmGpio
003fa5a7   _InitEPwmSyncGpio
003fa83c   _InitEQep
003fa842   _InitEQep1Gpio
003fa86c   _InitEQep2Gpio
003fa83d   _InitEQepGpio
0000003d   _InitFlash
003fa993   _InitGpio
003faa2c   _InitI2C
003faa2d   _InitI2CGpio
003fa47e   _InitPeripheralClocks
003fa96b   _InitPieCtrl
003fa9da   _InitPieVectTable
003fa44d   _InitPll
003fa912   _InitSci
003fa913   _InitSciGpio
003fa918   _InitSciaGpio
003fa92e   _InitScibGpio
003fa5f1   _InitSpi
003fa5f2   _InitSpiGpio
003fa5fb   _InitSpiaGpio
003fa621   _InitSpibGpio
003fa63f   _InitSpicGpio
003fa669   _InitSpidGpio
003fa432   _InitSysCtrl
003fa5bb   _InitTzGpio
003faa43   _MemCopy
003fa1dc   _NMI_ISR
003fa2fe   _PIE_RESERVED
00000ce0   _PieCtrlRegs
00000d00   _PieVectTable
003fb488   _PieVectTableInit
003fa1d2   _RTOSINT_ISR
003fa0cc   _SCIA_INIT
003fa7c4   _SCIA_RX_ISR
003fa2d1   _SCIRXINTA_ISR
003fa2db   _SCIRXINTB_ISR
003fa2d6   _SCITXINTA_ISR
003fa2e0   _SCITXINTB_ISR
003fa222   _SEQ1INT_ISR
003fa227   _SEQ2INT_ISR
003fa29f   _SPIRXINTA_ISR
003fa2a9   _SPIRXINTB_ISR
003fa2b3   _SPIRXINTC_ISR
003fa2bd   _SPIRXINTD_ISR
003fa2a4   _SPITXINTA_ISR
003fa2ae   _SPITXINTB_ISR
003fa2b8   _SPITXINTC_ISR
003fa2c2   _SPITXINTD_ISR
003fb080   _SampleTable
00007050   _SciaRegs
00007750   _ScibRegs
003fa09d   _SendDatasByScia
003fa43b   _ServiceDog
003faa9e   _SetDBGIER
00007040   _SpiaRegs
00007740   _SpibRegs
00007760   _SpicRegs
00007780   _SpidRegs
00007010   _SysCtrlRegs
003fa23b   _TINT0_ISR
003fa213   _USER10_ISR
003fa218   _USER11_ISR
003fa21d   _USER12_ISR
003fa1e6   _USER1_ISR
003fa1eb   _USER2_ISR
003fa1f0   _USER3_ISR
003fa1f5   _USER4_ISR
003fa1fa   _USER5_ISR
003fa1ff   _USER6_ISR
003fa204   _USER7_ISR
003fa209   _USER8_ISR
003fa20e   _USER9_ISR
003fa240   _WAKEINT_ISR
003fa22c   _XINT1_ISR
003fa231   _XINT2_ISR
00007070   _XIntruptRegs
00000780   __STACK_END
00000300   __STACK_SIZE
00000001   __TI_args_main
003fb484   ___TI_cleanup_ptr
003fb486   ___TI_dtors_ptr
ffffffff   ___binit__
ffffffff   ___c_args__
00000002   ___cinit__
003faaa1   ___etext__
ffffffff   ___pinit__
003fa000   ___text__
003fa9fa   __args_main
003fb482   __lock
003faa85   __nop
003faa81   __register_lock
003faa7d   __register_unlock
00000480   __stack
003fb480   __unlock
003faa13   _abort
003fb006   _adc
003fb003   _adc_i
003fb004   _array_index
003fb005   _breakpoint
003fa892   _c_int00
003fb002   _charSampleData
003faa15   _exit
003fa0f1   _intTochar
003fa000   _main
003fa303   _rsvd_ISR
003fb012   _rxaBuffer
003fb001   _rxaInterruptCount
003fb008   _str
003faa86   _strcat
003fb040   _stringDataSend
ffffffff   binit
00000002   cinit
00000000   code_start
003faaa1   etext
ffffffff   pinit


GLOBAL SYMBOLS: SORTED BY Symbol Address 

address    name
--------   ----
00000000   code_start
00000001   __TI_args_main
00000002   ___cinit__
00000002   cinit
0000003d   _InitFlash
00000058   _DSP28x_usDelay
00000300   __STACK_SIZE
00000480   __stack
00000780   __STACK_END
00000880   _DevEmuRegs
00000a80   _FlashRegs
00000ae0   _CsmRegs
00000b00   _AdcMirror
00000c00   _CpuTimer0Regs
00000c08   _CpuTimer1Regs
00000c10   _CpuTimer2Regs
00000ce0   _PieCtrlRegs
00000d00   _PieVectTable
00006000   _ECanaRegs
00006040   _ECanaLAMRegs
00006080   _ECanaMOTSRegs
000060c0   _ECanaMOTORegs
00006100   _ECanaMboxes
00006200   _ECanbRegs
00006240   _ECanbLAMRegs
00006280   _ECanbMOTSRegs
000062c0   _ECanbMOTORegs
00006300   _ECanbMboxes
00006800   _EPwm1Regs
00006840   _EPwm2Regs
00006880   _EPwm3Regs
000068c0   _EPwm4Regs
00006900   _EPwm5Regs
00006940   _EPwm6Regs
00006a00   _ECap1Regs
00006a20   _ECap2Regs
00006a40   _ECap3Regs
00006a60   _ECap4Regs
00006b00   _EQep1Regs
00006b40   _EQep2Regs
00006f80   _GpioCtrlRegs
00006fc0   _GpioDataRegs
00006fe0   _GpioIntRegs
00007010   _SysCtrlRegs
00007040   _SpiaRegs
00007050   _SciaRegs
00007070   _XIntruptRegs
00007100   _AdcRegs
00007740   _SpibRegs
00007750   _ScibRegs
00007760   _SpicRegs
00007780   _SpidRegs
00007900   _I2caRegs
003f7ff8   _CsmPwl
003fa000   .text
003fa000   ___text__
003fa000   _main
003fa09d   _SendDatasByScia
003fa0b4   _ADC_Init
003fa0cc   _SCIA_INIT
003fa0e7   _GPIO_INIT
003fa0f1   _intTochar
003fa1c3   _INT13_ISR
003fa1c8   _INT14_ISR
003fa1cd   _DATALOG_ISR
003fa1d2   _RTOSINT_ISR
003fa1d7   _EMUINT_ISR
003fa1dc   _NMI_ISR
003fa1e1   _ILLEGAL_ISR
003fa1e6   _USER1_ISR
003fa1eb   _USER2_ISR
003fa1f0   _USER3_ISR
003fa1f5   _USER4_ISR
003fa1fa   _USER5_ISR
003fa1ff   _USER6_ISR
003fa204   _USER7_ISR
003fa209   _USER8_ISR
003fa20e   _USER9_ISR
003fa213   _USER10_ISR
003fa218   _USER11_ISR
003fa21d   _USER12_ISR
003fa222   _SEQ1INT_ISR
003fa227   _SEQ2INT_ISR
003fa22c   _XINT1_ISR
003fa231   _XINT2_ISR
003fa236   _ADCINT_ISR
003fa23b   _TINT0_ISR
003fa240   _WAKEINT_ISR
003fa245   _EPWM1_TZINT_ISR
003fa24a   _EPWM2_TZINT_ISR
003fa24f   _EPWM3_TZINT_ISR
003fa254   _EPWM4_TZINT_ISR
003fa259   _EPWM5_TZINT_ISR
003fa25e   _EPWM6_TZINT_ISR
003fa263   _EPWM1_INT_ISR
003fa268   _EPWM2_INT_ISR
003fa26d   _EPWM3_INT_ISR
003fa272   _EPWM4_INT_ISR
003fa277   _EPWM5_INT_ISR
003fa27c   _EPWM6_INT_ISR
003fa281   _ECAP1_INT_ISR
003fa286   _ECAP2_INT_ISR
003fa28b   _ECAP3_INT_ISR
003fa290   _ECAP4_INT_ISR
003fa295   _EQEP1_INT_ISR
003fa29a   _EQEP2_INT_ISR
003fa29f   _SPIRXINTA_ISR
003fa2a4   _SPITXINTA_ISR
003fa2a9   _SPIRXINTB_ISR
003fa2ae   _SPITXINTB_ISR
003fa2b3   _SPIRXINTC_ISR
003fa2b8   _SPITXINTC_ISR
003fa2bd   _SPIRXINTD_ISR
003fa2c2   _SPITXINTD_ISR
003fa2c7   _I2CINT1A_ISR
003fa2cc   _I2CINT2A_ISR
003fa2d1   _SCIRXINTA_ISR
003fa2d6   _SCITXINTA_ISR
003fa2db   _SCIRXINTB_ISR
003fa2e0   _SCITXINTB_ISR
003fa2e5   _ECAN0INTA_ISR
003fa2ea   _ECAN1INTA_ISR
003fa2ef   _ECAN0INTB_ISR
003fa2f4   _ECAN1INTB_ISR
003fa2f9   _EMPTY_ISR
003fa2fe   _PIE_RESERVED
003fa303   _rsvd_ISR
003fa308   _InitECan
003fa30d   _InitECana
003fa388   _InitECanb
003fa403   _InitECanGpio
003fa408   _InitECanaGpio
003fa41e   _InitECanbGpio
003fa432   _InitSysCtrl
003fa43b   _ServiceDog
003fa445   _DisableDog
003fa44d   _InitPll
003fa47e   _InitPeripheralClocks
003fa4f8   _CsmUnlock
003fa529   _InitEPwm
003fa52a   _InitEPwmGpio
003fa537   _InitEPwm1Gpio
003fa549   _InitEPwm2Gpio
003fa55b   _InitEPwm3Gpio
003fa56f   _InitEPwm4Gpio
003fa583   _InitEPwm5Gpio
003fa595   _InitEPwm6Gpio
003fa5a7   _InitEPwmSyncGpio
003fa5bb   _InitTzGpio
003fa5f1   _InitSpi
003fa5f2   _InitSpiGpio
003fa5fb   _InitSpiaGpio
003fa621   _InitSpibGpio
003fa63f   _InitSpicGpio
003fa669   _InitSpidGpio
003fa691   FS$$DIV
003fa714   _InitCpuTimers
003fa74d   _ConfigCpuTimer
003fa781   _ADC_Interrupt
003fa7c4   _SCIA_RX_ISR
003fa7e2   FS$$MPY
003fa83c   _InitEQep
003fa83d   _InitEQepGpio
003fa842   _InitEQep1Gpio
003fa86c   _InitEQep2Gpio
003fa892   _c_int00
003fa8d6   _InitECap
003fa8d7   _InitECapGpio
003fa8e0   _InitECap1Gpio
003fa8ee   _InitECap2Gpio
003fa8fa   _InitECap3Gpio
003fa906   _InitECap4Gpio
003fa912   _InitSci
003fa913   _InitSciGpio
003fa918   _InitSciaGpio
003fa92e   _InitScibGpio
003fa942   FS$$TOL
003fa96b   _InitPieCtrl
003fa98a   _EnableInterrupts
003fa993   _InitGpio
003fa9b8   I$$DIV
003fa9c9   I$$MOD
003fa9da   _InitPieVectTable
003fa9fa   __args_main
003faa13   C$$EXIT
003faa13   _abort
003faa15   _exit
003faa2c   _InitI2C
003faa2d   _InitI2CGpio
003faa43   _MemCopy
003faa58   U$$TOFS
003faa68   U$$DIV
003faa6d   U$$MOD
003faa73   _InitAdc
003faa7d   __register_unlock
003faa81   __register_lock
003faa85   __nop
003faa86   _strcat
003faa97   _DSP28x_DisableInt
003faa9b   _DSP28x_RestoreInt
003faa9e   _SetDBGIER
003faaa1   ___etext__
003faaa1   etext
003fb000   _AdcInterruptCount
003fb001   _rxaInterruptCount
003fb002   _charSampleData
003fb003   _adc_i
003fb004   _array_index
003fb005   _breakpoint
003fb006   _adc
003fb008   _str
003fb012   _rxaBuffer
003fb040   _stringDataSend
003fb080   _SampleTable
003fb468   _CpuTimer1
003fb470   _CpuTimer2
003fb478   _CpuTimer0
003fb480   __unlock
003fb482   __lock
003fb484   ___TI_cleanup_ptr
003fb486   ___TI_dtors_ptr
003fb488   _PieVectTableInit
ffffffff   ___binit__
ffffffff   ___c_args__
ffffffff   ___pinit__
ffffffff   binit
ffffffff   pinit

[227 symbols]
