<?xml version="1.0"?>
<link_info>
   <banner>TMS320C2000 Linker PC v6.4.6</banner>
   <copyright>Copyright (c) 1996-2015 Texas Instruments Incorporated</copyright>
   <link_time>0x5a571370</link_time>
   <link_errors>0x0</link_errors>
   <output_file>D01_ADCOSIC_F2808_CCS5.out</output_file>
   <entry_point>
      <name>_c_int00</name>
      <address>0x3fa5da</address>
   </entry_point>
   <input_file_list>
      <input_file id="fl-2">
         <path>.\source\</path>
         <kind>object</kind>
         <file>Main.obj</file>
         <name>Main.obj</name>
      </input_file>
      <input_file id="fl-3">
         <path>.\hardware\DSP280x_headers\source\</path>
         <kind>object</kind>
         <file>DSP280x_GlobalVariableDefs.obj</file>
         <name>DSP280x_GlobalVariableDefs.obj</name>
      </input_file>
      <input_file id="fl-4">
         <path>.\hardware\DSP280x_common\source\</path>
         <kind>object</kind>
         <file>DSP280x_Adc.obj</file>
         <name>DSP280x_Adc.obj</name>
      </input_file>
      <input_file id="fl-5">
         <path>.\hardware\DSP280x_common\source\</path>
         <kind>object</kind>
         <file>DSP280x_CodeStartBranch.obj</file>
         <name>DSP280x_CodeStartBranch.obj</name>
      </input_file>
      <input_file id="fl-6">
         <path>.\hardware\DSP280x_common\source\</path>
         <kind>object</kind>
         <file>DSP280x_CpuTimers.obj</file>
         <name>DSP280x_CpuTimers.obj</name>
      </input_file>
      <input_file id="fl-7">
         <path>.\hardware\DSP280x_common\source\</path>
         <kind>object</kind>
         <file>DSP280x_DBGIER.obj</file>
         <name>DSP280x_DBGIER.obj</name>
      </input_file>
      <input_file id="fl-8">
         <path>.\hardware\DSP280x_common\source\</path>
         <kind>object</kind>
         <file>DSP280x_DefaultIsr.obj</file>
         <name>DSP280x_DefaultIsr.obj</name>
      </input_file>
      <input_file id="fl-9">
         <path>.\hardware\DSP280x_common\source\</path>
         <kind>object</kind>
         <file>DSP280x_DisInt.obj</file>
         <name>DSP280x_DisInt.obj</name>
      </input_file>
      <input_file id="fl-a">
         <path>.\hardware\DSP280x_common\source\</path>
         <kind>object</kind>
         <file>DSP280x_ECan.obj</file>
         <name>DSP280x_ECan.obj</name>
      </input_file>
      <input_file id="fl-b">
         <path>.\hardware\DSP280x_common\source\</path>
         <kind>object</kind>
         <file>DSP280x_ECap.obj</file>
         <name>DSP280x_ECap.obj</name>
      </input_file>
      <input_file id="fl-c">
         <path>.\hardware\DSP280x_common\source\</path>
         <kind>object</kind>
         <file>DSP280x_EPwm.obj</file>
         <name>DSP280x_EPwm.obj</name>
      </input_file>
      <input_file id="fl-d">
         <path>.\hardware\DSP280x_common\source\</path>
         <kind>object</kind>
         <file>DSP280x_EQep.obj</file>
         <name>DSP280x_EQep.obj</name>
      </input_file>
      <input_file id="fl-e">
         <path>.\hardware\DSP280x_common\source\</path>
         <kind>object</kind>
         <file>DSP280x_Gpio.obj</file>
         <name>DSP280x_Gpio.obj</name>
      </input_file>
      <input_file id="fl-f">
         <path>.\hardware\DSP280x_common\source\</path>
         <kind>object</kind>
         <file>DSP280x_I2C.obj</file>
         <name>DSP280x_I2C.obj</name>
      </input_file>
      <input_file id="fl-10">
         <path>.\hardware\DSP280x_common\source\</path>
         <kind>object</kind>
         <file>DSP280x_MemCopy.obj</file>
         <name>DSP280x_MemCopy.obj</name>
      </input_file>
      <input_file id="fl-11">
         <path>.\hardware\DSP280x_common\source\</path>
         <kind>object</kind>
         <file>DSP280x_PieCtrl.obj</file>
         <name>DSP280x_PieCtrl.obj</name>
      </input_file>
      <input_file id="fl-12">
         <path>.\hardware\DSP280x_common\source\</path>
         <kind>object</kind>
         <file>DSP280x_PieVect.obj</file>
         <name>DSP280x_PieVect.obj</name>
      </input_file>
      <input_file id="fl-13">
         <path>.\hardware\DSP280x_common\source\</path>
         <kind>object</kind>
         <file>DSP280x_Sci.obj</file>
         <name>DSP280x_Sci.obj</name>
      </input_file>
      <input_file id="fl-14">
         <path>.\hardware\DSP280x_common\source\</path>
         <kind>object</kind>
         <file>DSP280x_Spi.obj</file>
         <name>DSP280x_Spi.obj</name>
      </input_file>
      <input_file id="fl-15">
         <path>.\hardware\DSP280x_common\source\</path>
         <kind>object</kind>
         <file>DSP280x_SysCtrl.obj</file>
         <name>DSP280x_SysCtrl.obj</name>
      </input_file>
      <input_file id="fl-16">
         <path>.\hardware\DSP280x_common\source\</path>
         <kind>object</kind>
         <file>DSP280x_usDelay.obj</file>
         <name>DSP280x_usDelay.obj</name>
      </input_file>
      <input_file id="fl-25">
         <path>D:\opt\ti\ccsv6\tools\compiler\ti-cgt-c2000_6.4.6\lib\</path>
         <kind>archive</kind>
         <file>rts2800_ml.lib</file>
         <name>boot.obj</name>
      </input_file>
      <input_file id="fl-26">
         <path>D:\opt\ti\ccsv6\tools\compiler\ti-cgt-c2000_6.4.6\lib\</path>
         <kind>archive</kind>
         <file>rts2800_ml.lib</file>
         <name>exit.obj</name>
      </input_file>
      <input_file id="fl-27">
         <path>D:\opt\ti\ccsv6\tools\compiler\ti-cgt-c2000_6.4.6\lib\</path>
         <kind>archive</kind>
         <file>rts2800_ml.lib</file>
         <name>fs_div.obj</name>
      </input_file>
      <input_file id="fl-28">
         <path>D:\opt\ti\ccsv6\tools\compiler\ti-cgt-c2000_6.4.6\lib\</path>
         <kind>archive</kind>
         <file>rts2800_ml.lib</file>
         <name>fs_mpy.obj</name>
      </input_file>
      <input_file id="fl-29">
         <path>D:\opt\ti\ccsv6\tools\compiler\ti-cgt-c2000_6.4.6\lib\</path>
         <kind>archive</kind>
         <file>rts2800_ml.lib</file>
         <name>fs_tol.obj</name>
      </input_file>
      <input_file id="fl-2a">
         <path>D:\opt\ti\ccsv6\tools\compiler\ti-cgt-c2000_6.4.6\lib\</path>
         <kind>archive</kind>
         <file>rts2800_ml.lib</file>
         <name>i_div.obj</name>
      </input_file>
      <input_file id="fl-2b">
         <path>D:\opt\ti\ccsv6\tools\compiler\ti-cgt-c2000_6.4.6\lib\</path>
         <kind>archive</kind>
         <file>rts2800_ml.lib</file>
         <name>strcat.obj</name>
      </input_file>
      <input_file id="fl-2c">
         <path>D:\opt\ti\ccsv6\tools\compiler\ti-cgt-c2000_6.4.6\lib\</path>
         <kind>archive</kind>
         <file>rts2800_ml.lib</file>
         <name>u_tofs.obj</name>
      </input_file>
      <input_file id="fl-2d">
         <path>D:\opt\ti\ccsv6\tools\compiler\ti-cgt-c2000_6.4.6\lib\</path>
         <kind>archive</kind>
         <file>rts2800_ml.lib</file>
         <name>_lock.obj</name>
      </input_file>
      <input_file id="fl-2e">
         <path>D:\opt\ti\ccsv6\tools\compiler\ti-cgt-c2000_6.4.6\lib\</path>
         <kind>archive</kind>
         <file>rts2800_ml.lib</file>
         <name>args_main.obj</name>
      </input_file>
   </input_file_list>
   <object_component_list>
      <object_component id="oc-7c">
         <name>codestart</name>
         <load_address>0x0</load_address>
         <run_address>0x0</run_address>
         <size>0x2</size>
         <input_file_ref idref="fl-5"/>
      </object_component>
      <object_component id="oc-d4">
         <name>ramfuncs</name>
         <load_address>0x41</load_address>
         <run_address>0x41</run_address>
         <size>0x4</size>
         <input_file_ref idref="fl-16"/>
      </object_component>
      <object_component id="oc-110">
         <name>.text</name>
         <load_address>0x3fa000</load_address>
         <run_address>0x3fa000</run_address>
         <size>0x1ee</size>
         <input_file_ref idref="fl-2"/>
      </object_component>
      <object_component id="oc-8d">
         <name>.text:retain</name>
         <load_address>0x3fa1ee</load_address>
         <run_address>0x3fa1ee</run_address>
         <size>0x145</size>
         <input_file_ref idref="fl-8"/>
      </object_component>
      <object_component id="oc-113">
         <name>.text</name>
         <load_address>0x3fa333</load_address>
         <run_address>0x3fa333</run_address>
         <size>0xfb</size>
         <input_file_ref idref="fl-15"/>
      </object_component>
      <object_component id="oc-e6">
         <name>.text</name>
         <load_address>0x3fa42e</load_address>
         <run_address>0x3fa42e</run_address>
         <size>0x83</size>
         <input_file_ref idref="fl-27"/>
      </object_component>
      <object_component id="oc-115">
         <name>.text</name>
         <load_address>0x3fa4b1</load_address>
         <run_address>0x3fa4b1</run_address>
         <size>0x6a</size>
         <input_file_ref idref="fl-6"/>
      </object_component>
      <object_component id="oc-41">
         <name>.text:retain</name>
         <load_address>0x3fa51b</load_address>
         <run_address>0x3fa51b</run_address>
         <size>0x65</size>
         <input_file_ref idref="fl-2"/>
      </object_component>
      <object_component id="oc-eb">
         <name>.text</name>
         <load_address>0x3fa580</load_address>
         <run_address>0x3fa580</run_address>
         <size>0x5a</size>
         <input_file_ref idref="fl-28"/>
      </object_component>
      <object_component id="oc-3d">
         <name>.text</name>
         <load_address>0x3fa5da</load_address>
         <run_address>0x3fa5da</run_address>
         <size>0x44</size>
         <input_file_ref idref="fl-25"/>
      </object_component>
      <object_component id="oc-114">
         <name>.text</name>
         <load_address>0x3fa61e</load_address>
         <run_address>0x3fa61e</run_address>
         <size>0x30</size>
         <input_file_ref idref="fl-13"/>
      </object_component>
      <object_component id="oc-f0">
         <name>.text</name>
         <load_address>0x3fa64e</load_address>
         <run_address>0x3fa64e</run_address>
         <size>0x29</size>
         <input_file_ref idref="fl-29"/>
      </object_component>
      <object_component id="oc-116">
         <name>.text</name>
         <load_address>0x3fa677</load_address>
         <run_address>0x3fa677</run_address>
         <size>0x28</size>
         <input_file_ref idref="fl-11"/>
      </object_component>
      <object_component id="oc-117">
         <name>.text</name>
         <load_address>0x3fa69f</load_address>
         <run_address>0x3fa69f</run_address>
         <size>0x22</size>
         <input_file_ref idref="fl-12"/>
      </object_component>
      <object_component id="oc-f5">
         <name>.text</name>
         <load_address>0x3fa6c1</load_address>
         <run_address>0x3fa6c1</run_address>
         <size>0x22</size>
         <input_file_ref idref="fl-2a"/>
      </object_component>
      <object_component id="oc-10e">
         <name>.text</name>
         <load_address>0x3fa6e3</load_address>
         <run_address>0x3fa6e3</run_address>
         <size>0x19</size>
         <input_file_ref idref="fl-2e"/>
      </object_component>
      <object_component id="oc-10f">
         <name>.text</name>
         <load_address>0x3fa6fc</load_address>
         <run_address>0x3fa6fc</run_address>
         <size>0x19</size>
         <input_file_ref idref="fl-26"/>
      </object_component>
      <object_component id="oc-ff">
         <name>.text</name>
         <load_address>0x3fa715</load_address>
         <run_address>0x3fa715</run_address>
         <size>0x10</size>
         <input_file_ref idref="fl-2c"/>
      </object_component>
      <object_component id="oc-118">
         <name>.text</name>
         <load_address>0x3fa725</load_address>
         <run_address>0x3fa725</run_address>
         <size>0xa</size>
         <input_file_ref idref="fl-4"/>
      </object_component>
      <object_component id="oc-11c">
         <name>.text</name>
         <load_address>0x3fa72f</load_address>
         <run_address>0x3fa72f</run_address>
         <size>0x9</size>
         <input_file_ref idref="fl-2d"/>
      </object_component>
      <object_component id="oc-119">
         <name>.text</name>
         <load_address>0x3fa738</load_address>
         <run_address>0x3fa738</run_address>
         <size>0x9</size>
         <input_file_ref idref="fl-2b"/>
      </object_component>
      <object_component id="oc-7b">
         <name>.text</name>
         <load_address>0x3fa741</load_address>
         <run_address>0x3fa741</run_address>
         <size>0x8</size>
         <input_file_ref idref="fl-5"/>
      </object_component>
      <object_component id="oc-92">
         <name>.text</name>
         <load_address>0x3fa749</load_address>
         <run_address>0x3fa749</run_address>
         <size>0x7</size>
         <input_file_ref idref="fl-9"/>
      </object_component>
      <object_component id="oc-87">
         <name>.text</name>
         <load_address>0x3fa750</load_address>
         <run_address>0x3fa750</run_address>
         <size>0x3</size>
         <input_file_ref idref="fl-7"/>
      </object_component>
      <object_component id="oc-3f">
         <name>.cinit</name>
         <load_address>0x2</load_address>
         <run_address>0x2</run_address>
         <size>0x29</size>
         <input_file_ref idref="fl-2"/>
      </object_component>
      <object_component id="oc-e0">
         <name>.cinit</name>
         <load_address>0x2b</load_address>
         <run_address>0x2b</run_address>
         <size>0xa</size>
         <input_file_ref idref="fl-26"/>
      </object_component>
      <object_component id="oc-112">
         <name>.cinit:__lock</name>
         <load_address>0x35</load_address>
         <run_address>0x35</run_address>
         <size>0x5</size>
         <input_file_ref idref="fl-2d"/>
      </object_component>
      <object_component id="oc-11d">
         <name>.cinit:__unlock</name>
         <load_address>0x3a</load_address>
         <run_address>0x3a</run_address>
         <size>0x5</size>
         <input_file_ref idref="fl-2d"/>
      </object_component>
      <object_component id="oc-da">
         <name>.reset</name>
         <load_address>0x3fffc0</load_address>
         <run_address>0x3fffc0</run_address>
         <size>0x2</size>
         <input_file_ref idref="fl-25"/>
      </object_component>
      <object_component id="oc-d9">
         <name>.stack</name>
         <uninitialized>true</uninitialized>
         <run_address>0x480</run_address>
         <size>0x0</size>
         <input_file_ref idref="fl-25"/>
      </object_component>
      <object_component id="oc-164">
         <name>.stack</name>
         <uninitialized>true</uninitialized>
         <run_address>0x480</run_address>
         <size>0x0</size>
      </object_component>
      <object_component id="oc-40">
         <name>.ebss</name>
         <uninitialized>true</uninitialized>
         <run_address>0x3fb000</run_address>
         <size>0x468</size>
         <input_file_ref idref="fl-2"/>
      </object_component>
      <object_component id="oc-82">
         <name>.ebss</name>
         <uninitialized>true</uninitialized>
         <run_address>0x3fb468</run_address>
         <size>0x18</size>
         <input_file_ref idref="fl-6"/>
      </object_component>
      <object_component id="oc-e1">
         <name>.ebss</name>
         <uninitialized>true</uninitialized>
         <run_address>0x3fb480</run_address>
         <size>0x4</size>
         <input_file_ref idref="fl-26"/>
      </object_component>
      <object_component id="oc-11e">
         <name>.ebss:__unlock</name>
         <uninitialized>true</uninitialized>
         <run_address>0x3fb486</run_address>
         <size>0x2</size>
         <input_file_ref idref="fl-2d"/>
      </object_component>
      <object_component id="oc-111">
         <name>.ebss:__lock</name>
         <uninitialized>true</uninitialized>
         <run_address>0x3fb484</run_address>
         <size>0x2</size>
         <input_file_ref idref="fl-2d"/>
      </object_component>
      <object_component id="oc-c0">
         <name>.econst</name>
         <load_address>0x3fb488</load_address>
         <run_address>0x3fb488</run_address>
         <size>0x100</size>
         <input_file_ref idref="fl-12"/>
      </object_component>
      <object_component id="oc-11a">
         <name>.econst:.string:_$P$T0$1</name>
         <load_address>0x3fb588</load_address>
         <run_address>0x3fb588</run_address>
         <size>0xa</size>
         <input_file_ref idref="fl-2"/>
      </object_component>
      <object_component id="oc-11b">
         <name>.econst:.string:_$P$T1$2</name>
         <load_address>0x3fb592</load_address>
         <run_address>0x3fb592</run_address>
         <size>0xa</size>
         <input_file_ref idref="fl-2"/>
      </object_component>
      <object_component id="oc-42">
         <name>.econst:.string</name>
         <load_address>0x3fb59c</load_address>
         <run_address>0x3fb59c</run_address>
         <size>0x6</size>
         <input_file_ref idref="fl-2"/>
      </object_component>
      <object_component id="oc-72">
         <name>PieVectTableFile</name>
         <uninitialized>true</uninitialized>
         <run_address>0xd00</run_address>
         <size>0x100</size>
         <input_file_ref idref="fl-3"/>
      </object_component>
      <object_component id="oc-71">
         <name>DevEmuRegsFile</name>
         <uninitialized>true</uninitialized>
         <run_address>0x880</run_address>
         <size>0xd0</size>
         <input_file_ref idref="fl-3"/>
      </object_component>
      <object_component id="oc-4a">
         <name>FlashRegsFile</name>
         <uninitialized>true</uninitialized>
         <run_address>0xa80</run_address>
         <size>0x8</size>
         <input_file_ref idref="fl-3"/>
      </object_component>
      <object_component id="oc-53">
         <name>CsmRegsFile</name>
         <uninitialized>true</uninitialized>
         <run_address>0xae0</run_address>
         <size>0x10</size>
         <input_file_ref idref="fl-3"/>
      </object_component>
      <object_component id="oc-54">
         <name>AdcMirrorFile</name>
         <uninitialized>true</uninitialized>
         <run_address>0xb00</run_address>
         <size>0x10</size>
         <input_file_ref idref="fl-3"/>
      </object_component>
      <object_component id="oc-4b">
         <name>CpuTimer0RegsFile</name>
         <uninitialized>true</uninitialized>
         <run_address>0xc00</run_address>
         <size>0x8</size>
         <input_file_ref idref="fl-3"/>
      </object_component>
      <object_component id="oc-49">
         <name>CpuTimer1RegsFile</name>
         <uninitialized>true</uninitialized>
         <run_address>0xc08</run_address>
         <size>0x8</size>
         <input_file_ref idref="fl-3"/>
      </object_component>
      <object_component id="oc-48">
         <name>CpuTimer2RegsFile</name>
         <uninitialized>true</uninitialized>
         <run_address>0xc10</run_address>
         <size>0x8</size>
         <input_file_ref idref="fl-3"/>
      </object_component>
      <object_component id="oc-57">
         <name>PieCtrlRegsFile</name>
         <uninitialized>true</uninitialized>
         <run_address>0xce0</run_address>
         <size>0x1a</size>
         <input_file_ref idref="fl-3"/>
      </object_component>
      <object_component id="oc-66">
         <name>ECanaRegsFile</name>
         <uninitialized>true</uninitialized>
         <run_address>0x6000</run_address>
         <size>0x34</size>
         <input_file_ref idref="fl-3"/>
      </object_component>
      <object_component id="oc-6a">
         <name>ECanaLAMRegsFile</name>
         <uninitialized>true</uninitialized>
         <run_address>0x6040</run_address>
         <size>0x40</size>
         <input_file_ref idref="fl-3"/>
      </object_component>
      <object_component id="oc-74">
         <name>ECanaMboxesFile</name>
         <uninitialized>true</uninitialized>
         <run_address>0x6100</run_address>
         <size>0x100</size>
         <input_file_ref idref="fl-3"/>
      </object_component>
      <object_component id="oc-6b">
         <name>ECanaMOTSRegsFile</name>
         <uninitialized>true</uninitialized>
         <run_address>0x6080</run_address>
         <size>0x40</size>
         <input_file_ref idref="fl-3"/>
      </object_component>
      <object_component id="oc-69">
         <name>ECanaMOTORegsFile</name>
         <uninitialized>true</uninitialized>
         <run_address>0x60c0</run_address>
         <size>0x40</size>
         <input_file_ref idref="fl-3"/>
      </object_component>
      <object_component id="oc-67">
         <name>ECanbRegsFile</name>
         <uninitialized>true</uninitialized>
         <run_address>0x6200</run_address>
         <size>0x34</size>
         <input_file_ref idref="fl-3"/>
      </object_component>
      <object_component id="oc-68">
         <name>ECanbLAMRegsFile</name>
         <uninitialized>true</uninitialized>
         <run_address>0x6240</run_address>
         <size>0x40</size>
         <input_file_ref idref="fl-3"/>
      </object_component>
      <object_component id="oc-73">
         <name>ECanbMboxesFile</name>
         <uninitialized>true</uninitialized>
         <run_address>0x6300</run_address>
         <size>0x100</size>
         <input_file_ref idref="fl-3"/>
      </object_component>
      <object_component id="oc-6f">
         <name>ECanbMOTSRegsFile</name>
         <uninitialized>true</uninitialized>
         <run_address>0x6280</run_address>
         <size>0x40</size>
         <input_file_ref idref="fl-3"/>
      </object_component>
      <object_component id="oc-6d">
         <name>ECanbMOTORegsFile</name>
         <uninitialized>true</uninitialized>
         <run_address>0x62c0</run_address>
         <size>0x40</size>
         <input_file_ref idref="fl-3"/>
      </object_component>
      <object_component id="oc-60">
         <name>EPwm1RegsFile</name>
         <uninitialized>true</uninitialized>
         <run_address>0x6800</run_address>
         <size>0x22</size>
         <input_file_ref idref="fl-3"/>
      </object_component>
      <object_component id="oc-61">
         <name>EPwm2RegsFile</name>
         <uninitialized>true</uninitialized>
         <run_address>0x6840</run_address>
         <size>0x22</size>
         <input_file_ref idref="fl-3"/>
      </object_component>
      <object_component id="oc-62">
         <name>EPwm3RegsFile</name>
         <uninitialized>true</uninitialized>
         <run_address>0x6880</run_address>
         <size>0x22</size>
         <input_file_ref idref="fl-3"/>
      </object_component>
      <object_component id="oc-64">
         <name>EPwm4RegsFile</name>
         <uninitialized>true</uninitialized>
         <run_address>0x68c0</run_address>
         <size>0x22</size>
         <input_file_ref idref="fl-3"/>
      </object_component>
      <object_component id="oc-63">
         <name>EPwm5RegsFile</name>
         <uninitialized>true</uninitialized>
         <run_address>0x6900</run_address>
         <size>0x22</size>
         <input_file_ref idref="fl-3"/>
      </object_component>
      <object_component id="oc-65">
         <name>EPwm6RegsFile</name>
         <uninitialized>true</uninitialized>
         <run_address>0x6940</run_address>
         <size>0x22</size>
         <input_file_ref idref="fl-3"/>
      </object_component>
      <object_component id="oc-5c">
         <name>ECap1RegsFile</name>
         <uninitialized>true</uninitialized>
         <run_address>0x6a00</run_address>
         <size>0x20</size>
         <input_file_ref idref="fl-3"/>
      </object_component>
      <object_component id="oc-5a">
         <name>ECap2RegsFile</name>
         <uninitialized>true</uninitialized>
         <run_address>0x6a20</run_address>
         <size>0x20</size>
         <input_file_ref idref="fl-3"/>
      </object_component>
      <object_component id="oc-5b">
         <name>ECap3RegsFile</name>
         <uninitialized>true</uninitialized>
         <run_address>0x6a40</run_address>
         <size>0x20</size>
         <input_file_ref idref="fl-3"/>
      </object_component>
      <object_component id="oc-59">
         <name>ECap4RegsFile</name>
         <uninitialized>true</uninitialized>
         <run_address>0x6a60</run_address>
         <size>0x20</size>
         <input_file_ref idref="fl-3"/>
      </object_component>
      <object_component id="oc-6e">
         <name>EQep1RegsFile</name>
         <uninitialized>true</uninitialized>
         <run_address>0x6b00</run_address>
         <size>0x40</size>
         <input_file_ref idref="fl-3"/>
      </object_component>
      <object_component id="oc-70">
         <name>EQep2RegsFile</name>
         <uninitialized>true</uninitialized>
         <run_address>0x6b40</run_address>
         <size>0x40</size>
         <input_file_ref idref="fl-3"/>
      </object_component>
      <object_component id="oc-6c">
         <name>GpioCtrlRegsFile</name>
         <uninitialized>true</uninitialized>
         <run_address>0x6f80</run_address>
         <size>0x40</size>
         <input_file_ref idref="fl-3"/>
      </object_component>
      <object_component id="oc-5d">
         <name>GpioDataRegsFile</name>
         <uninitialized>true</uninitialized>
         <run_address>0x6fc0</run_address>
         <size>0x20</size>
         <input_file_ref idref="fl-3"/>
      </object_component>
      <object_component id="oc-4d">
         <name>GpioIntRegsFile</name>
         <uninitialized>true</uninitialized>
         <run_address>0x6fe0</run_address>
         <size>0xa</size>
         <input_file_ref idref="fl-3"/>
      </object_component>
      <object_component id="oc-5e">
         <name>SysCtrlRegsFile</name>
         <uninitialized>true</uninitialized>
         <run_address>0x7010</run_address>
         <size>0x20</size>
         <input_file_ref idref="fl-3"/>
      </object_component>
      <object_component id="oc-51">
         <name>SpiaRegsFile</name>
         <uninitialized>true</uninitialized>
         <run_address>0x7040</run_address>
         <size>0x10</size>
         <input_file_ref idref="fl-3"/>
      </object_component>
      <object_component id="oc-52">
         <name>SciaRegsFile</name>
         <uninitialized>true</uninitialized>
         <run_address>0x7050</run_address>
         <size>0x10</size>
         <input_file_ref idref="fl-3"/>
      </object_component>
      <object_component id="oc-56">
         <name>XIntruptRegsFile</name>
         <uninitialized>true</uninitialized>
         <run_address>0x7070</run_address>
         <size>0x10</size>
         <input_file_ref idref="fl-3"/>
      </object_component>
      <object_component id="oc-58">
         <name>AdcRegsFile</name>
         <uninitialized>true</uninitialized>
         <run_address>0x7100</run_address>
         <size>0x1e</size>
         <input_file_ref idref="fl-3"/>
      </object_component>
      <object_component id="oc-4f">
         <name>SpibRegsFile</name>
         <uninitialized>true</uninitialized>
         <run_address>0x7740</run_address>
         <size>0x10</size>
         <input_file_ref idref="fl-3"/>
      </object_component>
      <object_component id="oc-50">
         <name>ScibRegsFile</name>
         <uninitialized>true</uninitialized>
         <run_address>0x7750</run_address>
         <size>0x10</size>
         <input_file_ref idref="fl-3"/>
      </object_component>
      <object_component id="oc-4e">
         <name>SpicRegsFile</name>
         <uninitialized>true</uninitialized>
         <run_address>0x7760</run_address>
         <size>0x10</size>
         <input_file_ref idref="fl-3"/>
      </object_component>
      <object_component id="oc-55">
         <name>SpidRegsFile</name>
         <uninitialized>true</uninitialized>
         <run_address>0x7780</run_address>
         <size>0x10</size>
         <input_file_ref idref="fl-3"/>
      </object_component>
      <object_component id="oc-5f">
         <name>I2caRegsFile</name>
         <uninitialized>true</uninitialized>
         <run_address>0x7900</run_address>
         <size>0x22</size>
         <input_file_ref idref="fl-3"/>
      </object_component>
      <object_component id="oc-4c">
         <name>CsmPwlFile</name>
         <uninitialized>true</uninitialized>
         <run_address>0x3f7ff8</run_address>
         <size>0x8</size>
         <input_file_ref idref="fl-3"/>
      </object_component>
      <object_component id="oc-3e">
         <name>.debug_info</name>
         <load_address>0x0</load_address>
         <run_address>0x0</run_address>
         <size>0x45f6</size>
         <input_file_ref idref="fl-2"/>
      </object_component>
      <object_component id="oc-47">
         <name>.debug_info</name>
         <load_address>0x45f6</load_address>
         <run_address>0x45f6</run_address>
         <size>0xe4ff</size>
         <input_file_ref idref="fl-3"/>
      </object_component>
      <object_component id="oc-76">
         <name>.debug_info</name>
         <load_address>0x12af5</load_address>
         <run_address>0x12af5</run_address>
         <size>0x12e7</size>
         <input_file_ref idref="fl-4"/>
      </object_component>
      <object_component id="oc-7d">
         <name>.debug_info</name>
         <load_address>0x13ddc</load_address>
         <run_address>0x13ddc</run_address>
         <size>0x17a</size>
         <input_file_ref idref="fl-5"/>
      </object_component>
      <object_component id="oc-81">
         <name>.debug_info</name>
         <load_address>0x13f56</load_address>
         <run_address>0x13f56</run_address>
         <size>0x982</size>
         <input_file_ref idref="fl-6"/>
      </object_component>
      <object_component id="oc-88">
         <name>.debug_info</name>
         <load_address>0x148d8</load_address>
         <run_address>0x148d8</run_address>
         <size>0x123</size>
         <input_file_ref idref="fl-7"/>
      </object_component>
      <object_component id="oc-8c">
         <name>.debug_info</name>
         <load_address>0x149fb</load_address>
         <run_address>0x149fb</run_address>
         <size>0x29d2</size>
         <input_file_ref idref="fl-8"/>
      </object_component>
      <object_component id="oc-93">
         <name>.debug_info</name>
         <load_address>0x173cd</load_address>
         <run_address>0x173cd</run_address>
         <size>0x129</size>
         <input_file_ref idref="fl-9"/>
      </object_component>
      <object_component id="oc-97">
         <name>.debug_info</name>
         <load_address>0x174f6</load_address>
         <run_address>0x174f6</run_address>
         <size>0x5232</size>
         <input_file_ref idref="fl-a"/>
      </object_component>
      <object_component id="oc-9c">
         <name>.debug_info</name>
         <load_address>0x1c728</load_address>
         <run_address>0x1c728</run_address>
         <size>0x1040</size>
         <input_file_ref idref="fl-b"/>
      </object_component>
      <object_component id="oc-a1">
         <name>.debug_info</name>
         <load_address>0x1d768</load_address>
         <run_address>0x1d768</run_address>
         <size>0x1040</size>
         <input_file_ref idref="fl-c"/>
      </object_component>
      <object_component id="oc-a6">
         <name>.debug_info</name>
         <load_address>0x1e7a8</load_address>
         <run_address>0x1e7a8</run_address>
         <size>0x1040</size>
         <input_file_ref idref="fl-d"/>
      </object_component>
      <object_component id="oc-ab">
         <name>.debug_info</name>
         <load_address>0x1f7e8</load_address>
         <run_address>0x1f7e8</run_address>
         <size>0x117a</size>
         <input_file_ref idref="fl-e"/>
      </object_component>
      <object_component id="oc-b0">
         <name>.debug_info</name>
         <load_address>0x20962</load_address>
         <run_address>0x20962</run_address>
         <size>0x103f</size>
         <input_file_ref idref="fl-f"/>
      </object_component>
      <object_component id="oc-b5">
         <name>.debug_info</name>
         <load_address>0x219a1</load_address>
         <run_address>0x219a1</run_address>
         <size>0x2d5</size>
         <input_file_ref idref="fl-10"/>
      </object_component>
      <object_component id="oc-ba">
         <name>.debug_info</name>
         <load_address>0x21c76</load_address>
         <run_address>0x21c76</run_address>
         <size>0xb26</size>
         <input_file_ref idref="fl-11"/>
      </object_component>
      <object_component id="oc-bf">
         <name>.debug_info</name>
         <load_address>0x2279c</load_address>
         <run_address>0x2279c</run_address>
         <size>0x212e</size>
         <input_file_ref idref="fl-12"/>
      </object_component>
      <object_component id="oc-c5">
         <name>.debug_info</name>
         <load_address>0x248ca</load_address>
         <run_address>0x248ca</run_address>
         <size>0x12af</size>
         <input_file_ref idref="fl-13"/>
      </object_component>
      <object_component id="oc-ca">
         <name>.debug_info</name>
         <load_address>0x25b79</load_address>
         <run_address>0x25b79</run_address>
         <size>0x103f</size>
         <input_file_ref idref="fl-14"/>
      </object_component>
      <object_component id="oc-cf">
         <name>.debug_info</name>
         <load_address>0x26bb8</load_address>
         <run_address>0x26bb8</run_address>
         <size>0x1c41</size>
         <input_file_ref idref="fl-15"/>
      </object_component>
      <object_component id="oc-d5">
         <name>.debug_info</name>
         <load_address>0x287f9</load_address>
         <run_address>0x287f9</run_address>
         <size>0x125</size>
         <input_file_ref idref="fl-16"/>
      </object_component>
      <object_component id="oc-db">
         <name>.debug_info</name>
         <load_address>0x2891e</load_address>
         <run_address>0x2891e</run_address>
         <size>0x10f</size>
         <input_file_ref idref="fl-25"/>
      </object_component>
      <object_component id="oc-df">
         <name>.debug_info</name>
         <load_address>0x28a2d</load_address>
         <run_address>0x28a2d</run_address>
         <size>0x406</size>
         <input_file_ref idref="fl-26"/>
      </object_component>
      <object_component id="oc-e7">
         <name>.debug_info</name>
         <load_address>0x28e33</load_address>
         <run_address>0x28e33</run_address>
         <size>0xf1</size>
         <input_file_ref idref="fl-27"/>
      </object_component>
      <object_component id="oc-ec">
         <name>.debug_info</name>
         <load_address>0x28f24</load_address>
         <run_address>0x28f24</run_address>
         <size>0xf1</size>
         <input_file_ref idref="fl-28"/>
      </object_component>
      <object_component id="oc-f1">
         <name>.debug_info</name>
         <load_address>0x29015</load_address>
         <run_address>0x29015</run_address>
         <size>0xfd</size>
         <input_file_ref idref="fl-29"/>
      </object_component>
      <object_component id="oc-f6">
         <name>.debug_info</name>
         <load_address>0x29112</load_address>
         <run_address>0x29112</run_address>
         <size>0x11e</size>
         <input_file_ref idref="fl-2a"/>
      </object_component>
      <object_component id="oc-fa">
         <name>.debug_info</name>
         <load_address>0x29230</load_address>
         <run_address>0x29230</run_address>
         <size>0x425</size>
         <input_file_ref idref="fl-2b"/>
      </object_component>
      <object_component id="oc-100">
         <name>.debug_info</name>
         <load_address>0x29655</load_address>
         <run_address>0x29655</run_address>
         <size>0xf1</size>
         <input_file_ref idref="fl-2c"/>
      </object_component>
      <object_component id="oc-104">
         <name>.debug_info</name>
         <load_address>0x29746</load_address>
         <run_address>0x29746</run_address>
         <size>0x430</size>
         <input_file_ref idref="fl-2d"/>
      </object_component>
      <object_component id="oc-109">
         <name>.debug_info</name>
         <load_address>0x29b76</load_address>
         <run_address>0x29b76</run_address>
         <size>0x3fd</size>
         <input_file_ref idref="fl-2e"/>
      </object_component>
      <object_component id="oc-165">
         <name>.debug_info</name>
         <load_address>0x29f73</load_address>
         <run_address>0x29f73</run_address>
         <size>0xa2</size>
      </object_component>
      <object_component id="oc-43">
         <name>.debug_frame</name>
         <load_address>0x0</load_address>
         <run_address>0x0</run_address>
         <size>0x1b2</size>
         <input_file_ref idref="fl-2"/>
      </object_component>
      <object_component id="oc-77">
         <name>.debug_frame</name>
         <load_address>0x1b2</load_address>
         <run_address>0x1b2</run_address>
         <size>0x77</size>
         <input_file_ref idref="fl-4"/>
      </object_component>
      <object_component id="oc-83">
         <name>.debug_frame</name>
         <load_address>0x229</load_address>
         <run_address>0x229</run_address>
         <size>0x92</size>
         <input_file_ref idref="fl-6"/>
      </object_component>
      <object_component id="oc-8e">
         <name>.debug_frame</name>
         <load_address>0x2bb</load_address>
         <run_address>0x2bb</run_address>
         <size>0x5b7</size>
         <input_file_ref idref="fl-8"/>
      </object_component>
      <object_component id="oc-98">
         <name>.debug_frame</name>
         <load_address>0x872</load_address>
         <run_address>0x872</run_address>
         <size>0x62</size>
         <input_file_ref idref="fl-a"/>
      </object_component>
      <object_component id="oc-9d">
         <name>.debug_frame</name>
         <load_address>0x8d4</load_address>
         <run_address>0x8d4</run_address>
         <size>0x62</size>
         <input_file_ref idref="fl-b"/>
      </object_component>
      <object_component id="oc-a2">
         <name>.debug_frame</name>
         <load_address>0x936</load_address>
         <run_address>0x936</run_address>
         <size>0x62</size>
         <input_file_ref idref="fl-c"/>
      </object_component>
      <object_component id="oc-a7">
         <name>.debug_frame</name>
         <load_address>0x998</load_address>
         <run_address>0x998</run_address>
         <size>0x62</size>
         <input_file_ref idref="fl-d"/>
      </object_component>
      <object_component id="oc-ac">
         <name>.debug_frame</name>
         <load_address>0x9fa</load_address>
         <run_address>0x9fa</run_address>
         <size>0x62</size>
         <input_file_ref idref="fl-e"/>
      </object_component>
      <object_component id="oc-b1">
         <name>.debug_frame</name>
         <load_address>0xa5c</load_address>
         <run_address>0xa5c</run_address>
         <size>0x62</size>
         <input_file_ref idref="fl-f"/>
      </object_component>
      <object_component id="oc-b6">
         <name>.debug_frame</name>
         <load_address>0xabe</load_address>
         <run_address>0xabe</run_address>
         <size>0x62</size>
         <input_file_ref idref="fl-10"/>
      </object_component>
      <object_component id="oc-bb">
         <name>.debug_frame</name>
         <load_address>0xb20</load_address>
         <run_address>0xb20</run_address>
         <size>0x8c</size>
         <input_file_ref idref="fl-11"/>
      </object_component>
      <object_component id="oc-c1">
         <name>.debug_frame</name>
         <load_address>0xbac</load_address>
         <run_address>0xbac</run_address>
         <size>0x7d</size>
         <input_file_ref idref="fl-12"/>
      </object_component>
      <object_component id="oc-c6">
         <name>.debug_frame</name>
         <load_address>0xc29</load_address>
         <run_address>0xc29</run_address>
         <size>0xb6</size>
         <input_file_ref idref="fl-13"/>
      </object_component>
      <object_component id="oc-cb">
         <name>.debug_frame</name>
         <load_address>0xcdf</load_address>
         <run_address>0xcdf</run_address>
         <size>0x62</size>
         <input_file_ref idref="fl-14"/>
      </object_component>
      <object_component id="oc-d0">
         <name>.debug_frame</name>
         <load_address>0xd41</load_address>
         <run_address>0xd41</run_address>
         <size>0xed</size>
         <input_file_ref idref="fl-15"/>
      </object_component>
      <object_component id="oc-e2">
         <name>.debug_frame</name>
         <load_address>0xe2e</load_address>
         <run_address>0xe2e</run_address>
         <size>0x95</size>
         <input_file_ref idref="fl-26"/>
      </object_component>
      <object_component id="oc-fb">
         <name>.debug_frame</name>
         <load_address>0xec3</load_address>
         <run_address>0xec3</run_address>
         <size>0x77</size>
         <input_file_ref idref="fl-2b"/>
      </object_component>
      <object_component id="oc-105">
         <name>.debug_frame</name>
         <load_address>0xf3a</load_address>
         <run_address>0xf3a</run_address>
         <size>0xa1</size>
         <input_file_ref idref="fl-2d"/>
      </object_component>
      <object_component id="oc-10a">
         <name>.debug_frame</name>
         <load_address>0xfdb</load_address>
         <run_address>0xfdb</run_address>
         <size>0x77</size>
         <input_file_ref idref="fl-2e"/>
      </object_component>
      <object_component id="oc-44">
         <name>.debug_line</name>
         <load_address>0x0</load_address>
         <run_address>0x0</run_address>
         <size>0x284</size>
         <input_file_ref idref="fl-2"/>
      </object_component>
      <object_component id="oc-78">
         <name>.debug_line</name>
         <load_address>0x284</load_address>
         <run_address>0x284</run_address>
         <size>0x67</size>
         <input_file_ref idref="fl-4"/>
      </object_component>
      <object_component id="oc-7e">
         <name>.debug_line</name>
         <load_address>0x2eb</load_address>
         <run_address>0x2eb</run_address>
         <size>0x7f</size>
         <input_file_ref idref="fl-5"/>
      </object_component>
      <object_component id="oc-84">
         <name>.debug_line</name>
         <load_address>0x36a</load_address>
         <run_address>0x36a</run_address>
         <size>0xa2</size>
         <input_file_ref idref="fl-6"/>
      </object_component>
      <object_component id="oc-89">
         <name>.debug_line</name>
         <load_address>0x40c</load_address>
         <run_address>0x40c</run_address>
         <size>0x65</size>
         <input_file_ref idref="fl-7"/>
      </object_component>
      <object_component id="oc-8f">
         <name>.debug_line</name>
         <load_address>0x471</load_address>
         <run_address>0x471</run_address>
         <size>0x621</size>
         <input_file_ref idref="fl-8"/>
      </object_component>
      <object_component id="oc-94">
         <name>.debug_line</name>
         <load_address>0xa92</load_address>
         <run_address>0xa92</run_address>
         <size>0x69</size>
         <input_file_ref idref="fl-9"/>
      </object_component>
      <object_component id="oc-99">
         <name>.debug_line</name>
         <load_address>0xafb</load_address>
         <run_address>0xafb</run_address>
         <size>0x51</size>
         <input_file_ref idref="fl-a"/>
      </object_component>
      <object_component id="oc-9e">
         <name>.debug_line</name>
         <load_address>0xb4c</load_address>
         <run_address>0xb4c</run_address>
         <size>0x51</size>
         <input_file_ref idref="fl-b"/>
      </object_component>
      <object_component id="oc-a3">
         <name>.debug_line</name>
         <load_address>0xb9d</load_address>
         <run_address>0xb9d</run_address>
         <size>0x51</size>
         <input_file_ref idref="fl-c"/>
      </object_component>
      <object_component id="oc-a8">
         <name>.debug_line</name>
         <load_address>0xbee</load_address>
         <run_address>0xbee</run_address>
         <size>0x51</size>
         <input_file_ref idref="fl-d"/>
      </object_component>
      <object_component id="oc-ad">
         <name>.debug_line</name>
         <load_address>0xc3f</load_address>
         <run_address>0xc3f</run_address>
         <size>0x51</size>
         <input_file_ref idref="fl-e"/>
      </object_component>
      <object_component id="oc-b2">
         <name>.debug_line</name>
         <load_address>0xc90</load_address>
         <run_address>0xc90</run_address>
         <size>0x50</size>
         <input_file_ref idref="fl-f"/>
      </object_component>
      <object_component id="oc-b7">
         <name>.debug_line</name>
         <load_address>0xce0</load_address>
         <run_address>0xce0</run_address>
         <size>0x54</size>
         <input_file_ref idref="fl-10"/>
      </object_component>
      <object_component id="oc-bc">
         <name>.debug_line</name>
         <load_address>0xd34</load_address>
         <run_address>0xd34</run_address>
         <size>0xa4</size>
         <input_file_ref idref="fl-11"/>
      </object_component>
      <object_component id="oc-c2">
         <name>.debug_line</name>
         <load_address>0xdd8</load_address>
         <run_address>0xdd8</run_address>
         <size>0x86</size>
         <input_file_ref idref="fl-12"/>
      </object_component>
      <object_component id="oc-c7">
         <name>.debug_line</name>
         <load_address>0xe5e</load_address>
         <run_address>0xe5e</run_address>
         <size>0xc3</size>
         <input_file_ref idref="fl-13"/>
      </object_component>
      <object_component id="oc-cc">
         <name>.debug_line</name>
         <load_address>0xf21</load_address>
         <run_address>0xf21</run_address>
         <size>0x50</size>
         <input_file_ref idref="fl-14"/>
      </object_component>
      <object_component id="oc-d1">
         <name>.debug_line</name>
         <load_address>0xf71</load_address>
         <run_address>0xf71</run_address>
         <size>0x15f</size>
         <input_file_ref idref="fl-15"/>
      </object_component>
      <object_component id="oc-d6">
         <name>.debug_line</name>
         <load_address>0x10d0</load_address>
         <run_address>0x10d0</run_address>
         <size>0x66</size>
         <input_file_ref idref="fl-16"/>
      </object_component>
      <object_component id="oc-dc">
         <name>.debug_line</name>
         <load_address>0x1136</load_address>
         <run_address>0x1136</run_address>
         <size>0x73</size>
         <input_file_ref idref="fl-25"/>
      </object_component>
      <object_component id="oc-e3">
         <name>.debug_line</name>
         <load_address>0x11a9</load_address>
         <run_address>0x11a9</run_address>
         <size>0x5d</size>
         <input_file_ref idref="fl-26"/>
      </object_component>
      <object_component id="oc-e8">
         <name>.debug_line</name>
         <load_address>0x1206</load_address>
         <run_address>0x1206</run_address>
         <size>0xab</size>
         <input_file_ref idref="fl-27"/>
      </object_component>
      <object_component id="oc-ed">
         <name>.debug_line</name>
         <load_address>0x12b1</load_address>
         <run_address>0x12b1</run_address>
         <size>0x8d</size>
         <input_file_ref idref="fl-28"/>
      </object_component>
      <object_component id="oc-f2">
         <name>.debug_line</name>
         <load_address>0x133e</load_address>
         <run_address>0x133e</run_address>
         <size>0x60</size>
         <input_file_ref idref="fl-29"/>
      </object_component>
      <object_component id="oc-f7">
         <name>.debug_line</name>
         <load_address>0x139e</load_address>
         <run_address>0x139e</run_address>
         <size>0x69</size>
         <input_file_ref idref="fl-2a"/>
      </object_component>
      <object_component id="oc-fc">
         <name>.debug_line</name>
         <load_address>0x1407</load_address>
         <run_address>0x1407</run_address>
         <size>0x9d</size>
         <input_file_ref idref="fl-2b"/>
      </object_component>
      <object_component id="oc-101">
         <name>.debug_line</name>
         <load_address>0x14a4</load_address>
         <run_address>0x14a4</run_address>
         <size>0x49</size>
         <input_file_ref idref="fl-2c"/>
      </object_component>
      <object_component id="oc-106">
         <name>.debug_line</name>
         <load_address>0x14ed</load_address>
         <run_address>0x14ed</run_address>
         <size>0x5e</size>
         <input_file_ref idref="fl-2d"/>
      </object_component>
      <object_component id="oc-10b">
         <name>.debug_line</name>
         <load_address>0x154b</load_address>
         <run_address>0x154b</run_address>
         <size>0x59</size>
         <input_file_ref idref="fl-2e"/>
      </object_component>
      <object_component id="oc-45">
         <name>.debug_abbrev</name>
         <load_address>0x0</load_address>
         <run_address>0x0</run_address>
         <size>0x215</size>
         <input_file_ref idref="fl-2"/>
      </object_component>
      <object_component id="oc-75">
         <name>.debug_abbrev</name>
         <load_address>0x215</load_address>
         <run_address>0x215</run_address>
         <size>0xb7</size>
         <input_file_ref idref="fl-3"/>
      </object_component>
      <object_component id="oc-79">
         <name>.debug_abbrev</name>
         <load_address>0x2cc</load_address>
         <run_address>0x2cc</run_address>
         <size>0xed</size>
         <input_file_ref idref="fl-4"/>
      </object_component>
      <object_component id="oc-7f">
         <name>.debug_abbrev</name>
         <load_address>0x3b9</load_address>
         <run_address>0x3b9</run_address>
         <size>0x21</size>
         <input_file_ref idref="fl-5"/>
      </object_component>
      <object_component id="oc-85">
         <name>.debug_abbrev</name>
         <load_address>0x3da</load_address>
         <run_address>0x3da</run_address>
         <size>0x10b</size>
         <input_file_ref idref="fl-6"/>
      </object_component>
      <object_component id="oc-8a">
         <name>.debug_abbrev</name>
         <load_address>0x4e5</load_address>
         <run_address>0x4e5</run_address>
         <size>0x2f</size>
         <input_file_ref idref="fl-7"/>
      </object_component>
      <object_component id="oc-90">
         <name>.debug_abbrev</name>
         <load_address>0x514</load_address>
         <run_address>0x514</run_address>
         <size>0xde</size>
         <input_file_ref idref="fl-8"/>
      </object_component>
      <object_component id="oc-95">
         <name>.debug_abbrev</name>
         <load_address>0x5f2</load_address>
         <run_address>0x5f2</run_address>
         <size>0x2f</size>
         <input_file_ref idref="fl-9"/>
      </object_component>
      <object_component id="oc-9a">
         <name>.debug_abbrev</name>
         <load_address>0x621</load_address>
         <run_address>0x621</run_address>
         <size>0x151</size>
         <input_file_ref idref="fl-a"/>
      </object_component>
      <object_component id="oc-9f">
         <name>.debug_abbrev</name>
         <load_address>0x772</load_address>
         <run_address>0x772</run_address>
         <size>0xea</size>
         <input_file_ref idref="fl-b"/>
      </object_component>
      <object_component id="oc-a4">
         <name>.debug_abbrev</name>
         <load_address>0x85c</load_address>
         <run_address>0x85c</run_address>
         <size>0x111</size>
         <input_file_ref idref="fl-c"/>
      </object_component>
      <object_component id="oc-a9">
         <name>.debug_abbrev</name>
         <load_address>0x96d</load_address>
         <run_address>0x96d</run_address>
         <size>0xea</size>
         <input_file_ref idref="fl-d"/>
      </object_component>
      <object_component id="oc-ae">
         <name>.debug_abbrev</name>
         <load_address>0xa57</load_address>
         <run_address>0xa57</run_address>
         <size>0xdc</size>
         <input_file_ref idref="fl-e"/>
      </object_component>
      <object_component id="oc-b3">
         <name>.debug_abbrev</name>
         <load_address>0xb33</load_address>
         <run_address>0xb33</run_address>
         <size>0xdc</size>
         <input_file_ref idref="fl-f"/>
      </object_component>
      <object_component id="oc-b8">
         <name>.debug_abbrev</name>
         <load_address>0xc0f</load_address>
         <run_address>0xc0f</run_address>
         <size>0x93</size>
         <input_file_ref idref="fl-10"/>
      </object_component>
      <object_component id="oc-bd">
         <name>.debug_abbrev</name>
         <load_address>0xca2</load_address>
         <run_address>0xca2</run_address>
         <size>0xc8</size>
         <input_file_ref idref="fl-11"/>
      </object_component>
      <object_component id="oc-c3">
         <name>.debug_abbrev</name>
         <load_address>0xd6a</load_address>
         <run_address>0xd6a</run_address>
         <size>0x116</size>
         <input_file_ref idref="fl-12"/>
      </object_component>
      <object_component id="oc-c8">
         <name>.debug_abbrev</name>
         <load_address>0xe80</load_address>
         <run_address>0xe80</run_address>
         <size>0xea</size>
         <input_file_ref idref="fl-13"/>
      </object_component>
      <object_component id="oc-cd">
         <name>.debug_abbrev</name>
         <load_address>0xf6a</load_address>
         <run_address>0xf6a</run_address>
         <size>0xea</size>
         <input_file_ref idref="fl-14"/>
      </object_component>
      <object_component id="oc-d2">
         <name>.debug_abbrev</name>
         <load_address>0x1054</load_address>
         <run_address>0x1054</run_address>
         <size>0x156</size>
         <input_file_ref idref="fl-15"/>
      </object_component>
      <object_component id="oc-d7">
         <name>.debug_abbrev</name>
         <load_address>0x11aa</load_address>
         <run_address>0x11aa</run_address>
         <size>0x2f</size>
         <input_file_ref idref="fl-16"/>
      </object_component>
      <object_component id="oc-dd">
         <name>.debug_abbrev</name>
         <load_address>0x11d9</load_address>
         <run_address>0x11d9</run_address>
         <size>0x46</size>
         <input_file_ref idref="fl-25"/>
      </object_component>
      <object_component id="oc-e4">
         <name>.debug_abbrev</name>
         <load_address>0x121f</load_address>
         <run_address>0x121f</run_address>
         <size>0x117</size>
         <input_file_ref idref="fl-26"/>
      </object_component>
      <object_component id="oc-e9">
         <name>.debug_abbrev</name>
         <load_address>0x1336</load_address>
         <run_address>0x1336</run_address>
         <size>0x38</size>
         <input_file_ref idref="fl-27"/>
      </object_component>
      <object_component id="oc-ee">
         <name>.debug_abbrev</name>
         <load_address>0x136e</load_address>
         <run_address>0x136e</run_address>
         <size>0x38</size>
         <input_file_ref idref="fl-28"/>
      </object_component>
      <object_component id="oc-f3">
         <name>.debug_abbrev</name>
         <load_address>0x13a6</load_address>
         <run_address>0x13a6</run_address>
         <size>0x38</size>
         <input_file_ref idref="fl-29"/>
      </object_component>
      <object_component id="oc-f8">
         <name>.debug_abbrev</name>
         <load_address>0x13de</load_address>
         <run_address>0x13de</run_address>
         <size>0x38</size>
         <input_file_ref idref="fl-2a"/>
      </object_component>
      <object_component id="oc-fd">
         <name>.debug_abbrev</name>
         <load_address>0x1416</load_address>
         <run_address>0x1416</run_address>
         <size>0x9d</size>
         <input_file_ref idref="fl-2b"/>
      </object_component>
      <object_component id="oc-102">
         <name>.debug_abbrev</name>
         <load_address>0x14b3</load_address>
         <run_address>0x14b3</run_address>
         <size>0x38</size>
         <input_file_ref idref="fl-2c"/>
      </object_component>
      <object_component id="oc-107">
         <name>.debug_abbrev</name>
         <load_address>0x14eb</load_address>
         <run_address>0x14eb</run_address>
         <size>0xb2</size>
         <input_file_ref idref="fl-2d"/>
      </object_component>
      <object_component id="oc-10c">
         <name>.debug_abbrev</name>
         <load_address>0x159d</load_address>
         <run_address>0x159d</run_address>
         <size>0xfe</size>
         <input_file_ref idref="fl-2e"/>
      </object_component>
      <object_component id="oc-166">
         <name>.debug_abbrev</name>
         <load_address>0x169b</load_address>
         <run_address>0x169b</run_address>
         <size>0xf</size>
      </object_component>
      <object_component id="oc-46">
         <name>.debug_aranges</name>
         <load_address>0x0</load_address>
         <run_address>0x0</run_address>
         <size>0x68</size>
         <input_file_ref idref="fl-2"/>
      </object_component>
      <object_component id="oc-7a">
         <name>.debug_aranges</name>
         <load_address>0x68</load_address>
         <run_address>0x68</run_address>
         <size>0x20</size>
         <input_file_ref idref="fl-4"/>
      </object_component>
      <object_component id="oc-80">
         <name>.debug_aranges</name>
         <load_address>0x88</load_address>
         <run_address>0x88</run_address>
         <size>0x28</size>
         <input_file_ref idref="fl-5"/>
      </object_component>
      <object_component id="oc-86">
         <name>.debug_aranges</name>
         <load_address>0xb0</load_address>
         <run_address>0xb0</run_address>
         <size>0x28</size>
         <input_file_ref idref="fl-6"/>
      </object_component>
      <object_component id="oc-8b">
         <name>.debug_aranges</name>
         <load_address>0xd8</load_address>
         <run_address>0xd8</run_address>
         <size>0x20</size>
         <input_file_ref idref="fl-7"/>
      </object_component>
      <object_component id="oc-91">
         <name>.debug_aranges</name>
         <load_address>0xf8</load_address>
         <run_address>0xf8</run_address>
         <size>0x220</size>
         <input_file_ref idref="fl-8"/>
      </object_component>
      <object_component id="oc-96">
         <name>.debug_aranges</name>
         <load_address>0x318</load_address>
         <run_address>0x318</run_address>
         <size>0x20</size>
         <input_file_ref idref="fl-9"/>
      </object_component>
      <object_component id="oc-9b">
         <name>.debug_aranges</name>
         <load_address>0x338</load_address>
         <run_address>0x338</run_address>
         <size>0x18</size>
         <input_file_ref idref="fl-a"/>
      </object_component>
      <object_component id="oc-a0">
         <name>.debug_aranges</name>
         <load_address>0x350</load_address>
         <run_address>0x350</run_address>
         <size>0x18</size>
         <input_file_ref idref="fl-b"/>
      </object_component>
      <object_component id="oc-a5">
         <name>.debug_aranges</name>
         <load_address>0x368</load_address>
         <run_address>0x368</run_address>
         <size>0x18</size>
         <input_file_ref idref="fl-c"/>
      </object_component>
      <object_component id="oc-aa">
         <name>.debug_aranges</name>
         <load_address>0x380</load_address>
         <run_address>0x380</run_address>
         <size>0x18</size>
         <input_file_ref idref="fl-d"/>
      </object_component>
      <object_component id="oc-af">
         <name>.debug_aranges</name>
         <load_address>0x398</load_address>
         <run_address>0x398</run_address>
         <size>0x18</size>
         <input_file_ref idref="fl-e"/>
      </object_component>
      <object_component id="oc-b4">
         <name>.debug_aranges</name>
         <load_address>0x3b0</load_address>
         <run_address>0x3b0</run_address>
         <size>0x18</size>
         <input_file_ref idref="fl-f"/>
      </object_component>
      <object_component id="oc-b9">
         <name>.debug_aranges</name>
         <load_address>0x3c8</load_address>
         <run_address>0x3c8</run_address>
         <size>0x18</size>
         <input_file_ref idref="fl-10"/>
      </object_component>
      <object_component id="oc-be">
         <name>.debug_aranges</name>
         <load_address>0x3e0</load_address>
         <run_address>0x3e0</run_address>
         <size>0x28</size>
         <input_file_ref idref="fl-11"/>
      </object_component>
      <object_component id="oc-c4">
         <name>.debug_aranges</name>
         <load_address>0x408</load_address>
         <run_address>0x408</run_address>
         <size>0x20</size>
         <input_file_ref idref="fl-12"/>
      </object_component>
      <object_component id="oc-c9">
         <name>.debug_aranges</name>
         <load_address>0x428</load_address>
         <run_address>0x428</run_address>
         <size>0x38</size>
         <input_file_ref idref="fl-13"/>
      </object_component>
      <object_component id="oc-ce">
         <name>.debug_aranges</name>
         <load_address>0x460</load_address>
         <run_address>0x460</run_address>
         <size>0x18</size>
         <input_file_ref idref="fl-14"/>
      </object_component>
      <object_component id="oc-d3">
         <name>.debug_aranges</name>
         <load_address>0x478</load_address>
         <run_address>0x478</run_address>
         <size>0x48</size>
         <input_file_ref idref="fl-15"/>
      </object_component>
      <object_component id="oc-d8">
         <name>.debug_aranges</name>
         <load_address>0x4c0</load_address>
         <run_address>0x4c0</run_address>
         <size>0x20</size>
         <input_file_ref idref="fl-16"/>
      </object_component>
      <object_component id="oc-de">
         <name>.debug_aranges</name>
         <load_address>0x4e0</load_address>
         <run_address>0x4e0</run_address>
         <size>0x20</size>
         <input_file_ref idref="fl-25"/>
      </object_component>
      <object_component id="oc-e5">
         <name>.debug_aranges</name>
         <load_address>0x500</load_address>
         <run_address>0x500</run_address>
         <size>0x28</size>
         <input_file_ref idref="fl-26"/>
      </object_component>
      <object_component id="oc-ea">
         <name>.debug_aranges</name>
         <load_address>0x528</load_address>
         <run_address>0x528</run_address>
         <size>0x20</size>
         <input_file_ref idref="fl-27"/>
      </object_component>
      <object_component id="oc-ef">
         <name>.debug_aranges</name>
         <load_address>0x548</load_address>
         <run_address>0x548</run_address>
         <size>0x20</size>
         <input_file_ref idref="fl-28"/>
      </object_component>
      <object_component id="oc-f4">
         <name>.debug_aranges</name>
         <load_address>0x568</load_address>
         <run_address>0x568</run_address>
         <size>0x20</size>
         <input_file_ref idref="fl-29"/>
      </object_component>
      <object_component id="oc-f9">
         <name>.debug_aranges</name>
         <load_address>0x588</load_address>
         <run_address>0x588</run_address>
         <size>0x28</size>
         <input_file_ref idref="fl-2a"/>
      </object_component>
      <object_component id="oc-fe">
         <name>.debug_aranges</name>
         <load_address>0x5b0</load_address>
         <run_address>0x5b0</run_address>
         <size>0x20</size>
         <input_file_ref idref="fl-2b"/>
      </object_component>
      <object_component id="oc-103">
         <name>.debug_aranges</name>
         <load_address>0x5d0</load_address>
         <run_address>0x5d0</run_address>
         <size>0x20</size>
         <input_file_ref idref="fl-2c"/>
      </object_component>
      <object_component id="oc-108">
         <name>.debug_aranges</name>
         <load_address>0x5f0</load_address>
         <run_address>0x5f0</run_address>
         <size>0x30</size>
         <input_file_ref idref="fl-2d"/>
      </object_component>
      <object_component id="oc-10d">
         <name>.debug_aranges</name>
         <load_address>0x620</load_address>
         <run_address>0x620</run_address>
         <size>0x20</size>
         <input_file_ref idref="fl-2e"/>
      </object_component>
   </object_component_list>
   <logical_group_list>
      <logical_group id="lg-2" display="no" color="cyan">
         <name>codestart</name>
         <load_address>0x0</load_address>
         <run_address>0x0</run_address>
         <size>0x2</size>
         <contents>
            <object_component_ref idref="oc-7c"/>
         </contents>
      </logical_group>
      <logical_group id="lg-3" display="no" color="cyan">
         <name>ramfuncs</name>
         <load_address>0x41</load_address>
         <run_address>0x41</run_address>
         <size>0x4</size>
         <contents>
            <object_component_ref idref="oc-d4"/>
         </contents>
      </logical_group>
      <logical_group id="lg-4" display="no" color="cyan">
         <name>.text</name>
         <load_address>0x3fa000</load_address>
         <run_address>0x3fa000</run_address>
         <size>0x753</size>
         <contents>
            <object_component_ref idref="oc-110"/>
            <object_component_ref idref="oc-8d"/>
            <object_component_ref idref="oc-113"/>
            <object_component_ref idref="oc-e6"/>
            <object_component_ref idref="oc-115"/>
            <object_component_ref idref="oc-41"/>
            <object_component_ref idref="oc-eb"/>
            <object_component_ref idref="oc-3d"/>
            <object_component_ref idref="oc-114"/>
            <object_component_ref idref="oc-f0"/>
            <object_component_ref idref="oc-116"/>
            <object_component_ref idref="oc-117"/>
            <object_component_ref idref="oc-f5"/>
            <object_component_ref idref="oc-10e"/>
            <object_component_ref idref="oc-10f"/>
            <object_component_ref idref="oc-ff"/>
            <object_component_ref idref="oc-118"/>
            <object_component_ref idref="oc-11c"/>
            <object_component_ref idref="oc-119"/>
            <object_component_ref idref="oc-7b"/>
            <object_component_ref idref="oc-92"/>
            <object_component_ref idref="oc-87"/>
         </contents>
      </logical_group>
      <logical_group id="lg-5" display="no" color="cyan">
         <name>.cinit</name>
         <load_address>0x2</load_address>
         <run_address>0x2</run_address>
         <size>0x3f</size>
         <contents>
            <object_component_ref idref="oc-3f"/>
            <object_component_ref idref="oc-e0"/>
            <object_component_ref idref="oc-112"/>
            <object_component_ref idref="oc-11d"/>
         </contents>
      </logical_group>
      <logical_group id="lg-6" display="no" color="cyan">
         <name>.pinit</name>
         <run_address>0x0</run_address>
         <size>0x0</size>
         <contents>
         </contents>
      </logical_group>
      <logical_group id="lg-7" display="no" color="cyan">
         <name>.switch</name>
         <run_address>0x0</run_address>
         <size>0x0</size>
         <contents>
         </contents>
      </logical_group>
      <logical_group id="lg-8" display="no" color="cyan">
         <name>.reset</name>
         <load_address>0x3fffc0</load_address>
         <run_address>0x3fffc0</run_address>
         <size>0x2</size>
         <contents>
            <object_component_ref idref="oc-da"/>
         </contents>
      </logical_group>
      <logical_group id="lg-9" display="no" color="cyan">
         <name>.stack</name>
         <run_address>0x480</run_address>
         <size>0x300</size>
         <contents>
            <object_component_ref idref="oc-d9"/>
            <object_component_ref idref="oc-164"/>
         </contents>
      </logical_group>
      <logical_group id="lg-a" display="no" color="cyan">
         <name>.ebss</name>
         <run_address>0x3fb000</run_address>
         <size>0x488</size>
         <contents>
            <object_component_ref idref="oc-40"/>
            <object_component_ref idref="oc-82"/>
            <object_component_ref idref="oc-e1"/>
            <object_component_ref idref="oc-11e"/>
            <object_component_ref idref="oc-111"/>
         </contents>
      </logical_group>
      <logical_group id="lg-b" display="no" color="cyan">
         <name>.econst</name>
         <load_address>0x3fb488</load_address>
         <run_address>0x3fb488</run_address>
         <size>0x11a</size>
         <contents>
            <object_component_ref idref="oc-c0"/>
            <object_component_ref idref="oc-11a"/>
            <object_component_ref idref="oc-11b"/>
            <object_component_ref idref="oc-42"/>
         </contents>
      </logical_group>
      <logical_group id="lg-c" display="no" color="cyan">
         <name>.esysmem</name>
         <run_address>0x0</run_address>
         <size>0x0</size>
         <contents>
         </contents>
      </logical_group>
      <logical_group id="lg-d" display="no" color="cyan">
         <name>IQmath</name>
         <run_address>0x0</run_address>
         <size>0x0</size>
         <contents>
         </contents>
      </logical_group>
      <logical_group id="lg-e" display="no" color="cyan">
         <name>IQmathTables</name>
         <run_address>0x0</run_address>
         <size>0x0</size>
         <contents>
         </contents>
      </logical_group>
      <logical_group id="lg-f" display="no" color="cyan">
         <name>PieVectTableFile</name>
         <run_address>0xd00</run_address>
         <size>0x100</size>
         <contents>
            <object_component_ref idref="oc-72"/>
         </contents>
      </logical_group>
      <logical_group id="lg-10" display="no" color="cyan">
         <name>DevEmuRegsFile</name>
         <run_address>0x880</run_address>
         <size>0xd0</size>
         <contents>
            <object_component_ref idref="oc-71"/>
         </contents>
      </logical_group>
      <logical_group id="lg-11" display="no" color="cyan">
         <name>FlashRegsFile</name>
         <run_address>0xa80</run_address>
         <size>0x8</size>
         <contents>
            <object_component_ref idref="oc-4a"/>
         </contents>
      </logical_group>
      <logical_group id="lg-12" display="no" color="cyan">
         <name>CsmRegsFile</name>
         <run_address>0xae0</run_address>
         <size>0x10</size>
         <contents>
            <object_component_ref idref="oc-53"/>
         </contents>
      </logical_group>
      <logical_group id="lg-13" display="no" color="cyan">
         <name>AdcMirrorFile</name>
         <run_address>0xb00</run_address>
         <size>0x10</size>
         <contents>
            <object_component_ref idref="oc-54"/>
         </contents>
      </logical_group>
      <logical_group id="lg-14" display="no" color="cyan">
         <name>CpuTimer0RegsFile</name>
         <run_address>0xc00</run_address>
         <size>0x8</size>
         <contents>
            <object_component_ref idref="oc-4b"/>
         </contents>
      </logical_group>
      <logical_group id="lg-15" display="no" color="cyan">
         <name>CpuTimer1RegsFile</name>
         <run_address>0xc08</run_address>
         <size>0x8</size>
         <contents>
            <object_component_ref idref="oc-49"/>
         </contents>
      </logical_group>
      <logical_group id="lg-16" display="no" color="cyan">
         <name>CpuTimer2RegsFile</name>
         <run_address>0xc10</run_address>
         <size>0x8</size>
         <contents>
            <object_component_ref idref="oc-48"/>
         </contents>
      </logical_group>
      <logical_group id="lg-17" display="no" color="cyan">
         <name>PieCtrlRegsFile</name>
         <run_address>0xce0</run_address>
         <size>0x1a</size>
         <contents>
            <object_component_ref idref="oc-57"/>
         </contents>
      </logical_group>
      <logical_group id="lg-18" display="no" color="cyan">
         <name>ECanaRegsFile</name>
         <run_address>0x6000</run_address>
         <size>0x34</size>
         <contents>
            <object_component_ref idref="oc-66"/>
         </contents>
      </logical_group>
      <logical_group id="lg-19" display="no" color="cyan">
         <name>ECanaLAMRegsFile</name>
         <run_address>0x6040</run_address>
         <size>0x40</size>
         <contents>
            <object_component_ref idref="oc-6a"/>
         </contents>
      </logical_group>
      <logical_group id="lg-1a" display="no" color="cyan">
         <name>ECanaMboxesFile</name>
         <run_address>0x6100</run_address>
         <size>0x100</size>
         <contents>
            <object_component_ref idref="oc-74"/>
         </contents>
      </logical_group>
      <logical_group id="lg-1b" display="no" color="cyan">
         <name>ECanaMOTSRegsFile</name>
         <run_address>0x6080</run_address>
         <size>0x40</size>
         <contents>
            <object_component_ref idref="oc-6b"/>
         </contents>
      </logical_group>
      <logical_group id="lg-1c" display="no" color="cyan">
         <name>ECanaMOTORegsFile</name>
         <run_address>0x60c0</run_address>
         <size>0x40</size>
         <contents>
            <object_component_ref idref="oc-69"/>
         </contents>
      </logical_group>
      <logical_group id="lg-1d" display="no" color="cyan">
         <name>ECanbRegsFile</name>
         <run_address>0x6200</run_address>
         <size>0x34</size>
         <contents>
            <object_component_ref idref="oc-67"/>
         </contents>
      </logical_group>
      <logical_group id="lg-1e" display="no" color="cyan">
         <name>ECanbLAMRegsFile</name>
         <run_address>0x6240</run_address>
         <size>0x40</size>
         <contents>
            <object_component_ref idref="oc-68"/>
         </contents>
      </logical_group>
      <logical_group id="lg-1f" display="no" color="cyan">
         <name>ECanbMboxesFile</name>
         <run_address>0x6300</run_address>
         <size>0x100</size>
         <contents>
            <object_component_ref idref="oc-73"/>
         </contents>
      </logical_group>
      <logical_group id="lg-20" display="no" color="cyan">
         <name>ECanbMOTSRegsFile</name>
         <run_address>0x6280</run_address>
         <size>0x40</size>
         <contents>
            <object_component_ref idref="oc-6f"/>
         </contents>
      </logical_group>
      <logical_group id="lg-21" display="no" color="cyan">
         <name>ECanbMOTORegsFile</name>
         <run_address>0x62c0</run_address>
         <size>0x40</size>
         <contents>
            <object_component_ref idref="oc-6d"/>
         </contents>
      </logical_group>
      <logical_group id="lg-22" display="no" color="cyan">
         <name>EPwm1RegsFile</name>
         <run_address>0x6800</run_address>
         <size>0x22</size>
         <contents>
            <object_component_ref idref="oc-60"/>
         </contents>
      </logical_group>
      <logical_group id="lg-23" display="no" color="cyan">
         <name>EPwm2RegsFile</name>
         <run_address>0x6840</run_address>
         <size>0x22</size>
         <contents>
            <object_component_ref idref="oc-61"/>
         </contents>
      </logical_group>
      <logical_group id="lg-24" display="no" color="cyan">
         <name>EPwm3RegsFile</name>
         <run_address>0x6880</run_address>
         <size>0x22</size>
         <contents>
            <object_component_ref idref="oc-62"/>
         </contents>
      </logical_group>
      <logical_group id="lg-25" display="no" color="cyan">
         <name>EPwm4RegsFile</name>
         <run_address>0x68c0</run_address>
         <size>0x22</size>
         <contents>
            <object_component_ref idref="oc-64"/>
         </contents>
      </logical_group>
      <logical_group id="lg-26" display="no" color="cyan">
         <name>EPwm5RegsFile</name>
         <run_address>0x6900</run_address>
         <size>0x22</size>
         <contents>
            <object_component_ref idref="oc-63"/>
         </contents>
      </logical_group>
      <logical_group id="lg-27" display="no" color="cyan">
         <name>EPwm6RegsFile</name>
         <run_address>0x6940</run_address>
         <size>0x22</size>
         <contents>
            <object_component_ref idref="oc-65"/>
         </contents>
      </logical_group>
      <logical_group id="lg-28" display="no" color="cyan">
         <name>ECap1RegsFile</name>
         <run_address>0x6a00</run_address>
         <size>0x20</size>
         <contents>
            <object_component_ref idref="oc-5c"/>
         </contents>
      </logical_group>
      <logical_group id="lg-29" display="no" color="cyan">
         <name>ECap2RegsFile</name>
         <run_address>0x6a20</run_address>
         <size>0x20</size>
         <contents>
            <object_component_ref idref="oc-5a"/>
         </contents>
      </logical_group>
      <logical_group id="lg-2a" display="no" color="cyan">
         <name>ECap3RegsFile</name>
         <run_address>0x6a40</run_address>
         <size>0x20</size>
         <contents>
            <object_component_ref idref="oc-5b"/>
         </contents>
      </logical_group>
      <logical_group id="lg-2b" display="no" color="cyan">
         <name>ECap4RegsFile</name>
         <run_address>0x6a60</run_address>
         <size>0x20</size>
         <contents>
            <object_component_ref idref="oc-59"/>
         </contents>
      </logical_group>
      <logical_group id="lg-2c" display="no" color="cyan">
         <name>EQep1RegsFile</name>
         <run_address>0x6b00</run_address>
         <size>0x40</size>
         <contents>
            <object_component_ref idref="oc-6e"/>
         </contents>
      </logical_group>
      <logical_group id="lg-2d" display="no" color="cyan">
         <name>EQep2RegsFile</name>
         <run_address>0x6b40</run_address>
         <size>0x40</size>
         <contents>
            <object_component_ref idref="oc-70"/>
         </contents>
      </logical_group>
      <logical_group id="lg-2e" display="no" color="cyan">
         <name>GpioCtrlRegsFile</name>
         <run_address>0x6f80</run_address>
         <size>0x40</size>
         <contents>
            <object_component_ref idref="oc-6c"/>
         </contents>
      </logical_group>
      <logical_group id="lg-2f" display="no" color="cyan">
         <name>GpioDataRegsFile</name>
         <run_address>0x6fc0</run_address>
         <size>0x20</size>
         <contents>
            <object_component_ref idref="oc-5d"/>
         </contents>
      </logical_group>
      <logical_group id="lg-30" display="no" color="cyan">
         <name>GpioIntRegsFile</name>
         <run_address>0x6fe0</run_address>
         <size>0xa</size>
         <contents>
            <object_component_ref idref="oc-4d"/>
         </contents>
      </logical_group>
      <logical_group id="lg-31" display="no" color="cyan">
         <name>SysCtrlRegsFile</name>
         <run_address>0x7010</run_address>
         <size>0x20</size>
         <contents>
            <object_component_ref idref="oc-5e"/>
         </contents>
      </logical_group>
      <logical_group id="lg-32" display="no" color="cyan">
         <name>SpiaRegsFile</name>
[...]
         <object_component_ref idref="oc-54"/>
      </symbol>
      <symbol id="sm-162">
         <name>_ECanbMboxes</name>
         <value>0x6300</value>
         <object_component_ref idref="oc-73"/>
      </symbol>
      <symbol id="sm-163">
         <name>_ECap1Regs</name>
         <value>0x6a00</value>
         <object_component_ref idref="oc-5c"/>
      </symbol>
      <symbol id="sm-164">
         <name>_EQep1Regs</name>
         <value>0x6b00</value>
         <object_component_ref idref="oc-6e"/>
      </symbol>
      <symbol id="sm-165">
         <name>_EPwm1Regs</name>
         <value>0x6800</value>
         <object_component_ref idref="oc-60"/>
      </symbol>
      <symbol id="sm-166">
         <name>_ECanbRegs</name>
         <value>0x6200</value>
         <object_component_ref idref="oc-67"/>
      </symbol>
      <symbol id="sm-167">
         <name>_ScibRegs</name>
         <value>0x7750</value>
         <object_component_ref idref="oc-50"/>
      </symbol>
      <symbol id="sm-168">
         <name>_ECap2Regs</name>
         <value>0x6a20</value>
         <object_component_ref idref="oc-5a"/>
      </symbol>
      <symbol id="sm-169">
         <name>_GpioIntRegs</name>
         <value>0x6fe0</value>
         <object_component_ref idref="oc-4d"/>
      </symbol>
      <symbol id="sm-16a">
         <name>_EQep2Regs</name>
         <value>0x6b40</value>
         <object_component_ref idref="oc-70"/>
      </symbol>
      <symbol id="sm-16b">
         <name>_EPwm2Regs</name>
         <value>0x6840</value>
         <object_component_ref idref="oc-61"/>
      </symbol>
      <symbol id="sm-16c">
         <name>_ECanaMboxes</name>
         <value>0x6100</value>
         <object_component_ref idref="oc-74"/>
      </symbol>
      <symbol id="sm-16d">
         <name>_ECap3Regs</name>
         <value>0x6a40</value>
         <object_component_ref idref="oc-5b"/>
      </symbol>
      <symbol id="sm-16e">
         <name>_ECanaMOTORegs</name>
         <value>0x60c0</value>
         <object_component_ref idref="oc-69"/>
      </symbol>
      <symbol id="sm-16f">
         <name>_EPwm3Regs</name>
         <value>0x6880</value>
         <object_component_ref idref="oc-62"/>
      </symbol>
      <symbol id="sm-170">
         <name>_ECanbLAMRegs</name>
         <value>0x6240</value>
         <object_component_ref idref="oc-68"/>
      </symbol>
      <symbol id="sm-171">
         <name>_I2caRegs</name>
         <value>0x7900</value>
         <object_component_ref idref="oc-5f"/>
      </symbol>
      <symbol id="sm-17e">
         <name>_InitAdc</name>
         <value>0x3fa725</value>
         <object_component_ref idref="oc-118"/>
      </symbol>
      <symbol id="sm-18e">
         <name>code_start</name>
         <value>0x0</value>
         <object_component_ref idref="oc-7c"/>
      </symbol>
      <symbol id="sm-19d">
         <name>_CpuTimer2</name>
         <value>0x3fb470</value>
         <object_component_ref idref="oc-82"/>
      </symbol>
      <symbol id="sm-19e">
         <name>_CpuTimer0</name>
         <value>0x3fb478</value>
         <object_component_ref idref="oc-82"/>
      </symbol>
      <symbol id="sm-19f">
         <name>_CpuTimer1</name>
         <value>0x3fb468</value>
         <object_component_ref idref="oc-82"/>
      </symbol>
      <symbol id="sm-1a0">
         <name>_InitCpuTimers</name>
         <value>0x3fa4b1</value>
         <object_component_ref idref="oc-115"/>
      </symbol>
      <symbol id="sm-1a1">
         <name>_ConfigCpuTimer</name>
         <value>0x3fa4ea</value>
         <object_component_ref idref="oc-115"/>
      </symbol>
      <symbol id="sm-1ad">
         <name>_SetDBGIER</name>
         <value>0x3fa750</value>
         <object_component_ref idref="oc-87"/>
      </symbol>
      <symbol id="sm-1fa">
         <name>_ILLEGAL_ISR</name>
         <value>0x3fa20c</value>
         <object_component_ref idref="oc-8d"/>
      </symbol>
      <symbol id="sm-1fb">
         <name>_EPWM6_INT_ISR</name>
         <value>0x3fa2a7</value>
         <object_component_ref idref="oc-8d"/>
      </symbol>
      <symbol id="sm-1fc">
         <name>_DATALOG_ISR</name>
         <value>0x3fa1f8</value>
         <object_component_ref idref="oc-8d"/>
      </symbol>
      <symbol id="sm-1fd">
         <name>_SPITXINTA_ISR</name>
         <value>0x3fa2cf</value>
         <object_component_ref idref="oc-8d"/>
      </symbol>
      <symbol id="sm-1fe">
         <name>_SPIRXINTA_ISR</name>
         <value>0x3fa2ca</value>
         <object_component_ref idref="oc-8d"/>
      </symbol>
      <symbol id="sm-1ff">
         <name>_SEQ1INT_ISR</name>
         <value>0x3fa24d</value>
         <object_component_ref idref="oc-8d"/>
      </symbol>
      <symbol id="sm-200">
         <name>_ECAP3_INT_ISR</name>
         <value>0x3fa2b6</value>
         <object_component_ref idref="oc-8d"/>
      </symbol>
      <symbol id="sm-201">
         <name>_INT13_ISR</name>
         <value>0x3fa1ee</value>
         <object_component_ref idref="oc-8d"/>
      </symbol>
      <symbol id="sm-202">
         <name>_EPWM4_INT_ISR</name>
         <value>0x3fa29d</value>
         <object_component_ref idref="oc-8d"/>
      </symbol>
      <symbol id="sm-203">
         <name>_USER5_ISR</name>
         <value>0x3fa225</value>
         <object_component_ref idref="oc-8d"/>
      </symbol>
      <symbol id="sm-204">
         <name>_EMPTY_ISR</name>
         <value>0x3fa324</value>
         <object_component_ref idref="oc-8d"/>
      </symbol>
      <symbol id="sm-205">
         <name>_EPWM5_TZINT_ISR</name>
         <value>0x3fa284</value>
         <object_component_ref idref="oc-8d"/>
      </symbol>
      <symbol id="sm-206">
         <name>_EPWM4_TZINT_ISR</name>
         <value>0x3fa27f</value>
         <object_component_ref idref="oc-8d"/>
      </symbol>
      <symbol id="sm-207">
         <name>_ECAN0INTA_ISR</name>
         <value>0x3fa310</value>
         <object_component_ref idref="oc-8d"/>
      </symbol>
      <symbol id="sm-208">
         <name>_EPWM6_TZINT_ISR</name>
         <value>0x3fa289</value>
         <object_component_ref idref="oc-8d"/>
      </symbol>
      <symbol id="sm-209">
         <name>_EMUINT_ISR</name>
         <value>0x3fa202</value>
         <object_component_ref idref="oc-8d"/>
      </symbol>
      <symbol id="sm-20a">
         <name>_ECAP1_INT_ISR</name>
         <value>0x3fa2ac</value>
         <object_component_ref idref="oc-8d"/>
      </symbol>
      <symbol id="sm-20b">
         <name>_EPWM1_TZINT_ISR</name>
         <value>0x3fa270</value>
         <object_component_ref idref="oc-8d"/>
      </symbol>
      <symbol id="sm-20c">
         <name>_EQEP2_INT_ISR</name>
         <value>0x3fa2c5</value>
         <object_component_ref idref="oc-8d"/>
      </symbol>
      <symbol id="sm-20d">
         <name>_USER11_ISR</name>
         <value>0x3fa243</value>
         <object_component_ref idref="oc-8d"/>
      </symbol>
      <symbol id="sm-20e">
         <name>_EPWM3_TZINT_ISR</name>
         <value>0x3fa27a</value>
         <object_component_ref idref="oc-8d"/>
      </symbol>
      <symbol id="sm-20f">
         <name>_USER4_ISR</name>
         <value>0x3fa220</value>
         <object_component_ref idref="oc-8d"/>
      </symbol>
      <symbol id="sm-210">
         <name>_EPWM2_TZINT_ISR</name>
         <value>0x3fa275</value>
         <object_component_ref idref="oc-8d"/>
      </symbol>
      <symbol id="sm-211">
         <name>_EPWM2_INT_ISR</name>
         <value>0x3fa293</value>
         <object_component_ref idref="oc-8d"/>
      </symbol>
      <symbol id="sm-212">
         <name>_ECAN0INTB_ISR</name>
         <value>0x3fa31a</value>
         <object_component_ref idref="oc-8d"/>
      </symbol>
      <symbol id="sm-213">
         <name>_TINT0_ISR</name>
         <value>0x3fa266</value>
         <object_component_ref idref="oc-8d"/>
      </symbol>
      <symbol id="sm-214">
         <name>_WAKEINT_ISR</name>
         <value>0x3fa26b</value>
         <object_component_ref idref="oc-8d"/>
      </symbol>
      <symbol id="sm-215">
         <name>_USER10_ISR</name>
         <value>0x3fa23e</value>
         <object_component_ref idref="oc-8d"/>
      </symbol>
      <symbol id="sm-216">
         <name>_SPITXINTD_ISR</name>
         <value>0x3fa2ed</value>
         <object_component_ref idref="oc-8d"/>
      </symbol>
      <symbol id="sm-217">
         <name>_SPIRXINTD_ISR</name>
         <value>0x3fa2e8</value>
         <object_component_ref idref="oc-8d"/>
      </symbol>
      <symbol id="sm-218">
         <name>_USER7_ISR</name>
         <value>0x3fa22f</value>
         <object_component_ref idref="oc-8d"/>
      </symbol>
      <symbol id="sm-219">
         <name>_XINT1_ISR</name>
         <value>0x3fa257</value>
         <object_component_ref idref="oc-8d"/>
      </symbol>
      <symbol id="sm-21a">
         <name>_INT14_ISR</name>
         <value>0x3fa1f3</value>
         <object_component_ref idref="oc-8d"/>
      </symbol>
      <symbol id="sm-21b">
         <name>_USER6_ISR</name>
         <value>0x3fa22a</value>
         <object_component_ref idref="oc-8d"/>
      </symbol>
      <symbol id="sm-21c">
         <name>_ECAP4_INT_ISR</name>
         <value>0x3fa2bb</value>
         <object_component_ref idref="oc-8d"/>
      </symbol>
      <symbol id="sm-21d">
         <name>_USER12_ISR</name>
         <value>0x3fa248</value>
         <object_component_ref idref="oc-8d"/>
      </symbol>
      <symbol id="sm-21e">
         <name>_ADCINT_ISR</name>
         <value>0x3fa261</value>
         <object_component_ref idref="oc-8d"/>
      </symbol>
      <symbol id="sm-21f">
         <name>_USER1_ISR</name>
         <value>0x3fa211</value>
         <object_component_ref idref="oc-8d"/>
      </symbol>
      <symbol id="sm-220">
         <name>_EPWM5_INT_ISR</name>
         <value>0x3fa2a2</value>
         <object_component_ref idref="oc-8d"/>
      </symbol>
      <symbol id="sm-221">
         <name>_NMI_ISR</name>
         <value>0x3fa207</value>
         <object_component_ref idref="oc-8d"/>
      </symbol>
      <symbol id="sm-222">
         <name>_SCITXINTB_ISR</name>
         <value>0x3fa30b</value>
         <object_component_ref idref="oc-8d"/>
      </symbol>
      <symbol id="sm-223">
         <name>_SCIRXINTB_ISR</name>
         <value>0x3fa306</value>
         <object_component_ref idref="oc-8d"/>
      </symbol>
      <symbol id="sm-224">
         <name>_ECAN1INTA_ISR</name>
         <value>0x3fa315</value>
         <object_component_ref idref="oc-8d"/>
      </symbol>
      <symbol id="sm-225">
         <name>_ECAP2_INT_ISR</name>
         <value>0x3fa2b1</value>
         <object_component_ref idref="oc-8d"/>
      </symbol>
      <symbol id="sm-226">
         <name>_PIE_RESERVED</name>
         <value>0x3fa329</value>
         <object_component_ref idref="oc-8d"/>
      </symbol>
      <symbol id="sm-227">
         <name>_I2CINT1A_ISR</name>
         <value>0x3fa2f2</value>
         <object_component_ref idref="oc-8d"/>
      </symbol>
      <symbol id="sm-228">
         <name>_XINT2_ISR</name>
         <value>0x3fa25c</value>
         <object_component_ref idref="oc-8d"/>
      </symbol>
      <symbol id="sm-229">
         <name>_I2CINT2A_ISR</name>
         <value>0x3fa2f7</value>
         <object_component_ref idref="oc-8d"/>
      </symbol>
      <symbol id="sm-22a">
         <name>_RTOSINT_ISR</name>
         <value>0x3fa1fd</value>
         <object_component_ref idref="oc-8d"/>
      </symbol>
      <symbol id="sm-22b">
         <name>_EPWM3_INT_ISR</name>
         <value>0x3fa298</value>
         <object_component_ref idref="oc-8d"/>
      </symbol>
      <symbol id="sm-22c">
         <name>_ECAN1INTB_ISR</name>
         <value>0x3fa31f</value>
         <object_component_ref idref="oc-8d"/>
      </symbol>
      <symbol id="sm-22d">
         <name>_SPITXINTB_ISR</name>
         <value>0x3fa2d9</value>
         <object_component_ref idref="oc-8d"/>
      </symbol>
      <symbol id="sm-22e">
         <name>_SPIRXINTB_ISR</name>
         <value>0x3fa2d4</value>
         <object_component_ref idref="oc-8d"/>
      </symbol>
      <symbol id="sm-22f">
         <name>_USER9_ISR</name>
         <value>0x3fa239</value>
         <object_component_ref idref="oc-8d"/>
      </symbol>
      <symbol id="sm-230">
         <name>_USER3_ISR</name>
         <value>0x3fa21b</value>
         <object_component_ref idref="oc-8d"/>
      </symbol>
      <symbol id="sm-231">
         <name>_EQEP1_INT_ISR</name>
         <value>0x3fa2c0</value>
         <object_component_ref idref="oc-8d"/>
      </symbol>
      <symbol id="sm-232">
         <name>_SPITXINTC_ISR</name>
         <value>0x3fa2e3</value>
         <object_component_ref idref="oc-8d"/>
      </symbol>
      <symbol id="sm-233">
         <name>_SPIRXINTC_ISR</name>
         <value>0x3fa2de</value>
         <object_component_ref idref="oc-8d"/>
      </symbol>
      <symbol id="sm-234">
         <name>_USER8_ISR</name>
         <value>0x3fa234</value>
         <object_component_ref idref="oc-8d"/>
      </symbol>
      <symbol id="sm-235">
         <name>_EPWM1_INT_ISR</name>
         <value>0x3fa28e</value>
         <object_component_ref idref="oc-8d"/>
      </symbol>
      <symbol id="sm-236">
         <name>_SEQ2INT_ISR</name>
         <value>0x3fa252</value>
         <object_component_ref idref="oc-8d"/>
      </symbol>
      <symbol id="sm-237">
         <name>_USER2_ISR</name>
         <value>0x3fa216</value>
         <object_component_ref idref="oc-8d"/>
      </symbol>
      <symbol id="sm-238">
         <name>_SCITXINTA_ISR</name>
         <value>0x3fa301</value>
         <object_component_ref idref="oc-8d"/>
      </symbol>
      <symbol id="sm-239">
         <name>_SCIRXINTA_ISR</name>
         <value>0x3fa2fc</value>
         <object_component_ref idref="oc-8d"/>
      </symbol>
      <symbol id="sm-23a">
         <name>_rsvd_ISR</name>
         <value>0x3fa32e</value>
         <object_component_ref idref="oc-8d"/>
      </symbol>
      <symbol id="sm-246">
         <name>_DSP28x_DisableInt</name>
         <value>0x3fa749</value>
         <object_component_ref idref="oc-92"/>
      </symbol>
      <symbol id="sm-247">
         <name>_DSP28x_RestoreInt</name>
         <value>0x3fa74d</value>
         <object_component_ref idref="oc-92"/>
      </symbol>
      <symbol id="sm-29a">
         <name>_InitPieCtrl</name>
         <value>0x3fa677</value>
         <object_component_ref idref="oc-116"/>
      </symbol>
      <symbol id="sm-29b">
         <name>_EnableInterrupts</name>
         <value>0x3fa696</value>
         <object_component_ref idref="oc-116"/>
      </symbol>
      <symbol id="sm-2ac">
         <name>_PieVectTableInit</name>
         <value>0x3fb488</value>
         <object_component_ref idref="oc-c0"/>
      </symbol>
      <symbol id="sm-2ad">
         <name>_InitPieVectTable</name>
         <value>0x3fa69f</value>
         <object_component_ref idref="oc-117"/>
      </symbol>
      <symbol id="sm-2ba">
         <name>_InitScibGpio</name>
         <value>0x3fa63a</value>
         <object_component_ref idref="oc-114"/>
      </symbol>
      <symbol id="sm-2bb">
         <name>_InitSciaGpio</name>
         <value>0x3fa624</value>
         <object_component_ref idref="oc-114"/>
      </symbol>
      <symbol id="sm-2bc">
         <name>_InitSciGpio</name>
         <value>0x3fa61f</value>
         <object_component_ref idref="oc-114"/>
      </symbol>
      <symbol id="sm-2bd">
         <name>_InitSci</name>
         <value>0x3fa61e</value>
         <object_component_ref idref="oc-114"/>
      </symbol>
      <symbol id="sm-2e1">
         <name>_InitPll</name>
         <value>0x3fa34e</value>
         <object_component_ref idref="oc-113"/>
      </symbol>
      <symbol id="sm-2e2">
         <name>_DisableDog</name>
         <value>0x3fa346</value>
         <object_component_ref idref="oc-113"/>
      </symbol>
      <symbol id="sm-2e3">
         <name>_InitPeripheralClocks</name>
         <value>0x3fa383</value>
         <object_component_ref idref="oc-113"/>
      </symbol>
      <symbol id="sm-2e4">
         <name>_CsmUnlock</name>
         <value>0x3fa3fd</value>
         <object_component_ref idref="oc-113"/>
      </symbol>
      <symbol id="sm-2e5">
         <name>_ServiceDog</name>
         <value>0x3fa33c</value>
         <object_component_ref idref="oc-113"/>
      </symbol>
      <symbol id="sm-2e6">
         <name>_InitSysCtrl</name>
         <value>0x3fa333</value>
         <object_component_ref idref="oc-113"/>
      </symbol>
      <symbol id="sm-2f2">
         <name>_DSP28x_usDelay</name>
         <value>0x41</value>
         <object_component_ref idref="oc-d4"/>
      </symbol>
      <symbol id="sm-30d">
         <name>_c_int00</name>
         <value>0x3fa5da</value>
         <object_component_ref idref="oc-3d"/>
      </symbol>
      <symbol id="sm-30e">
         <name>__stack</name>
         <value>0x480</value>
         <object_component_ref idref="oc-d9"/>
      </symbol>
      <symbol id="sm-322">
         <name>C$$EXIT</name>
         <value>0x3fa6fc</value>
         <object_component_ref idref="oc-10f"/>
      </symbol>
      <symbol id="sm-323">
         <name>_exit</name>
         <value>0x3fa6fe</value>
         <object_component_ref idref="oc-10f"/>
      </symbol>
      <symbol id="sm-324">
         <name>___TI_cleanup_ptr</name>
         <value>0x3fb480</value>
         <object_component_ref idref="oc-e1"/>
      </symbol>
      <symbol id="sm-325">
         <name>_abort</name>
         <value>0x3fa6fc</value>
         <object_component_ref idref="oc-10f"/>
      </symbol>
      <symbol id="sm-326">
         <name>___TI_dtors_ptr</name>
         <value>0x3fb482</value>
         <object_component_ref idref="oc-e1"/>
      </symbol>
      <symbol id="sm-337">
         <name>FS$$DIV</name>
         <value>0x3fa42e</value>
         <object_component_ref idref="oc-e6"/>
      </symbol>
      <symbol id="sm-348">
         <name>FS$$MPY</name>
         <value>0x3fa580</value>
         <object_component_ref idref="oc-eb"/>
      </symbol>
      <symbol id="sm-35b">
         <name>FS$$TOL</name>
         <value>0x3fa64e</value>
         <object_component_ref idref="oc-f0"/>
      </symbol>
      <symbol id="sm-369">
         <name>I$$MOD</name>
         <value>0x3fa6d2</value>
         <object_component_ref idref="oc-f5"/>
      </symbol>
      <symbol id="sm-36a">
         <name>I$$DIV</name>
         <value>0x3fa6c1</value>
         <object_component_ref idref="oc-f5"/>
      </symbol>
      <symbol id="sm-37a">
         <name>_strcat</name>
         <value>0x3fa738</value>
         <object_component_ref idref="oc-119"/>
      </symbol>
      <symbol id="sm-388">
         <name>U$$TOFS</name>
         <value>0x3fa715</value>
         <object_component_ref idref="oc-ff"/>
      </symbol>
      <symbol id="sm-39d">
         <name>__unlock</name>
         <value>0x3fb486</value>
         <object_component_ref idref="oc-11e"/>
      </symbol>
      <symbol id="sm-39e">
         <name>__lock</name>
         <value>0x3fb484</value>
         <object_component_ref idref="oc-111"/>
      </symbol>
      <symbol id="sm-39f">
         <name>__register_lock</name>
         <value>0x3fa733</value>
         <object_component_ref idref="oc-11c"/>
      </symbol>
      <symbol id="sm-3a0">
         <name>__nop</name>
         <value>0x3fa737</value>
         <object_component_ref idref="oc-11c"/>
      </symbol>
      <symbol id="sm-3a1">
         <name>__register_unlock</name>
         <value>0x3fa72f</value>
         <object_component_ref idref="oc-11c"/>
      </symbol>
      <symbol id="sm-3b1">
         <name>__args_main</name>
         <value>0x3fa6e3</value>
         <object_component_ref idref="oc-10e"/>
      </symbol>
   </symbol_table>
   <title>Link successful</title>
</link_info>
